Component: ARM Compiler 5.06 update 7 (build 960) Tool: armlink [4d3601]

==============================================================================

Section Cross References

    uart_polling.o(i.putc) refers to uart_polling.o(i.uart_put_string) for uart_put_string
    uart_polling.o(i.putc) refers to uart_polling.o(i.uart_put_char) for uart_put_char
    uart_polling.o(i.uart_put_string) refers to uart_polling.o(i.uart_put_char) for uart_put_char
    uart_irq.o(i.UART0_IRQHandler) refers to uart_irq.o(.data) for g_send_char
    uart_irq.o(i.uart_irq_init) refers to k_msg.o(i.k_mbx_create) for k_mbx_create
    uart_irq.o(i.uart_irq_init) refers to uart_irq.o(i.__NVIC_EnableIRQ) for __NVIC_EnableIRQ
    uart_irq.o(i.uart_irq_init) refers to k_rtx_init.o(.data) for g_current_irq
    timer.o(i.TIMER0_IRQHandler) refers to timer.o(.data) for g_timer_count
    timer.o(i.timer_irq_init) refers to timer.o(.data) for g_timer_count
    hal.o(i.SVC_Handler) refers to k_rtx_init.o(i.k_rtx_init) for k_rtx_init
    hal.o(i.SVC_Handler) refers to k_mem.o(i.k_mpool_alloc) for k_mpool_alloc
    hal.o(i.SVC_Handler) refers to k_mem.o(i.k_mpool_dealloc) for k_mpool_dealloc
    hal.o(i.SVC_Handler) refers to k_mem.o(i.k_mpool_dump) for k_mpool_dump
    hal.o(i.SVC_Handler) refers to k_task.o(i.k_tsk_create) for k_tsk_create
    hal.o(i.SVC_Handler) refers to k_task.o(i.k_tsk_exit) for k_tsk_exit
    hal.o(i.SVC_Handler) refers to k_task.o(i.k_tsk_yield) for k_tsk_yield
    hal.o(i.SVC_Handler) refers to k_task.o(i.k_tsk_set_prio) for k_tsk_set_prio
    hal.o(i.SVC_Handler) refers to k_task.o(i.k_tsk_get) for k_tsk_get
    hal.o(i.SVC_Handler) refers to k_task.o(i.k_tsk_gettid) for k_tsk_gettid
    hal.o(i.SVC_Handler) refers to k_task.o(i.k_tsk_ls) for k_tsk_ls
    hal.o(i.SVC_Handler) refers to k_msg.o(i.k_mbx_create) for k_mbx_create
    hal.o(i.SVC_Handler) refers to k_msg.o(i.k_send_msg) for k_send_msg
    hal.o(i.SVC_Handler) refers to k_msg.o(i.k_send_msg_nb) for k_send_msg_nb
    hal.o(i.SVC_Handler) refers to k_msg.o(i.k_recv_msg) for k_recv_msg
    hal.o(i.SVC_Handler) refers to k_msg.o(i.k_recv_msg_nb) for k_recv_msg_nb
    hal.o(i.SVC_Handler) refers to k_msg.o(i.k_mbx_ls) for k_mbx_ls
    hal.o(i.SVC_Handler) refers to k_msg.o(i.k_mbx_get) for k_mbx_get
    hal.o(i.SVC_Handler) refers to k_task.o(i.k_rt_tsk_set) for k_rt_tsk_set
    hal.o(i.SVC_Handler) refers to k_task.o(i.k_rt_tsk_susp) for k_rt_tsk_susp
    hal.o(i.SVC_Handler) refers to k_task.o(i.k_rt_tsk_get) for k_rt_tsk_get
    k_mem.o(i.k_mem_init) refers to k_mem.o(i.k_mpool_create) for k_mpool_create
    k_mem.o(i.k_mpool_alloc) refers to k_mem_utils.o(i.check_size) for check_size
    k_mem.o(i.k_mpool_alloc) refers to math.o(i.upper_base2) for upper_base2
    k_mem.o(i.k_mpool_alloc) refers to math.o(i.log2_32) for log2_32
    k_mem.o(i.k_mpool_alloc) refers to k_mem_utils.o(i.get_FL_layer) for get_FL_layer
    k_mem.o(i.k_mpool_alloc) refers to k_mem_utils.o(i.split) for split
    k_mem.o(i.k_mpool_alloc) refers to freelist.o(i.FL_Remove) for FL_Remove
    k_mem.o(i.k_mpool_alloc) refers to k_mem_utils.o(i.get_size_from_FL_index) for get_size_from_FL_index
    k_mem.o(i.k_mpool_alloc) refers to k_mem_utils.o(i.get_x_value) for get_x_value
    k_mem.o(i.k_mpool_alloc) refers to k_mem_utils.o(i.xk_to_bit) for xk_to_bit
    k_mem.o(i.k_mpool_alloc) refers to bit_array.o(i.BA_Toggle) for BA_Toggle
    k_mem.o(i.k_mpool_alloc) refers to k_rtx_init.o(.data) for errno
    k_mem.o(i.k_mpool_alloc) refers to k_mem.o(.data) for mpool1_size
    k_mem.o(i.k_mpool_alloc) refers to k_mem.o(.bss) for IRAM1_Bit_Array
    k_mem.o(i.k_mpool_create) refers to math.o(i.log2_32) for log2_32
    k_mem.o(i.k_mpool_create) refers to freelist.o(i.FL_Insert) for FL_Insert
    k_mem.o(i.k_mpool_create) refers to k_rtx_init.o(.data) for errno
    k_mem.o(i.k_mpool_create) refers to k_mem.o(.data) for mpool1_size
    k_mem.o(i.k_mpool_create) refers to k_mem.o(.bss) for IRAM1_FL_Array
    k_mem.o(i.k_mpool_dealloc) refers to k_mem_utils.o(i.xk_to_bit) for xk_to_bit
    k_mem.o(i.k_mpool_dealloc) refers to bit_array.o(i.BA_Get) for BA_Get
    k_mem.o(i.k_mpool_dealloc) refers to bit_array.o(i.BA_Toggle) for BA_Toggle
    k_mem.o(i.k_mpool_dealloc) refers to k_mem_utils.o(i.coalesce) for coalesce
    k_mem.o(i.k_mpool_dealloc) refers to k_mem_utils.o(i.get_size_from_FL_index) for get_size_from_FL_index
    k_mem.o(i.k_mpool_dealloc) refers to k_mem_utils.o(i.x_value_to_address) for x_value_to_address
    k_mem.o(i.k_mpool_dealloc) refers to freelist.o(i.FL_Insert) for FL_Insert
    k_mem.o(i.k_mpool_dealloc) refers to k_rtx_init.o(.data) for errno
    k_mem.o(i.k_mpool_dealloc) refers to k_mem.o(.data) for mpool1_size
    k_mem.o(i.k_mpool_dealloc) refers to k_mem.o(.bss) for IRAM1_Bit_Array
    k_mem.o(i.k_mpool_dump) refers to k_mem_utils.o(i.get_size_from_FL_index) for get_size_from_FL_index
[...]
    libinit.o(.ARM.Collect$$libinit$$00000000) refers (Special) to libinit2.o(.ARM.Collect$$libinit$$0000000C) for __rt_lib_init_user_alloc_1
    ae.o(i.ae_init) refers to ae.o(i.ae_set_sys_info) for ae_set_sys_info
    ae.o(i.ae_init) refers to ae.o(i.ae_set_init_tasks_info) for ae_set_init_tasks_info
    ae.o(i.ae_set_init_tasks_info) refers to ae_tasks13_g30.o(i.set_ae_init_tasks) for set_ae_init_tasks
    libspace.o(.text) refers to libspace.o(.bss) for __libspace_start
    rtexit.o(.ARM.Collect$$rtexit$$00000000) refers (Special) to rtexit2.o(.ARM.Collect$$rtexit$$00000004) for __rt_exit_exit
    rtexit.o(.ARM.Collect$$rtexit$$00000000) refers (Special) to rtexit2.o(.ARM.Collect$$rtexit$$00000003) for __rt_exit_ls
    rtexit.o(.ARM.Collect$$rtexit$$00000000) refers (Special) to rtexit2.o(.ARM.Collect$$rtexit$$00000002) for __rt_exit_prels_1
    rtexit.o(.ARM.exidx) refers (Special) to rtexit2.o(.ARM.Collect$$rtexit$$00000004) for __rt_exit_exit
    rtexit.o(.ARM.exidx) refers (Special) to rtexit2.o(.ARM.Collect$$rtexit$$00000003) for __rt_exit_ls
    rtexit.o(.ARM.exidx) refers (Special) to rtexit2.o(.ARM.Collect$$rtexit$$00000002) for __rt_exit_prels_1
    rtexit.o(.ARM.exidx) refers to rtexit.o(.ARM.Collect$$rtexit$$00000000) for .ARM.Collect$$rtexit$$00000000
    rt_raise.o(.text) refers to __raise.o(.text) for __raise
    rt_raise.o(.text) refers to sys_exit.o(.text) for _sys_exit
    defsig_exit.o(.text) refers to sys_exit.o(.text) for _sys_exit
    defsig_fpe_inner.o(.text) refers to defsig_general.o(.text) for __default_signal_display
    libinit2.o(.ARM.Collect$$libinit$$00000010) refers to libinit2.o(.ARM.Collect$$libinit$$0000000F) for .ARM.Collect$$libinit$$0000000F
    libinit2.o(.ARM.Collect$$libinit$$00000012) refers to libinit2.o(.ARM.Collect$$libinit$$0000000F) for .ARM.Collect$$libinit$$0000000F
    libinit2.o(.ARM.Collect$$libinit$$00000014) refers to libinit2.o(.ARM.Collect$$libinit$$0000000F) for .ARM.Collect$$libinit$$0000000F
    libinit2.o(.ARM.Collect$$libinit$$00000016) refers to libinit2.o(.ARM.Collect$$libinit$$0000000F) for .ARM.Collect$$libinit$$0000000F
    libinit2.o(.ARM.Collect$$libinit$$00000018) refers to libinit2.o(.ARM.Collect$$libinit$$0000000F) for .ARM.Collect$$libinit$$0000000F
    libinit2.o(.ARM.Collect$$libinit$$00000026) refers to argv_veneer.o(.emb_text) for __ARM_argv_veneer
    libinit2.o(.ARM.Collect$$libinit$$00000027) refers to argv_veneer.o(.emb_text) for __ARM_argv_veneer
    ae_tasks13_g30.o(i.set_ae_init_tasks) refers to ae_tasks13_g30.o(i.set_ae_tasks) for set_ae_tasks
    ae_tasks13_g30.o(i.set_ae_init_tasks) refers to ae_tasks13_g30.o(.bss) for g_init_tasks
    ae_tasks13_g30.o(i.set_ae_tasks) refers to ae_tasks13_g30.o(i.task0) for task0
    ae_tasks13_g30.o(i.set_ae_tasks) refers to ae_tasks13_g30.o(i.task1) for task1
    ae_tasks13_g30.o(i.task0) refers to printf.o(i.tfp_printf) for tfp_printf
    ae_tasks13_g30.o(i.task0) refers to printf.o(i.tfp_sprintf) for tfp_sprintf
    ae_tasks13_g30.o(i.task1) refers to printf.o(i.tfp_printf) for tfp_printf
    ae_tasks13_g30.o(i.task1) refers to printf.o(i.tfp_sprintf) for tfp_sprintf
    sys_exit.o(.text) refers (Special) to use_no_semi.o(.text) for __I$use$semihosting
    sys_exit.o(.text) refers (Special) to indicate_semi.o(.text) for __semihosting_library_function
    rtexit2.o(.ARM.Collect$$rtexit$$00000003) refers to libshutdown.o(.ARM.Collect$$libshutdown$$00000000) for __rt_lib_shutdown
    rtexit2.o(.ARM.Collect$$rtexit$$00000004) refers to sys_exit.o(.text) for _sys_exit
    rtexit2.o(.ARM.exidx) refers to rtexit2.o(.ARM.Collect$$rtexit$$00000001) for .ARM.Collect$$rtexit$$00000001
    rtexit2.o(.ARM.exidx) refers to rtexit2.o(.ARM.Collect$$rtexit$$00000003) for .ARM.Collect$$rtexit$$00000003
    rtexit2.o(.ARM.exidx) refers to rtexit2.o(.ARM.Collect$$rtexit$$00000004) for .ARM.Collect$$rtexit$$00000004
    __raise.o(.text) refers to defsig.o(CL$$defsig) for __default_signal_handler
    defsig_general.o(.text) refers to sys_wrch.o(.text) for _ttywrch
    argv_veneer.o(.emb_text) refers to no_argv.o(.text) for __ARM_get_argv
    sys_wrch.o(.text) refers (Special) to use_no_semi.o(.text) for __I$use$semihosting
    sys_wrch.o(.text) refers (Special) to indicate_semi.o(.text) for __semihosting_library_function
    defsig.o(CL$$defsig) refers to defsig_fpe_inner.o(.text) for __rt_SIGFPE_inner
    defsig.o(CL$$defsig) refers to defsig_rtmem_inner.o(.text) for __rt_SIGRTMEM_inner
    _get_argv_nomalloc.o(.text) refers (Special) to hrguard.o(.text) for __heap_region$guard
    _get_argv_nomalloc.o(.text) refers to defsig_rtmem_outer.o(.text) for __rt_SIGRTMEM
    _get_argv_nomalloc.o(.text) refers to sys_command.o(.text) for _sys_command_string
    libshutdown.o(.ARM.Collect$$libshutdown$$00000000) refers (Special) to libshutdown2.o(.ARM.Collect$$libshutdown$$00000004) for __rt_lib_shutdown_cpp_1
    libshutdown.o(.ARM.Collect$$libshutdown$$00000000) refers (Special) to libshutdown2.o(.ARM.Collect$$libshutdown$$00000002) for __rt_lib_shutdown_fini_1
    libshutdown.o(.ARM.Collect$$libshutdown$$00000000) refers (Special) to libshutdown2.o(.ARM.Collect$$libshutdown$$00000009) for __rt_lib_shutdown_fp_trap_1
    libshutdown.o(.ARM.Collect$$libshutdown$$00000000) refers (Special) to libshutdown2.o(.ARM.Collect$$libshutdown$$00000011) for __rt_lib_shutdown_heap_1
    libshutdown.o(.ARM.Collect$$libshutdown$$00000000) refers (Special) to libshutdown2.o(.ARM.Collect$$libshutdown$$00000012) for __rt_lib_shutdown_return
    libshutdown.o(.ARM.Collect$$libshutdown$$00000000) refers (Special) to libshutdown2.o(.ARM.Collect$$libshutdown$$0000000C) for __rt_lib_shutdown_signal_1
    libshutdown.o(.ARM.Collect$$libshutdown$$00000000) refers (Special) to libshutdown2.o(.ARM.Collect$$libshutdown$$00000006) for __rt_lib_shutdown_stdio_1
    libshutdown.o(.ARM.Collect$$libshutdown$$00000000) refers (Special) to libshutdown2.o(.ARM.Collect$$libshutdown$$0000000E) for __rt_lib_shutdown_user_alloc_1
    sys_command.o(.text) refers (Special) to use_no_semi.o(.text) for __I$use$semihosting
    sys_command.o(.text) refers (Special) to indicate_semi.o(.text) for __semihosting_library_function
    defsig_abrt_inner.o(.text) refers to defsig_general.o(.text) for __default_signal_display
    defsig_rtred_inner.o(.text) refers to defsig_general.o(.text) for __default_signal_display
    defsig_rtmem_inner.o(.text) refers to defsig_general.o(.text) for __default_signal_display
    defsig_rtmem_outer.o(.text) refers to defsig_rtmem_inner.o(.text) for __rt_SIGRTMEM_inner
    defsig_rtmem_outer.o(.text) refers to defsig_exit.o(.text) for __sig_exit
    defsig_rtmem_formal.o(.text) refers to rt_raise.o(.text) for __rt_raise
    defsig_stak_inner.o(.text) refers to defsig_general.o(.text) for __default_signal_display
    defsig_pvfn_inner.o(.text) refers to defsig_general.o(.text) for __default_signal_display
    defsig_cppl_inner.o(.text) refers to defsig_general.o(.text) for __default_signal_display
    defsig_segv_inner.o(.text) refers to defsig_general.o(.text) for __default_signal_display
    defsig_other.o(.text) refers to defsig_general.o(.text) for __default_signal_display


==============================================================================

Removing Unused input sections from the image.

    Removing uart_polling.o(.rev16_text), (4 bytes).
    Removing uart_polling.o(.revsh_text), (4 bytes).
    Removing uart_polling.o(.rrx_text), (6 bytes).
    Removing uart_polling.o(i.uart_get_char), (48 bytes).
    Removing uart_irq.o(.rev16_text), (4 bytes).
    Removing uart_irq.o(.revsh_text), (4 bytes).
    Removing uart_irq.o(.rrx_text), (6 bytes).
    Removing timer.o(.rev16_text), (4 bytes).
    Removing timer.o(.revsh_text), (4 bytes).
    Removing timer.o(.rrx_text), (6 bytes).
    Removing timer.o(i.get_tick), (72 bytes).
    Removing timer.o(i.timer_freerun_init), (152 bytes).
    Removing timer.o(i.timer_irq_init), (128 bytes).
    Removing hal.o(.rev16_text), (4 bytes).
    Removing hal.o(.revsh_text), (4 bytes).
    Removing hal.o(.rrx_text), (6 bytes).
    Removing k_mem.o(.rev16_text), (4 bytes).
    Removing k_mem.o(.revsh_text), (4 bytes).
    Removing k_mem.o(.rrx_text), (6 bytes).
    Removing k_mem.o(.constdata), (8 bytes).
    Removing k_msg.o(.rev16_text), (4 bytes).
    Removing k_msg.o(.revsh_text), (4 bytes).
    Removing k_msg.o(.rrx_text), (6 bytes).
    Removing k_rtx_init.o(.rev16_text), (4 bytes).
    Removing k_rtx_init.o(.revsh_text), (4 bytes).
    Removing k_rtx_init.o(.rrx_text), (6 bytes).
    Removing k_rtx_init.o(i.k_get_sys_info), (6 bytes).
    Removing k_task.o(.rev16_text), (4 bytes).
    Removing k_task.o(.revsh_text), (4 bytes).
    Removing k_task.o(.rrx_text), (6 bytes).
    Removing cdisp_task.o(.rev16_text), (4 bytes).
    Removing cdisp_task.o(.revsh_text), (4 bytes).
    Removing cdisp_task.o(.rrx_text), (6 bytes).
    Removing kcd_task.o(.rev16_text), (4 bytes).
    Removing kcd_task.o(.revsh_text), (4 bytes).
    Removing kcd_task.o(.rrx_text), (6 bytes).
    Removing null_task.o(.rev16_text), (4 bytes).
    Removing null_task.o(.revsh_text), (4 bytes).
    Removing null_task.o(.rrx_text), (6 bytes).
    Removing wall_clock_task.o(i.task_wall_clock), (2 bytes).
    Removing math.o(i.num_nodes_in_bbit_tree), (14 bytes).
    Removing math.o(i.pow_base_2), (8 bytes).
    Removing bit_array.o(i.BA_Print), (56 bytes).
    Removing cbuf.o(.rev16_text), (4 bytes).
    Removing cbuf.o(.revsh_text), (4 bytes).
    Removing cbuf.o(.rrx_text), (6 bytes).
    Removing system_lpc17xx.o(.rev16_text), (4 bytes).
    Removing system_lpc17xx.o(.revsh_text), (4 bytes).
    Removing system_lpc17xx.o(.rrx_text), (6 bytes).
    Removing system_lpc17xx.o(i.SystemCoreClockUpdate), (424 bytes).
    Removing system_lpc17xx.o(.data), (4 bytes).
    Removing main.o(.rev16_text), (4 bytes).
    Removing main.o(.revsh_text), (4 bytes).
    Removing ae.o(i.ae_exit), (4 bytes).

54 unused section(s) (total 1116 bytes) removed from the image.

==============================================================================

Image Symbol Table

    Local Symbols

    Symbol Name                              Value     Ov Type        Size  Object(Section)

    ../clib/angel/boardlib.s                 0x00000000   Number         0  boardinit3.o ABSOLUTE
    ../clib/angel/boardlib.s                 0x00000000   Number         0  boardshut.o ABSOLUTE
    ../clib/angel/boardlib.s                 0x00000000   Number         0  boardinit1.o ABSOLUTE
    ../clib/angel/boardlib.s                 0x00000000   Number         0  boardinit2.o ABSOLUTE
    ../clib/angel/handlers.s                 0x00000000   Number         0  __scatter_zi.o ABSOLUTE
    ../clib/angel/handlers.s                 0x00000000   Number         0  __scatter_copy.o ABSOLUTE
    ../clib/angel/kernel.s                   0x00000000   Number         0  __rtentry.o ABSOLUTE
    ../clib/angel/kernel.s                   0x00000000   Number         0  rtexit.o ABSOLUTE
    ../clib/angel/kernel.s                   0x00000000   Number         0  rtexit2.o ABSOLUTE
    ../clib/angel/kernel.s                   0x00000000   Number         0  __rtentry2.o ABSOLUTE
    ../clib/angel/kernel.s                   0x00000000   Number         0  __rtentry4.o ABSOLUTE
    ../clib/angel/rt.s                       0x00000000   Number         0  rt_raise.o ABSOLUTE
    ../clib/angel/rt.s                       0x00000000   Number         0  aeabi_ldiv0.o ABSOLUTE
    ../clib/angel/rt.s                       0x00000000   Number         0  aeabi_ldiv0_sigfpe.o ABSOLUTE
    ../clib/angel/rt.s                       0x00000000   Number         0  rt_div0.o ABSOLUTE
    ../clib/angel/scatter.s                  0x00000000   Number         0  __scatter.o ABSOLUTE
    ../clib/angel/startup.s                  0x00000000   Number         0  __main.o ABSOLUTE
    ../clib/angel/sys.s                      0x00000000   Number         0  use_no_semi.o ABSOLUTE
    ../clib/angel/sys.s                      0x00000000   Number         0  indicate_semi.o ABSOLUTE
    ../clib/angel/sys.s                      0x00000000   Number         0  libspace.o ABSOLUTE
    ../clib/angel/sys.s                      0x00000000   Number         0  sys_stackheap_outer.o ABSOLUTE
    ../clib/angel/sysapp.c                   0x00000000   Number         0  sys_command.o ABSOLUTE
    ../clib/angel/sysapp.c                   0x00000000   Number         0  sys_exit.o ABSOLUTE
    ../clib/angel/sysapp.c                   0x00000000   Number         0  sys_wrch.o ABSOLUTE
    ../clib/armsys.c                         0x00000000   Number         0  no_argv.o ABSOLUTE
    ../clib/armsys.c                         0x00000000   Number         0  _get_argv_nomalloc.o ABSOLUTE
    ../clib/armsys.c                         0x00000000   Number         0  argv_veneer.o ABSOLUTE
    ../clib/armsys.c                         0x00000000   Number         0  argv_veneer.o ABSOLUTE
    ../clib/heapalloc.c                      0x00000000   Number         0  hrguard.o ABSOLUTE
    ../clib/heapaux.c                        0x00000000   Number         0  heapauxi.o ABSOLUTE
    ../clib/libinit.s                        0x00000000   Number         0  libinit2.o ABSOLUTE
    ../clib/libinit.s                        0x00000000   Number         0  libshutdown.o ABSOLUTE
    ../clib/libinit.s                        0x00000000   Number         0  libshutdown2.o ABSOLUTE
    ../clib/libinit.s                        0x00000000   Number         0  libinit.o ABSOLUTE
    ../clib/longlong.s                       0x00000000   Number         0  lludivv7m.o ABSOLUTE
    ../clib/memcpset.s                       0x00000000   Number         0  rt_memcpy_w.o ABSOLUTE
    ../clib/memcpset.s                       0x00000000   Number         0  rt_memclr_w.o ABSOLUTE
    ../clib/signal.c                         0x00000000   Number         0  defsig_fpe_inner.o ABSOLUTE
    ../clib/signal.c                         0x00000000   Number         0  defsig_exit.o ABSOLUTE
    ../clib/signal.c                         0x00000000   Number         0  defsig_fpe_formal.o ABSOLUTE
    ../clib/signal.c                         0x00000000   Number         0  defsig_fpe_outer.o ABSOLUTE
    ../clib/signal.c                         0x00000000   Number         0  defsig_other.o ABSOLUTE
    ../clib/signal.c                         0x00000000   Number         0  defsig_segv_inner.o ABSOLUTE
    ../clib/signal.c                         0x00000000   Number         0  defsig_cppl_inner.o ABSOLUTE
    ../clib/signal.c                         0x00000000   Number         0  defsig_pvfn_inner.o ABSOLUTE
    ../clib/signal.c                         0x00000000   Number         0  defsig_stak_inner.o ABSOLUTE
    ../clib/signal.c                         0x00000000   Number         0  defsig_rtmem_formal.o ABSOLUTE
    ../clib/signal.c                         0x00000000   Number         0  defsig_rtmem_outer.o ABSOLUTE
    ../clib/signal.c                         0x00000000   Number         0  defsig_rtmem_inner.o ABSOLUTE
    ../clib/signal.c                         0x00000000   Number         0  defsig_abrt_inner.o ABSOLUTE
    ../clib/signal.c                         0x00000000   Number         0  defsig_rtred_inner.o ABSOLUTE
    ../clib/signal.c                         0x00000000   Number         0  defsig_general.o ABSOLUTE
    ../clib/signal.c                         0x00000000   Number         0  __raise.o ABSOLUTE
    ../clib/signal.s                         0x00000000   Number         0  defsig.o ABSOLUTE
    ../clib/stdlib.c                         0x00000000   Number         0  exit.o ABSOLUTE
    ../fplib/fpinit.s                        0x00000000   Number         0  fpinit.o ABSOLUTE
    RTE\Device\LPC1768\startup_LPC17xx.s     0x00000000   Number         0  startup_lpc17xx.o ABSOLUTE
    RTE\Device\LPC1768\system_LPC17xx.c      0x00000000   Number         0  system_lpc17xx.o ABSOLUTE
    RTE\\Device\\LPC1768\\system_LPC17xx.c   0x00000000   Number         0  system_lpc17xx.o ABSOLUTE
    dc.s                                     0x00000000   Number         0  dc.o ABSOLUTE
    src\\bsp\\LPC1768\\timer.c               0x00000000   Number         0  timer.o ABSOLUTE
    src\\bsp\\LPC1768\\uart_irq.c            0x00000000   Number         0  uart_irq.o ABSOLUTE
    src\\bsp\\LPC1768\\uart_polling.c        0x00000000   Number         0  uart_polling.o ABSOLUTE
    src\\common\\cbuf.c                      0x00000000   Number         0  cbuf.o ABSOLUTE
    src\\kernel\\HAL.c                       0x00000000   Number         0  hal.o ABSOLUTE
    src\\kernel\\k_mem.c                     0x00000000   Number         0  k_mem.o ABSOLUTE
    src\\kernel\\k_msg.c                     0x00000000   Number         0  k_msg.o ABSOLUTE
    src\\kernel\\k_rtx_init.c                0x00000000   Number         0  k_rtx_init.o ABSOLUTE
    src\\kernel\\k_task.c                    0x00000000   Number         0  k_task.o ABSOLUTE
    src\\main.c                              0x00000000   Number         0  main.o ABSOLUTE
    src\\tasks\\cdisp_task.c                 0x00000000   Number         0  cdisp_task.o ABSOLUTE
    src\\tasks\\kcd_task.c                   0x00000000   Number         0  kcd_task.o ABSOLUTE
    src\\tasks\\null_task.c                  0x00000000   Number         0  null_task.o ABSOLUTE
    src\ae\ae.c                              0x00000000   Number         0  ae.o ABSOLUTE
    src\ae\ae_tasks13_g30.c                  0x00000000   Number         0  ae_tasks13_g30.o ABSOLUTE
    src\bsp\LPC1768\timer.c                  0x00000000   Number         0  timer.o ABSOLUTE
    src\bsp\LPC1768\uart_irq.c               0x00000000   Number         0  uart_irq.o ABSOLUTE
    src\bsp\LPC1768\uart_polling.c           0x00000000   Number         0  uart_polling.o ABSOLUTE
    src\common\bit_array.c                   0x00000000   Number         0  bit_array.o ABSOLUTE
    src\common\cbuf.c                        0x00000000   Number         0  cbuf.o ABSOLUTE
    src\common\freelist.c                    0x00000000   Number         0  freelist.o ABSOLUTE
    src\common\k_mem_utils.c                 0x00000000   Number         0  k_mem_utils.o ABSOLUTE
    src\common\math.c                        0x00000000   Number         0  math.o ABSOLUTE
    src\common\msg_buf.c                     0x00000000   Number         0  msg_buf.o ABSOLUTE
    src\kernel\HAL.c                         0x00000000   Number         0  hal.o ABSOLUTE
    src\kernel\k_mem.c                       0x00000000   Number         0  k_mem.o ABSOLUTE
    src\kernel\k_msg.c                       0x00000000   Number         0  k_msg.o ABSOLUTE
    src\kernel\k_rtx_init.c                  0x00000000   Number         0  k_rtx_init.o ABSOLUTE
    src\kernel\k_task.c                      0x00000000   Number         0  k_task.o ABSOLUTE
    src\libu\printf.c                        0x00000000   Number         0  printf.o ABSOLUTE
    src\main.c                               0x00000000   Number         0  main.o ABSOLUTE
    src\tasks\cdisp_task.c                   0x00000000   Number         0  cdisp_task.o ABSOLUTE
    src\tasks\kcd_task.c                     0x00000000   Number         0  kcd_task.o ABSOLUTE
    src\tasks\null_task.c                    0x00000000   Number         0  null_task.o ABSOLUTE
    src\tasks\wall_clock_task.c              0x00000000   Number         0  wall_clock_task.o ABSOLUTE
    RESET                                    0x10000000   Section      204  startup_lpc17xx.o(RESET)
    !!!main                                  0x100000cc   Section        8  __main.o(!!!main)
    !!!scatter                               0x100000d4   Section       52  __scatter.o(!!!scatter)
    !!handler_copy                           0x10000108   Section       26  __scatter_copy.o(!!handler_copy)
    !!handler_zi                             0x10000124   Section       28  __scatter_zi.o(!!handler_zi)
    .ARM.Collect$$libinit$$00000000          0x10000140   Section        2  libinit.o(.ARM.Collect$$libinit$$00000000)
    .ARM.Collect$$libinit$$00000002          0x10000142   Section        0  libinit2.o(.ARM.Collect$$libinit$$00000002)
    .ARM.Collect$$libinit$$00000004          0x10000142   Section        0  libinit2.o(.ARM.Collect$$libinit$$00000004)
    .ARM.Collect$$libinit$$0000000A          0x10000142   Section        0  libinit2.o(.ARM.Collect$$libinit$$0000000A)
    .ARM.Collect$$libinit$$0000000C          0x10000142   Section        0  libinit2.o(.ARM.Collect$$libinit$$0000000C)
    .ARM.Collect$$libinit$$0000000E          0x10000142   Section        0  libinit2.o(.ARM.Collect$$libinit$$0000000E)
    .ARM.Collect$$libinit$$00000011          0x10000142   Section        0  libinit2.o(.ARM.Collect$$libinit$$00000011)
    .ARM.Collect$$libinit$$00000013          0x10000142   Section        0  libinit2.o(.ARM.Collect$$libinit$$00000013)
    .ARM.Collect$$libinit$$00000015          0x10000142   Section        0  libinit2.o(.ARM.Collect$$libinit$$00000015)
    .ARM.Collect$$libinit$$00000017          0x10000142   Section        0  libinit2.o(.ARM.Collect$$libinit$$00000017)
    .ARM.Collect$$libinit$$00000019          0x10000142   Section        0  libinit2.o(.ARM.Collect$$libinit$$00000019)
    .ARM.Collect$$libinit$$0000001B          0x10000142   Section        0  libinit2.o(.ARM.Collect$$libinit$$0000001B)
    .ARM.Collect$$libinit$$0000001D          0x10000142   Section        0  libinit2.o(.ARM.Collect$$libinit$$0000001D)
    .ARM.Collect$$libinit$$0000001F          0x10000142   Section        0  libinit2.o(.ARM.Collect$$libinit$$0000001F)
    .ARM.Collect$$libinit$$00000021          0x10000142   Section        0  libinit2.o(.ARM.Collect$$libinit$$00000021)
    .ARM.Collect$$libinit$$00000023          0x10000142   Section        0  libinit2.o(.ARM.Collect$$libinit$$00000023)
    .ARM.Collect$$libinit$$00000025          0x10000142   Section        0  libinit2.o(.ARM.Collect$$libinit$$00000025)
    .ARM.Collect$$libinit$$0000002C          0x10000142   Section        0  libinit2.o(.ARM.Collect$$libinit$$0000002C)
    .ARM.Collect$$libinit$$0000002E          0x10000142   Section        0  libinit2.o(.ARM.Collect$$libinit$$0000002E)
    .ARM.Collect$$libinit$$00000030          0x10000142   Section        0  libinit2.o(.ARM.Collect$$libinit$$00000030)
    .ARM.Collect$$libinit$$00000032          0x10000142   Section        0  libinit2.o(.ARM.Collect$$libinit$$00000032)
    .ARM.Collect$$libinit$$00000033          0x10000142   Section        2  libinit2.o(.ARM.Collect$$libinit$$00000033)
    .ARM.Collect$$libshutdown$$00000000      0x10000144   Section        2  libshutdown.o(.ARM.Collect$$libshutdown$$00000000)
    .ARM.Collect$$libshutdown$$00000002      0x10000146   Section        0  libshutdown2.o(.ARM.Collect$$libshutdown$$00000002)
    .ARM.Collect$$libshutdown$$00000004      0x10000146   Section        0  libshutdown2.o(.ARM.Collect$$libshutdown$$00000004)
    .ARM.Collect$$libshutdown$$00000006      0x10000146   Section        0  libshutdown2.o(.ARM.Collect$$libshutdown$$00000006)
    .ARM.Collect$$libshutdown$$00000009      0x10000146   Section        0  libshutdown2.o(.ARM.Collect$$libshutdown$$00000009)
    .ARM.Collect$$libshutdown$$0000000C      0x10000146   Section        0  libshutdown2.o(.ARM.Collect$$libshutdown$$0000000C)
    .ARM.Collect$$libshutdown$$0000000E      0x10000146   Section        0  libshutdown2.o(.ARM.Collect$$libshutdown$$0000000E)
    .ARM.Collect$$libshutdown$$00000011      0x10000146   Section        0  libshutdown2.o(.ARM.Collect$$libshutdown$$00000011)
    .ARM.Collect$$libshutdown$$00000012      0x10000146   Section        2  libshutdown2.o(.ARM.Collect$$libshutdown$$00000012)
    .ARM.Collect$$rtentry$$00000000          0x10000148   Section        0  __rtentry.o(.ARM.Collect$$rtentry$$00000000)
    .ARM.Collect$$rtentry$$00000002          0x10000148   Section        0  __rtentry2.o(.ARM.Collect$$rtentry$$00000002)
    .ARM.Collect$$rtentry$$00000004          0x10000148   Section        6  __rtentry4.o(.ARM.Collect$$rtentry$$00000004)
    .ARM.Collect$$rtentry$$00000009          0x1000014e   Section        0  __rtentry2.o(.ARM.Collect$$rtentry$$00000009)
    .ARM.Collect$$rtentry$$0000000A          0x1000014e   Section        4  __rtentry2.o(.ARM.Collect$$rtentry$$0000000A)
    .ARM.Collect$$rtentry$$0000000C          0x10000152   Section        0  __rtentry2.o(.ARM.Collect$$rtentry$$0000000C)
    .ARM.Collect$$rtentry$$0000000D          0x10000152   Section        8  __rtentry2.o(.ARM.Collect$$rtentry$$0000000D)
    .ARM.Collect$$rtexit$$00000000           0x1000015a   Section        2  rtexit.o(.ARM.Collect$$rtexit$$00000000)
    .ARM.Collect$$rtexit$$00000002           0x1000015c   Section        0  rtexit2.o(.ARM.Collect$$rtexit$$00000002)
    .ARM.Collect$$rtexit$$00000003           0x1000015c   Section        4  rtexit2.o(.ARM.Collect$$rtexit$$00000003)
    .ARM.Collect$$rtexit$$00000004           0x10000160   Section        6  rtexit2.o(.ARM.Collect$$rtexit$$00000004)
    .emb_text                                0x10000168   Section        8  hal.o(.emb_text)
    .emb_text                                0x10000170   Section       50  k_task.o(.emb_text)
    .text                                    0x100001a4   Section       60  startup_lpc17xx.o(.text)
    .text                                    0x100001e0   Section      100  rt_memcpy_w.o(.text)
    .text                                    0x10000244   Section       78  rt_memclr_w.o(.text)
    .text                                    0x10000292   Section        0  heapauxi.o(.text)
    .text                                    0x10000298   Section       74  sys_stackheap_outer.o(.text)
    .text                                    0x100002e2   Section        0  exit.o(.text)
    .text                                    0x100002f4   Section        8  libspace.o(.text)
    .text                                    0x100002fc   Section        0  sys_exit.o(.text)
    .text                                    0x10000308   Section        2  use_no_semi.o(.text)
    .text                                    0x1000030a   Section        0  indicate_semi.o(.text)
    i.BA_Get                                 0x1000030a   Section        0  bit_array.o(i.BA_Get)
    i.BA_Toggle                              0x1000031e   Section        0  bit_array.o(i.BA_Toggle)
    i.FL_Insert                              0x10000338   Section        0  freelist.o(i.FL_Insert)
    i.FL_Insert_After                        0x10000358   Section        0  freelist.o(i.FL_Insert_After)
    i.FL_Insert_Back                         0x100003bc   Section        0  freelist.o(i.FL_Insert_Back)
    i.FL_Pop                                 0x1000040c   Section        0  freelist.o(i.FL_Pop)
    i.FL_Print                               0x1000041c   Section        0  freelist.o(i.FL_Print)
    i.FL_Remove                              0x10000454   Section        0  freelist.o(i.FL_Remove)
    i.SVC_Handler                            0x10000480   Section        0  hal.o(i.SVC_Handler)
    i.SystemInit                             0x100005d8   Section        0  system_lpc17xx.o(i.SystemInit)
    i.TIMER0_IRQHandler                      0x10000718   Section        0  timer.o(i.TIMER0_IRQHandler)
    i.UART0_IRQHandler                       0x10000730   Section        0  uart_irq.o(i.UART0_IRQHandler)
    i.__NVIC_EnableIRQ                       0x10000778   Section        0  uart_irq.o(i.__NVIC_EnableIRQ)
    __NVIC_EnableIRQ                         0x10000779   Thumb Code    34  uart_irq.o(i.__NVIC_EnableIRQ)
    i.a2d                                    0x1000079a   Section        0  printf.o(i.a2d)
    a2d                                      0x1000079b   Thumb Code    50  printf.o(i.a2d)
    i.a2i                                    0x100007cc   Section        0  printf.o(i.a2i)
    a2i                                      0x100007cd   Thumb Code    58  printf.o(i.a2i)
    i.ae_init                                0x10000806   Section        0  ae.o(i.ae_init)
    i.ae_set_init_tasks_info                 0x10000836   Section        0  ae.o(i.ae_set_init_tasks_info)
    i.ae_set_sys_info                        0x1000084c   Section        0  ae.o(i.ae_set_sys_info)
    i.cbuf_deepcopy                          0x10000862   Section        0  cbuf.o(i.cbuf_deepcopy)
    i.cbuf_destroy                           0x1000089c   Section        0  cbuf.o(i.cbuf_destroy)
    i.cbuf_init                              0x100008cc   Section        0  cbuf.o(i.cbuf_init)
    i.cbuf_insert_back                       0x10000904   Section        0  cbuf.o(i.cbuf_insert_back)
    i.cbuf_peek_front                        0x10000956   Section        0  cbuf.o(i.cbuf_peek_front)
    i.cbuf_remove_front                      0x10000990   Section        0  cbuf.o(i.cbuf_remove_front)
    i.check_size                             0x100009c4   Section        0  k_mem_utils.o(i.check_size)
    i.coalesce                               0x100009e4   Section        0  k_mem_utils.o(i.coalesce)
    i.get_FL_layer                           0x10000a40   Section        0  k_mem_utils.o(i.get_FL_layer)
    i.get_size_from_FL_index                 0x10000a46   Section        0  k_mem_utils.o(i.get_size_from_FL_index)
    i.get_x_value                            0x10000a50   Section        0  k_mem_utils.o(i.get_x_value)
    i.i2a                                    0x10000a5a   Section        0  printf.o(i.i2a)
    i2a                                      0x10000a5b   Thumb Code    32  printf.o(i.i2a)
    i.init_printf                            0x10000a7c   Section        0  printf.o(i.init_printf)
    i.k_mbx_create                           0x10000a90   Section        0  k_msg.o(i.k_mbx_create)
    i.k_mbx_destroy                          0x10000b20   Section        0  k_msg.o(i.k_mbx_destroy)
    i.k_mbx_empty_pq                         0x10000bdc   Section        0  k_msg.o(i.k_mbx_empty_pq)
    i.k_mbx_get                              0x10000c98   Section        0  k_msg.o(i.k_mbx_get)
    i.k_mbx_ls                               0x10000cdc   Section        0  k_msg.o(i.k_mbx_ls)
    i.k_mbx_sender_unblock_receiver          0x10000d3c   Section        0  k_msg.o(i.k_mbx_sender_unblock_receiver)
    i.k_mem_init                             0x10000df0   Section        0  k_mem.o(i.k_mem_init)
    i.k_mpool_alloc                          0x10000e30   Section        0  k_mem.o(i.k_mpool_alloc)
    i.k_mpool_create                         0x10000f64   Section        0  k_mem.o(i.k_mpool_create)
    i.k_mpool_dealloc                        0x10001010   Section        0  k_mem.o(i.k_mpool_dealloc)
    i.k_mpool_dump                           0x10001148   Section        0  k_mem.o(i.k_mpool_dump)
    i.k_pre_rtx_init                         0x100011d8   Section        0  k_rtx_init.o(i.k_pre_rtx_init)
    i.k_recv_msg                             0x10001204   Section        0  k_msg.o(i.k_recv_msg)
    i.k_recv_msg_nb                          0x1000129c   Section        0  k_msg.o(i.k_recv_msg_nb)
    i.k_rt_tsk_get                           0x10001338   Section        0  k_task.o(i.k_rt_tsk_get)
    i.k_rt_tsk_set                           0x10001352   Section        0  k_task.o(i.k_rt_tsk_set)
    i.k_rt_tsk_susp                          0x10001358   Section        0  k_task.o(i.k_rt_tsk_susp)
    i.k_rtx_init                             0x1000135c   Section        0  k_rtx_init.o(i.k_rtx_init)
    i.k_send_msg                             0x100013a0   Section        0  k_msg.o(i.k_send_msg)
    i.k_send_msg_nb                          0x10001558   Section        0  k_msg.o(i.k_send_msg_nb)
    i.k_tsk_create                           0x10001650   Section        0  k_task.o(i.k_tsk_create)
    i.k_tsk_create_new                       0x1000174c   Section        0  k_task.o(i.k_tsk_create_new)
    i.k_tsk_exit                             0x10001888   Section        0  k_task.o(i.k_tsk_exit)
    i.k_tsk_get                              0x10001904   Section        0  k_task.o(i.k_tsk_get)
    i.k_tsk_gettid                           0x100019a4   Section        0  k_task.o(i.k_tsk_gettid)
    i.k_tsk_init                             0x100019b0   Section        0  k_task.o(i.k_tsk_init)
    i.k_tsk_init_CDISP                       0x10001ab0   Section        0  k_task.o(i.k_tsk_init_CDISP)
    i.k_tsk_init_KCD                         0x10001acc   Section        0  k_task.o(i.k_tsk_init_KCD)
    i.k_tsk_init_first                       0x10001ae8   Section        0  k_task.o(i.k_tsk_init_first)
    i.k_tsk_ls                               0x10001b04   Section        0  k_task.o(i.k_tsk_ls)
    i.k_tsk_msg_triage                       0x10001b60   Section        0  k_task.o(i.k_tsk_msg_triage)
    i.k_tsk_run_new                          0x10001bb8   Section        0  k_task.o(i.k_tsk_run_new)
    i.k_tsk_set_prio                         0x10001c10   Section        0  k_task.o(i.k_tsk_set_prio)
    i.k_tsk_yield                            0x10001e04   Section        0  k_task.o(i.k_tsk_yield)
    i.log2_32                                0x10001e10   Section        0  math.o(i.log2_32)
    i.main                                   0x10001e3c   Section        0  main.o(i.main)
    i.msg_buf_check_space_used               0x10001ea4   Section        0  k_msg.o(i.msg_buf_check_space_used)
    msg_buf_check_space_used                 0x10001ea5   Thumb Code    16  k_msg.o(i.msg_buf_check_space_used)
    i.msg_buf_destroy                        0x10001eb4   Section        0  msg_buf.o(i.msg_buf_destroy)
    i.msg_buf_init                           0x10001ed4   Section        0  msg_buf.o(i.msg_buf_init)
    i.msg_buf_pq_full                        0x10001f0e   Section        0  msg_buf.o(i.msg_buf_pq_full)
    i.msg_buf_recieve                        0x10001f32   Section        0  msg_buf.o(i.msg_buf_recieve)
    i.msg_buf_send                           0x10001f9c   Section        0  msg_buf.o(i.msg_buf_send)
    i.msg_buf_space                          0x10001fea   Section        0  k_msg.o(i.msg_buf_space)
    msg_buf_space                            0x10001feb   Thumb Code    10  k_msg.o(i.msg_buf_space)
    i.print_all_tasks                        0x10001ff4   Section        0  kcd_task.o(i.print_all_tasks)
    i.print_error                            0x1000202c   Section        0  kcd_task.o(i.print_error)
    i.print_mailbox_tasks                    0x10002058   Section        0  kcd_task.o(i.print_mailbox_tasks)
    i.print_task                             0x100020a4   Section        0  kcd_task.o(i.print_task)
    i.putc                                   0x100020ec   Section        0  uart_polling.o(i.putc)
    i.putchw                                 0x10002130   Section        0  printf.o(i.putchw)
    putchw                                   0x10002131   Thumb Code    82  printf.o(i.putchw)
    i.putcp                                  0x10002182   Section        0  printf.o(i.putcp)
    putcp                                    0x10002183   Thumb Code    10  printf.o(i.putcp)
    i.scheduler                              0x1000218c   Section        0  k_task.o(i.scheduler)
    i.scheduler_triage                       0x100021dc   Section        0  k_task.o(i.scheduler_triage)
    i.set_ae_init_tasks                      0x10002244   Section        0  ae_tasks13_g30.o(i.set_ae_init_tasks)
    i.set_ae_tasks                           0x10002260   Section        0  ae_tasks13_g30.o(i.set_ae_tasks)
    i.split                                  0x100022a8   Section        0  k_mem_utils.o(i.split)
    i.task0                                  0x10002318   Section        0  ae_tasks13_g30.o(i.task0)
    i.task1                                  0x10002384   Section        0  ae_tasks13_g30.o(i.task1)
    i.task_cdisp                             0x100023fc   Section        0  cdisp_task.o(i.task_cdisp)
    i.task_kcd                               0x1000245c   Section        0  kcd_task.o(i.task_kcd)
    i.task_null                              0x10002624   Section        0  null_task.o(i.task_null)
    i.tfp_format                             0x1000262a   Section        0  printf.o(i.tfp_format)
    i.tfp_printf                             0x10002754   Section        0  printf.o(i.tfp_printf)
    i.tfp_sprintf                            0x10002780   Section        0  printf.o(i.tfp_sprintf)
    i.uart_init                              0x100027ac   Section        0  uart_polling.o(i.uart_init)
    i.uart_irq_init                          0x10002818   Section        0  uart_irq.o(i.uart_irq_init)
    i.uart_put_char                          0x100028e8   Section        0  uart_polling.o(i.uart_put_char)
    i.uart_put_string                        0x1000291c   Section        0  uart_polling.o(i.uart_put_string)
    i.ui2a                                   0x10002942   Section        0  printf.o(i.ui2a)
    ui2a                                     0x10002943   Thumb Code    86  printf.o(i.ui2a)
    i.upper_base2                            0x10002998   Section        0  math.o(i.upper_base2)
    i.x_value_to_address                     0x100029ba   Section        0  k_mem_utils.o(i.x_value_to_address)
    i.xk_to_bit                              0x100029c2   Section        0  k_mem_utils.o(i.xk_to_bit)
    .constdata                               0x100029d0   Section      128  math.o(.constdata)
    .data                                    0x10003d30   Section       31  uart_irq.o(.data)
    gp_buffer                                0x10003d40   Data           4  uart_irq.o(.data)
    buffer                                   0x10003d48   Data           4  uart_irq.o(.data)
    .data                                    0x10003d50   Section        4  timer.o(.data)
    .data                                    0x10003d54   Section       24  k_mem.o(.data)
    .data                                    0x10003d6c   Section        5  k_rtx_init.o(.data)
    .data                                    0x10003d74   Section       12  k_task.o(.data)
    .data                                    0x10003d80   Section        8  printf.o(.data)
    stdout_putf                              0x10003d80   Data           4  printf.o(.data)
    stdout_putp                              0x10003d84   Data           4  printf.o(.data)
    .data                                    0x10003d88   Section       16  main.o(.data)
    sys                                      0x10003d88   Data           8  main.o(.data)
    p_tasks                                  0x10003d90   Data           4  main.o(.data)
    num                                      0x10003d94   Data           4  main.o(.data)
    .bss                                     0x10003d98   Section      364  k_mem.o(.bss)
    .bss                                     0x10003f04   Section       80  k_rtx_init.o(.bss)
    .bss                                     0x10003f54   Section      952  k_task.o(.bss)
    .bss                                     0x1000430c   Section       96  libspace.o(.bss)
    .bss                                     0x1000436c   Section       24  ae_tasks13_g30.o(.bss)
    HEAP                                     0x10004388   Section        0  startup_lpc17xx.o(HEAP)
    STACK                                    0x10004388   Section      512  startup_lpc17xx.o(STACK)
    Heap_Mem                                 0x10004388   Data           0  startup_lpc17xx.o(HEAP)
    Stack_Mem                                0x10004388   Data         512  startup_lpc17xx.o(STACK)
    __initial_sp                             0x10004588   Data           0  startup_lpc17xx.o(STACK)

    Global Symbols

    Symbol Name                              Value     Ov Type        Size  Object(Section)

    BuildAttributes$$THM_ISAv4$P$D$K$B$S$PE$A:L22UL41UL21$X:L11$S22US41US21$IEEE1$IW$USESV6$~STKCKD$USESV7$~SHL$OSPACE$ROPI$EBA8$UX$STANDARDLIB$REQ8$PRES8$EABIv2 0x00000000   Number         0  anon$$obj.o ABSOLUTE
    __ARM_use_no_argv                        0x00000000   Number         0  main.o ABSOLUTE
    __ARM_exceptions_init                     - Undefined Weak Reference
    __alloca_initialize                       - Undefined Weak Reference
    __arm_fini_                               - Undefined Weak Reference
    __arm_preinit_                            - Undefined Weak Reference
    __cpp_initialize__aeabi_                  - Undefined Weak Reference
    __cxa_finalize                            - Undefined Weak Reference
    __rt_locale                               - Undefined Weak Reference
    __sigvec_lookup                           - Undefined Weak Reference
    _atexit_init                              - Undefined Weak Reference
    _call_atexit_fns                          - Undefined Weak Reference
    _clock_init                               - Undefined Weak Reference
    _fp_trap_init                             - Undefined Weak Reference
    _fp_trap_shutdown                         - Undefined Weak Reference
    _get_lc_collate                           - Undefined Weak Reference
    _get_lc_ctype                             - Undefined Weak Reference
    _get_lc_monetary                          - Undefined Weak Reference
    _get_lc_numeric                           - Undefined Weak Reference
    _get_lc_time                              - Undefined Weak Reference
    _getenv_init                              - Undefined Weak Reference
    _handle_redirection                       - Undefined Weak Reference
    _init_alloc                               - Undefined Weak Reference
    _init_user_alloc                          - Undefined Weak Reference
    _initio                                   - Undefined Weak Reference
    _rand_init                                - Undefined Weak Reference
    _signal_finish                            - Undefined Weak Reference
    _signal_init                              - Undefined Weak Reference
    _terminate_alloc                          - Undefined Weak Reference
    _terminate_user_alloc                     - Undefined Weak Reference
    _terminateio                              - Undefined Weak Reference
    __Vectors                                0x10000000   Data           4  startup_lpc17xx.o(RESET)
    __main                                   0x100000cd   Thumb Code     8  __main.o(!!!main)
    __scatterload                            0x100000d5   Thumb Code     0  __scatter.o(!!!scatter)
    __scatterload_rt2                        0x100000d5   Thumb Code    44  __scatter.o(!!!scatter)
    __scatterload_rt2_thumb_only             0x100000d5   Thumb Code     0  __scatter.o(!!!scatter)
    __scatterload_null                       0x100000e3   Thumb Code     0  __scatter.o(!!!scatter)
    __scatterload_copy                       0x10000109   Thumb Code    26  __scatter_copy.o(!!handler_copy)
    __scatterload_zeroinit                   0x10000125   Thumb Code    28  __scatter_zi.o(!!handler_zi)
    __rt_lib_init                            0x10000141   Thumb Code     0  libinit.o(.ARM.Collect$$libinit$$00000000)
    __rt_lib_init_alloca_1                   0x10000143   Thumb Code     0  libinit2.o(.ARM.Collect$$libinit$$0000002E)
    __rt_lib_init_argv_1                     0x10000143   Thumb Code     0  libinit2.o(.ARM.Collect$$libinit$$0000002C)
    __rt_lib_init_atexit_1                   0x10000143   Thumb Code     0  libinit2.o(.ARM.Collect$$libinit$$0000001B)
    __rt_lib_init_clock_1                    0x10000143   Thumb Code     0  libinit2.o(.ARM.Collect$$libinit$$00000021)
    __rt_lib_init_cpp_1                      0x10000143   Thumb Code     0  libinit2.o(.ARM.Collect$$libinit$$00000032)
    __rt_lib_init_exceptions_1               0x10000143   Thumb Code     0  libinit2.o(.ARM.Collect$$libinit$$00000030)
    __rt_lib_init_fp_1                       0x10000143   Thumb Code     0  libinit2.o(.ARM.Collect$$libinit$$00000002)
    __rt_lib_init_fp_trap_1                  0x10000143   Thumb Code     0  libinit2.o(.ARM.Collect$$libinit$$0000001F)
    __rt_lib_init_getenv_1                   0x10000143   Thumb Code     0  libinit2.o(.ARM.Collect$$libinit$$00000023)
    __rt_lib_init_heap_1                     0x10000143   Thumb Code     0  libinit2.o(.ARM.Collect$$libinit$$0000000A)
    __rt_lib_init_lc_collate_1               0x10000143   Thumb Code     0  libinit2.o(.ARM.Collect$$libinit$$00000011)
    __rt_lib_init_lc_ctype_1                 0x10000143   Thumb Code     0  libinit2.o(.ARM.Collect$$libinit$$00000013)
    __rt_lib_init_lc_monetary_1              0x10000143   Thumb Code     0  libinit2.o(.ARM.Collect$$libinit$$00000015)
    __rt_lib_init_lc_numeric_1               0x10000143   Thumb Code     0  libinit2.o(.ARM.Collect$$libinit$$00000017)
    __rt_lib_init_lc_time_1                  0x10000143   Thumb Code     0  libinit2.o(.ARM.Collect$$libinit$$00000019)
    __rt_lib_init_preinit_1                  0x10000143   Thumb Code     0  libinit2.o(.ARM.Collect$$libinit$$00000004)
    __rt_lib_init_rand_1                     0x10000143   Thumb Code     0  libinit2.o(.ARM.Collect$$libinit$$0000000E)
    __rt_lib_init_return                     0x10000143   Thumb Code     0  libinit2.o(.ARM.Collect$$libinit$$00000033)
    __rt_lib_init_signal_1                   0x10000143   Thumb Code     0  libinit2.o(.ARM.Collect$$libinit$$0000001D)
    __rt_lib_init_stdio_1                    0x10000143   Thumb Code     0  libinit2.o(.ARM.Collect$$libinit$$00000025)
    __rt_lib_init_user_alloc_1               0x10000143   Thumb Code     0  libinit2.o(.ARM.Collect$$libinit$$0000000C)
    __rt_lib_shutdown                        0x10000145   Thumb Code     0  libshutdown.o(.ARM.Collect$$libshutdown$$00000000)
    __rt_lib_shutdown_cpp_1                  0x10000147   Thumb Code     0  libshutdown2.o(.ARM.Collect$$libshutdown$$00000004)
    __rt_lib_shutdown_fini_1                 0x10000147   Thumb Code     0  libshutdown2.o(.ARM.Collect$$libshutdown$$00000002)
    __rt_lib_shutdown_fp_trap_1              0x10000147   Thumb Code     0  libshutdown2.o(.ARM.Collect$$libshutdown$$00000009)
    __rt_lib_shutdown_heap_1                 0x10000147   Thumb Code     0  libshutdown2.o(.ARM.Collect$$libshutdown$$00000011)
    __rt_lib_shutdown_return                 0x10000147   Thumb Code     0  libshutdown2.o(.ARM.Collect$$libshutdown$$00000012)
    __rt_lib_shutdown_signal_1               0x10000147   Thumb Code     0  libshutdown2.o(.ARM.Collect$$libshutdown$$0000000C)
    __rt_lib_shutdown_stdio_1                0x10000147   Thumb Code     0  libshutdown2.o(.ARM.Collect$$libshutdown$$00000006)
    __rt_lib_shutdown_user_alloc_1           0x10000147   Thumb Code     0  libshutdown2.o(.ARM.Collect$$libshutdown$$0000000E)
    __rt_entry                               0x10000149   Thumb Code     0  __rtentry.o(.ARM.Collect$$rtentry$$00000000)
    __rt_entry_presh_1                       0x10000149   Thumb Code     0  __rtentry2.o(.ARM.Collect$$rtentry$$00000002)
    __rt_entry_sh                            0x10000149   Thumb Code     0  __rtentry4.o(.ARM.Collect$$rtentry$$00000004)
    __rt_entry_li                            0x1000014f   Thumb Code     0  __rtentry2.o(.ARM.Collect$$rtentry$$0000000A)
    __rt_entry_postsh_1                      0x1000014f   Thumb Code     0  __rtentry2.o(.ARM.Collect$$rtentry$$00000009)
    __rt_entry_main                          0x10000153   Thumb Code     0  __rtentry2.o(.ARM.Collect$$rtentry$$0000000D)
    __rt_entry_postli_1                      0x10000153   Thumb Code     0  __rtentry2.o(.ARM.Collect$$rtentry$$0000000C)
    __rt_exit                                0x1000015b   Thumb Code     0  rtexit.o(.ARM.Collect$$rtexit$$00000000)
    __rt_exit_ls                             0x1000015d   Thumb Code     0  rtexit2.o(.ARM.Collect$$rtexit$$00000003)
    __rt_exit_prels_1                        0x1000015d   Thumb Code     0  rtexit2.o(.ARM.Collect$$rtexit$$00000002)
    __rt_exit_exit                           0x10000161   Thumb Code     0  rtexit2.o(.ARM.Collect$$rtexit$$00000004)
    SVC_RTE                                  0x10000169   Thumb Code     0  hal.o(.emb_text)
    __rte                                    0x10000169   Thumb Code     8  hal.o(.emb_text)
    k_tsk_switch                             0x10000171   Thumb Code    44  k_task.o(.emb_text)
    K_RESTORE                                0x10000183   Thumb Code     0  k_task.o(.emb_text)
    k_tsk_start                              0x100001a1   Thumb Code     2  k_task.o(.emb_text)
    Reset_Handler                            0x100001a5   Thumb Code     8  startup_lpc17xx.o(.text)
    NMI_Handler                              0x100001ad   Thumb Code     2  startup_lpc17xx.o(.text)
    HardFault_Handler                        0x100001af   Thumb Code     2  startup_lpc17xx.o(.text)
    MemManage_Handler                        0x100001b1   Thumb Code     2  startup_lpc17xx.o(.text)
    BusFault_Handler                         0x100001b3   Thumb Code     2  startup_lpc17xx.o(.text)
    UsageFault_Handler                       0x100001b5   Thumb Code     2  startup_lpc17xx.o(.text)
    DebugMon_Handler                         0x100001b9   Thumb Code     2  startup_lpc17xx.o(.text)
    PendSV_Handler                           0x100001bb   Thumb Code     2  startup_lpc17xx.o(.text)
    SysTick_Handler                          0x100001bd   Thumb Code     2  startup_lpc17xx.o(.text)
    ADC_IRQHandler                           0x100001bf   Thumb Code     0  startup_lpc17xx.o(.text)
    BOD_IRQHandler                           0x100001bf   Thumb Code     0  startup_lpc17xx.o(.text)
    CANActivity_IRQHandler                   0x100001bf   Thumb Code     0  startup_lpc17xx.o(.text)
    CAN_IRQHandler                           0x100001bf   Thumb Code     0  startup_lpc17xx.o(.text)
    DMA_IRQHandler                           0x100001bf   Thumb Code     0  startup_lpc17xx.o(.text)
    EINT0_IRQHandler                         0x100001bf   Thumb Code     0  startup_lpc17xx.o(.text)
    EINT1_IRQHandler                         0x100001bf   Thumb Code     0  startup_lpc17xx.o(.text)
    EINT2_IRQHandler                         0x100001bf   Thumb Code     0  startup_lpc17xx.o(.text)
    EINT3_IRQHandler                         0x100001bf   Thumb Code     0  startup_lpc17xx.o(.text)
    ENET_IRQHandler                          0x100001bf   Thumb Code     0  startup_lpc17xx.o(.text)
    I2C0_IRQHandler                          0x100001bf   Thumb Code     0  startup_lpc17xx.o(.text)
    I2C1_IRQHandler                          0x100001bf   Thumb Code     0  startup_lpc17xx.o(.text)
    I2C2_IRQHandler                          0x100001bf   Thumb Code     0  startup_lpc17xx.o(.text)
    I2S_IRQHandler                           0x100001bf   Thumb Code     0  startup_lpc17xx.o(.text)
    MCPWM_IRQHandler                         0x100001bf   Thumb Code     0  startup_lpc17xx.o(.text)
    PLL0_IRQHandler                          0x100001bf   Thumb Code     0  startup_lpc17xx.o(.text)
    PLL1_IRQHandler                          0x100001bf   Thumb Code     0  startup_lpc17xx.o(.text)
    PWM1_IRQHandler                          0x100001bf   Thumb Code     0  startup_lpc17xx.o(.text)
    QEI_IRQHandler                           0x100001bf   Thumb Code     0  startup_lpc17xx.o(.text)
    RIT_IRQHandler                           0x100001bf   Thumb Code     0  startup_lpc17xx.o(.text)
    RTC_IRQHandler                           0x100001bf   Thumb Code     0  startup_lpc17xx.o(.text)
    SPI_IRQHandler                           0x100001bf   Thumb Code     0  startup_lpc17xx.o(.text)
    SSP0_IRQHandler                          0x100001bf   Thumb Code     0  startup_lpc17xx.o(.text)
    SSP1_IRQHandler                          0x100001bf   Thumb Code     0  startup_lpc17xx.o(.text)
    TIMER1_IRQHandler                        0x100001bf   Thumb Code     0  startup_lpc17xx.o(.text)
    TIMER2_IRQHandler                        0x100001bf   Thumb Code     0  startup_lpc17xx.o(.text)
    TIMER3_IRQHandler                        0x100001bf   Thumb Code     0  startup_lpc17xx.o(.text)
    UART1_IRQHandler                         0x100001bf   Thumb Code     0  startup_lpc17xx.o(.text)
    UART2_IRQHandler                         0x100001bf   Thumb Code     0  startup_lpc17xx.o(.text)
    UART3_IRQHandler                         0x100001bf   Thumb Code     0  startup_lpc17xx.o(.text)
    USBActivity_IRQHandler                   0x100001bf   Thumb Code     0  startup_lpc17xx.o(.text)
    USB_IRQHandler                           0x100001bf   Thumb Code     0  startup_lpc17xx.o(.text)
    WDT_IRQHandler                           0x100001bf   Thumb Code     0  startup_lpc17xx.o(.text)
    __user_initial_stackheap                 0x100001c1   Thumb Code     0  startup_lpc17xx.o(.text)
    __aeabi_memcpy4                          0x100001e1   Thumb Code     0  rt_memcpy_w.o(.text)
    __aeabi_memcpy8                          0x100001e1   Thumb Code     0  rt_memcpy_w.o(.text)
    __rt_memcpy_w                            0x100001e1   Thumb Code   100  rt_memcpy_w.o(.text)
    _memcpy_lastbytes_aligned                0x10000229   Thumb Code     0  rt_memcpy_w.o(.text)
    __aeabi_memclr4                          0x10000245   Thumb Code     0  rt_memclr_w.o(.text)
    __aeabi_memclr8                          0x10000245   Thumb Code     0  rt_memclr_w.o(.text)
    __rt_memclr_w                            0x10000245   Thumb Code    78  rt_memclr_w.o(.text)
    _memset_w                                0x10000249   Thumb Code     0  rt_memclr_w.o(.text)
    __use_two_region_memory                  0x10000293   Thumb Code     2  heapauxi.o(.text)
    __rt_heap_escrow$2region                 0x10000295   Thumb Code     2  heapauxi.o(.text)
    __rt_heap_expand$2region                 0x10000297   Thumb Code     2  heapauxi.o(.text)
    __user_setup_stackheap                   0x10000299   Thumb Code    74  sys_stackheap_outer.o(.text)
    exit                                     0x100002e3   Thumb Code    18  exit.o(.text)
    __user_libspace                          0x100002f5   Thumb Code     8  libspace.o(.text)
    __user_perproc_libspace                  0x100002f5   Thumb Code     0  libspace.o(.text)
    __user_perthread_libspace                0x100002f5   Thumb Code     0  libspace.o(.text)
    _sys_exit                                0x100002fd   Thumb Code     8  sys_exit.o(.text)
    __I$use$semihosting                      0x10000309   Thumb Code     0  use_no_semi.o(.text)
    __use_no_semihosting_swi                 0x10000309   Thumb Code     2  use_no_semi.o(.text)
    BA_Get                                   0x1000030b   Thumb Code    20  bit_array.o(i.BA_Get)
    __semihosting_library_function           0x1000030b   Thumb Code     0  indicate_semi.o(.text)
    BA_Toggle                                0x1000031f   Thumb Code    26  bit_array.o(i.BA_Toggle)
    FL_Insert                                0x10000339   Thumb Code    30  freelist.o(i.FL_Insert)
    FL_Insert_After                          0x10000359   Thumb Code    84  freelist.o(i.FL_Insert_After)
    FL_Insert_Back                           0x100003bd   Thumb Code    80  freelist.o(i.FL_Insert_Back)
    FL_Pop                                   0x1000040d   Thumb Code    14  freelist.o(i.FL_Pop)
    FL_Print                                 0x1000041d   Thumb Code    38  freelist.o(i.FL_Print)
    FL_Remove                                0x10000455   Thumb Code    44  freelist.o(i.FL_Remove)
    SVC_Handler                              0x10000481   Thumb Code   344  hal.o(i.SVC_Handler)
    SystemInit                               0x100005d9   Thumb Code   302  system_lpc17xx.o(i.SystemInit)
    TIMER0_IRQHandler                        0x10000719   Thumb Code    20  timer.o(i.TIMER0_IRQHandler)
    UART0_IRQHandler                         0x10000731   Thumb Code    54  uart_irq.o(i.UART0_IRQHandler)
    ae_init                                  0x10000807   Thumb Code    48  ae.o(i.ae_init)
    ae_set_init_tasks_info                   0x10000837   Thumb Code    22  ae.o(i.ae_set_init_tasks_info)
    ae_set_sys_info                          0x1000084d   Thumb Code    22  ae.o(i.ae_set_sys_info)
    cbuf_deepcopy                            0x10000863   Thumb Code    56  cbuf.o(i.cbuf_deepcopy)
    cbuf_destroy                             0x1000089d   Thumb Code    44  cbuf.o(i.cbuf_destroy)
    cbuf_init                                0x100008cd   Thumb Code    50  cbuf.o(i.cbuf_init)
    cbuf_insert_back                         0x10000905   Thumb Code    82  cbuf.o(i.cbuf_insert_back)
    cbuf_peek_front                          0x10000957   Thumb Code    58  cbuf.o(i.cbuf_peek_front)
    cbuf_remove_front                        0x10000991   Thumb Code    50  cbuf.o(i.cbuf_remove_front)
    check_size                               0x100009c5   Thumb Code    26  k_mem_utils.o(i.check_size)
    coalesce                                 0x100009e5   Thumb Code    92  k_mem_utils.o(i.coalesce)
    get_FL_layer                             0x10000a41   Thumb Code     6  k_mem_utils.o(i.get_FL_layer)
    get_size_from_FL_index                   0x10000a47   Thumb Code    10  k_mem_utils.o(i.get_size_from_FL_index)
    get_x_value                              0x10000a51   Thumb Code    10  k_mem_utils.o(i.get_x_value)
    init_printf                              0x10000a7d   Thumb Code    10  printf.o(i.init_printf)
    k_mbx_create                             0x10000a91   Thumb Code   126  k_msg.o(i.k_mbx_create)
    k_mbx_destroy                            0x10000b21   Thumb Code   178  k_msg.o(i.k_mbx_destroy)
    k_mbx_empty_pq                           0x10000bdd   Thumb Code   180  k_msg.o(i.k_mbx_empty_pq)
    k_mbx_get                                0x10000c99   Thumb Code    60  k_msg.o(i.k_mbx_get)
    k_mbx_ls                                 0x10000cdd   Thumb Code    86  k_msg.o(i.k_mbx_ls)
    k_mbx_sender_unblock_receiver            0x10000d3d   Thumb Code   176  k_msg.o(i.k_mbx_sender_unblock_receiver)
    k_mem_init                               0x10000df1   Thumb Code    48  k_mem.o(i.k_mem_init)
    k_mpool_alloc                            0x10000e31   Thumb Code   262  k_mem.o(i.k_mpool_alloc)
    k_mpool_create                           0x10000f65   Thumb Code   128  k_mem.o(i.k_mpool_create)
    k_mpool_dealloc                          0x10001011   Thumb Code   268  k_mem.o(i.k_mpool_dealloc)
    k_mpool_dump                             0x10001149   Thumb Code    94  k_mem.o(i.k_mpool_dump)
    k_pre_rtx_init                           0x100011d9   Thumb Code    42  k_rtx_init.o(i.k_pre_rtx_init)
    k_recv_msg                               0x10001205   Thumb Code   136  k_msg.o(i.k_recv_msg)
    k_recv_msg_nb                            0x1000129d   Thumb Code   140  k_msg.o(i.k_recv_msg_nb)
    k_rt_tsk_get                             0x10001339   Thumb Code    26  k_task.o(i.k_rt_tsk_get)
    k_rt_tsk_set                             0x10001353   Thumb Code     6  k_task.o(i.k_rt_tsk_set)
    k_rt_tsk_susp                            0x10001359   Thumb Code     4  k_task.o(i.k_rt_tsk_susp)
    k_rtx_init                               0x1000135d   Thumb Code    58  k_rtx_init.o(i.k_rtx_init)
    k_send_msg                               0x100013a1   Thumb Code   428  k_msg.o(i.k_send_msg)
    k_send_msg_nb                            0x10001559   Thumb Code   234  k_msg.o(i.k_send_msg_nb)
    k_tsk_create                             0x10001651   Thumb Code   232  k_task.o(i.k_tsk_create)
    k_tsk_create_new                         0x1000174d   Thumb Code   306  k_task.o(i.k_tsk_create_new)
    k_tsk_exit                               0x10001889   Thumb Code   116  k_task.o(i.k_tsk_exit)
    k_tsk_get                                0x10001905   Thumb Code   146  k_task.o(i.k_tsk_get)
    k_tsk_gettid                             0x100019a5   Thumb Code     8  k_task.o(i.k_tsk_gettid)
    k_tsk_init                               0x100019b1   Thumb Code   234  k_task.o(i.k_tsk_init)
    k_tsk_init_CDISP                         0x10001ab1   Thumb Code    24  k_task.o(i.k_tsk_init_CDISP)
    k_tsk_init_KCD                           0x10001acd   Thumb Code    24  k_task.o(i.k_tsk_init_KCD)
    k_tsk_init_first                         0x10001ae9   Thumb Code    22  k_task.o(i.k_tsk_init_first)
    k_tsk_ls                                 0x10001b05   Thumb Code    84  k_task.o(i.k_tsk_ls)
    k_tsk_msg_triage                         0x10001b61   Thumb Code    84  k_task.o(i.k_tsk_msg_triage)
    k_tsk_run_new                            0x10001bb9   Thumb Code    82  k_task.o(i.k_tsk_run_new)
    k_tsk_set_prio                           0x10001c11   Thumb Code   484  k_task.o(i.k_tsk_set_prio)
    k_tsk_yield                              0x10001e05   Thumb Code    12  k_task.o(i.k_tsk_yield)
    log2_32                                  0x10001e11   Thumb Code    36  math.o(i.log2_32)
    main                                     0x10001e3d   Thumb Code    84  main.o(i.main)
    msg_buf_destroy                          0x10001eb5   Thumb Code    32  msg_buf.o(i.msg_buf_destroy)
    msg_buf_init                             0x10001ed5   Thumb Code    58  msg_buf.o(i.msg_buf_init)
    msg_buf_pq_full                          0x10001f0f   Thumb Code    36  msg_buf.o(i.msg_buf_pq_full)
    msg_buf_recieve                          0x10001f33   Thumb Code   106  msg_buf.o(i.msg_buf_recieve)
    msg_buf_send                             0x10001f9d   Thumb Code    78  msg_buf.o(i.msg_buf_send)
    print_all_tasks                          0x10001ff5   Thumb Code    50  kcd_task.o(i.print_all_tasks)
    print_error                              0x1000202d   Thumb Code    44  kcd_task.o(i.print_error)
    print_mailbox_tasks                      0x10002059   Thumb Code    70  kcd_task.o(i.print_mailbox_tasks)
    print_task                               0x100020a5   Thumb Code    48  kcd_task.o(i.print_task)
    putc                                     0x100020ed   Thumb Code    28  uart_polling.o(i.putc)
    scheduler                                0x1000218d   Thumb Code    66  k_task.o(i.scheduler)
    scheduler_triage                         0x100021dd   Thumb Code   100  k_task.o(i.scheduler_triage)
    set_ae_init_tasks                        0x10002245   Thumb Code    24  ae_tasks13_g30.o(i.set_ae_init_tasks)
    set_ae_tasks                             0x10002261   Thumb Code    62  ae_tasks13_g30.o(i.set_ae_tasks)
    split                                    0x100022a9   Thumb Code   110  k_mem_utils.o(i.split)
    task0                                    0x10002319   Thumb Code    84  ae_tasks13_g30.o(i.task0)
    task1                                    0x10002385   Thumb Code    88  ae_tasks13_g30.o(i.task1)
    task_cdisp                               0x100023fd   Thumb Code    92  cdisp_task.o(i.task_cdisp)
    task_kcd                                 0x1000245d   Thumb Code   410  kcd_task.o(i.task_kcd)
    task_null                                0x10002625   Thumb Code     6  null_task.o(i.task_null)
    tfp_format                               0x1000262b   Thumb Code   296  printf.o(i.tfp_format)
    tfp_printf                               0x10002755   Thumb Code    34  printf.o(i.tfp_printf)
    tfp_sprintf                              0x10002781   Thumb Code    38  printf.o(i.tfp_sprintf)
    uart_init                                0x100027ad   Thumb Code    96  uart_polling.o(i.uart_init)
    uart_irq_init                            0x10002819   Thumb Code   184  uart_irq.o(i.uart_irq_init)
    uart_put_char                            0x100028e9   Thumb Code    42  uart_polling.o(i.uart_put_char)
    uart_put_string                          0x1000291d   Thumb Code    38  uart_polling.o(i.uart_put_string)
    upper_base2                              0x10002999   Thumb Code    34  math.o(i.upper_base2)
    x_value_to_address                       0x100029bb   Thumb Code     8  k_mem_utils.o(i.x_value_to_address)
    xk_to_bit                                0x100029c3   Thumb Code    12  k_mem_utils.o(i.xk_to_bit)
    tab32                                    0x100029d0   Data         128  math.o(.constdata)
    Region$$Table$$Base                      0x10002a50   Number         0  anon$$obj.o(Region$$Table)
    Region$$Table$$Limit                     0x10002a70   Number         0  anon$$obj.o(Region$$Table)
    g_buffer                                 0x10003d30   Data          16  uart_irq.o(.data)
    g_send_char                              0x10003d44   Data           1  uart_irq.o(.data)
    g_char_in                                0x10003d45   Data           1  uart_irq.o(.data)
    g_tx_irq                                 0x10003d46   Data           1  uart_irq.o(.data)
    g_switch_flag                            0x10003d47   Data           1  uart_irq.o(.data)
    len                                      0x10003d4c   Data           1  uart_irq.o(.data)
    counter                                  0x10003d4d   Data           1  uart_irq.o(.data)
    reset_flag                               0x10003d4e   Data           1  uart_irq.o(.data)
    g_timer_count                            0x10003d50   Data           4  timer.o(.data)
    RAM1_END_u                               0x10003d54   Data           4  k_mem.o(.data)
    RAM2_END_u                               0x10003d58   Data           4  k_mem.o(.data)
    mpool1_size                              0x10003d5c   Data           4  k_mem.o(.data)
    log2_mpool1_size                         0x10003d60   Data           4  k_mem.o(.data)
    mpool2_size                              0x10003d64   Data           4  k_mem.o(.data)
    log2_mpool2_size                         0x10003d68   Data           4  k_mem.o(.data)
    errno                                    0x10003d6c   Data           4  k_rtx_init.o(.data)
    g_current_irq                            0x10003d70   Data           1  k_rtx_init.o(.data)
    gp_current_task                          0x10003d74   Data           4  k_task.o(.data)
    g_null_task                              0x10003d78   Data           4  k_task.o(.data)
    g_num_active_tasks                       0x10003d7c   Data           4  k_task.o(.data)
    IRAM1_Bit_Array                          0x10003d98   Data          32  k_mem.o(.bss)
    IRAM2_Bit_Array                          0x10003db8   Data         256  k_mem.o(.bss)
    IRAM1_FL_Array                           0x10003eb8   Data          32  k_mem.o(.bss)
    IRAM2_FL_Array                           0x10003ed8   Data          44  k_mem.o(.bss)
    g_irq_mbxs                               0x10003f04   Data          80  k_rtx_init.o(.bss)
    g_tcbs                                   0x10003f54   Data         920  k_task.o(.bss)
    g_null_task_info                         0x100042ec   Data          12  k_task.o(.bss)
    g_pq_arr                                 0x100042f8   Data          20  k_task.o(.bss)
    __libspace_start                         0x1000430c   Data          96  libspace.o(.bss)
    __temporary_stack_top$libspace           0x1000436c   Data           0  libspace.o(.bss)
    g_init_tasks                             0x1000436c   Data          24  ae_tasks13_g30.o(.bss)



==============================================================================

Memory Map of the image

  Image Entry point : 0x100000cd

  Load Region LR_IROM1 (Base: 0x10000000, Size: 0x00002ad8, Max: 0x00003d30, ABSOLUTE)

    Execution Region ER_IROM1 (Exec base: 0x10000000, Load base: 0x10000000, Size: 0x00002a70, Max: 0x00003d30, ABSOLUTE)

    Exec Addr    Load Addr    Size         Type   Attr      Idx    E Section Name        Object

    0x10000000   0x10000000   0x000000cc   Data   RO         1114    RESET               startup_lpc17xx.o
    0x100000cc   0x100000cc   0x00000008   Code   RO         1165  * !!!main             c_w.l(__main.o)
    0x100000d4   0x100000d4   0x00000034   Code   RO         1466    !!!scatter          c_w.l(__scatter.o)
    0x10000108   0x10000108   0x0000001a   Code   RO         1468    !!handler_copy      c_w.l(__scatter_copy.o)
    0x10000122   0x10000122   0x00000002   PAD
    0x10000124   0x10000124   0x0000001c   Code   RO         1470    !!handler_zi        c_w.l(__scatter_zi.o)
    0x10000140   0x10000140   0x00000002   Code   RO         1265    .ARM.Collect$$libinit$$00000000  c_w.l(libinit.o)
    0x10000142   0x10000142   0x00000000   Code   RO         1314    .ARM.Collect$$libinit$$00000002  c_w.l(libinit2.o)
    0x10000142   0x10000142   0x00000000   Code   RO         1316    .ARM.Collect$$libinit$$00000004  c_w.l(libinit2.o)
    0x10000142   0x10000142   0x00000000   Code   RO         1319    .ARM.Collect$$libinit$$0000000A  c_w.l(libinit2.o)
    0x10000142   0x10000142   0x00000000   Code   RO         1321    .ARM.Collect$$libinit$$0000000C  c_w.l(libinit2.o)
    0x10000142   0x10000142   0x00000000   Code   RO         1323    .ARM.Collect$$libinit$$0000000E  c_w.l(libinit2.o)
    0x10000142   0x10000142   0x00000000   Code   RO         1326    .ARM.Collect$$libinit$$00000011  c_w.l(libinit2.o)
    0x10000142   0x10000142   0x00000000   Code   RO         1328    .ARM.Collect$$libinit$$00000013  c_w.l(libinit2.o)
    0x10000142   0x10000142   0x00000000   Code   RO         1330    .ARM.Collect$$libinit$$00000015  c_w.l(libinit2.o)
    0x10000142   0x10000142   0x00000000   Code   RO         1332    .ARM.Collect$$libinit$$00000017  c_w.l(libinit2.o)
    0x10000142   0x10000142   0x00000000   Code   RO         1334    .ARM.Collect$$libinit$$00000019  c_w.l(libinit2.o)
    0x10000142   0x10000142   0x00000000   Code   RO         1336    .ARM.Collect$$libinit$$0000001B  c_w.l(libinit2.o)
    0x10000142   0x10000142   0x00000000   Code   RO         1338    .ARM.Collect$$libinit$$0000001D  c_w.l(libinit2.o)
    0x10000142   0x10000142   0x00000000   Code   RO         1340    .ARM.Collect$$libinit$$0000001F  c_w.l(libinit2.o)
    0x10000142   0x10000142   0x00000000   Code   RO         1342    .ARM.Collect$$libinit$$00000021  c_w.l(libinit2.o)
    0x10000142   0x10000142   0x00000000   Code   RO         1344    .ARM.Collect$$libinit$$00000023  c_w.l(libinit2.o)
    0x10000142   0x10000142   0x00000000   Code   RO         1346    .ARM.Collect$$libinit$$00000025  c_w.l(libinit2.o)
    0x10000142   0x10000142   0x00000000   Code   RO         1350    .ARM.Collect$$libinit$$0000002C  c_w.l(libinit2.o)
    0x10000142   0x10000142   0x00000000   Code   RO         1352    .ARM.Collect$$libinit$$0000002E  c_w.l(libinit2.o)
    0x10000142   0x10000142   0x00000000   Code   RO         1354    .ARM.Collect$$libinit$$00000030  c_w.l(libinit2.o)
    0x10000142   0x10000142   0x00000000   Code   RO         1356    .ARM.Collect$$libinit$$00000032  c_w.l(libinit2.o)
    0x10000142   0x10000142   0x00000002   Code   RO         1357    .ARM.Collect$$libinit$$00000033  c_w.l(libinit2.o)
    0x10000144   0x10000144   0x00000002   Code   RO         1421    .ARM.Collect$$libshutdown$$00000000  c_w.l(libshutdown.o)
    0x10000146   0x10000146   0x00000000   Code   RO         1447    .ARM.Collect$$libshutdown$$00000002  c_w.l(libshutdown2.o)
    0x10000146   0x10000146   0x00000000   Code   RO         1449    .ARM.Collect$$libshutdown$$00000004  c_w.l(libshutdown2.o)
    0x10000146   0x10000146   0x00000000   Code   RO         1451    .ARM.Collect$$libshutdown$$00000006  c_w.l(libshutdown2.o)
    0x10000146   0x10000146   0x00000000   Code   RO         1454    .ARM.Collect$$libshutdown$$00000009  c_w.l(libshutdown2.o)
    0x10000146   0x10000146   0x00000000   Code   RO         1457    .ARM.Collect$$libshutdown$$0000000C  c_w.l(libshutdown2.o)
    0x10000146   0x10000146   0x00000000   Code   RO         1459    .ARM.Collect$$libshutdown$$0000000E  c_w.l(libshutdown2.o)
    0x10000146   0x10000146   0x00000000   Code   RO         1462    .ARM.Collect$$libshutdown$$00000011  c_w.l(libshutdown2.o)
    0x10000146   0x10000146   0x00000002   Code   RO         1463    .ARM.Collect$$libshutdown$$00000012  c_w.l(libshutdown2.o)
    0x10000148   0x10000148   0x00000000   Code   RO         1167    .ARM.Collect$$rtentry$$00000000  c_w.l(__rtentry.o)
    0x10000148   0x10000148   0x00000000   Code   RO         1173    .ARM.Collect$$rtentry$$00000002  c_w.l(__rtentry2.o)
    0x10000148   0x10000148   0x00000006   Code   RO         1185    .ARM.Collect$$rtentry$$00000004  c_w.l(__rtentry4.o)
    0x1000014e   0x1000014e   0x00000000   Code   RO         1175    .ARM.Collect$$rtentry$$00000009  c_w.l(__rtentry2.o)
    0x1000014e   0x1000014e   0x00000004   Code   RO         1176    .ARM.Collect$$rtentry$$0000000A  c_w.l(__rtentry2.o)
    0x10000152   0x10000152   0x00000000   Code   RO         1178    .ARM.Collect$$rtentry$$0000000C  c_w.l(__rtentry2.o)
    0x10000152   0x10000152   0x00000008   Code   RO         1179    .ARM.Collect$$rtentry$$0000000D  c_w.l(__rtentry2.o)
    0x1000015a   0x1000015a   0x00000002   Code   RO         1305    .ARM.Collect$$rtexit$$00000000  c_w.l(rtexit.o)
    0x1000015c   0x1000015c   0x00000000   Code   RO         1394    .ARM.Collect$$rtexit$$00000002  c_w.l(rtexit2.o)
    0x1000015c   0x1000015c   0x00000004   Code   RO         1395    .ARM.Collect$$rtexit$$00000003  c_w.l(rtexit2.o)
    0x10000160   0x10000160   0x00000006   Code   RO         1396    .ARM.Collect$$rtexit$$00000004  c_w.l(rtexit2.o)
    0x10000166   0x10000166   0x00000002   PAD
    0x10000168   0x10000168   0x00000008   Code   RO          250    .emb_text           hal.o
    0x10000170   0x10000170   0x00000032   Code   RO          506    .emb_text           k_task.o
    0x100001a2   0x100001a2   0x00000002   PAD
    0x100001a4   0x100001a4   0x0000003c   Code   RO         1115    .text               startup_lpc17xx.o
    0x100001e0   0x100001e0   0x00000064   Code   RO         1159    .text               c_w.l(rt_memcpy_w.o)
    0x10000244   0x10000244   0x0000004e   Code   RO         1161    .text               c_w.l(rt_memclr_w.o)
    0x10000292   0x10000292   0x00000006   Code   RO         1163    .text               c_w.l(heapauxi.o)
    0x10000298   0x10000298   0x0000004a   Code   RO         1252    .text               c_w.l(sys_stackheap_outer.o)
    0x100002e2   0x100002e2   0x00000012   Code   RO         1254    .text               c_w.l(exit.o)
    0x100002f4   0x100002f4   0x00000008   Code   RO         1302    .text               c_w.l(libspace.o)
    0x100002fc   0x100002fc   0x0000000c   Code   RO         1391    .text               c_w.l(sys_exit.o)
    0x10000308   0x10000308   0x00000002   Code   RO         1410    .text               c_w.l(use_no_semi.o)
    0x1000030a   0x1000030a   0x00000000   Code   RO         1412    .text               c_w.l(indicate_semi.o)
    0x1000030a   0x1000030a   0x00000014   Code   RO          867    i.BA_Get            bit_array.o
    0x1000031e   0x1000031e   0x0000001a   Code   RO          869    i.BA_Toggle         bit_array.o
    0x10000338   0x10000338   0x0000001e   Code   RO          894    i.FL_Insert         freelist.o
    0x10000356   0x10000356   0x00000002   PAD
    0x10000358   0x10000358   0x00000064   Code   RO          895    i.FL_Insert_After   freelist.o
    0x100003bc   0x100003bc   0x00000050   Code   RO          896    i.FL_Insert_Back    freelist.o
    0x1000040c   0x1000040c   0x0000000e   Code   RO          897    i.FL_Pop            freelist.o
    0x1000041a   0x1000041a   0x00000002   PAD
    0x1000041c   0x1000041c   0x00000038   Code   RO          898    i.FL_Print          freelist.o
    0x10000454   0x10000454   0x0000002c   Code   RO          899    i.FL_Remove         freelist.o
    0x10000480   0x10000480   0x00000158   Code   RO          251    i.SVC_Handler       hal.o
    0x100005d8   0x100005d8   0x00000140   Code   RO         1123    i.SystemInit        system_lpc17xx.o
    0x10000718   0x10000718   0x00000018   Code   RO          198    i.TIMER0_IRQHandler  timer.o
    0x10000730   0x10000730   0x00000048   Code   RO           87    i.UART0_IRQHandler  uart_irq.o
    0x10000778   0x10000778   0x00000022   Code   RO           88    i.__NVIC_EnableIRQ  uart_irq.o
    0x1000079a   0x1000079a   0x00000032   Code   RO          651    i.a2d               printf.o
    0x100007cc   0x100007cc   0x0000003a   Code   RO          652    i.a2i               printf.o
    0x10000806   0x10000806   0x00000030   Code   RO         1267    i.ae_init           ae-lib-ram.lib(ae.o)
    0x10000836   0x10000836   0x00000016   Code   RO         1268    i.ae_set_init_tasks_info  ae-lib-ram.lib(ae.o)
    0x1000084c   0x1000084c   0x00000016   Code   RO         1269    i.ae_set_sys_info   ae-lib-ram.lib(ae.o)
    0x10000862   0x10000862   0x00000038   Code   RO         1012    i.cbuf_deepcopy     cbuf.o
    0x1000089a   0x1000089a   0x00000002   PAD
    0x1000089c   0x1000089c   0x00000030   Code   RO         1013    i.cbuf_destroy      cbuf.o
    0x100008cc   0x100008cc   0x00000038   Code   RO         1014    i.cbuf_init         cbuf.o
    0x10000904   0x10000904   0x00000052   Code   RO         1015    i.cbuf_insert_back  cbuf.o
    0x10000956   0x10000956   0x0000003a   Code   RO         1016    i.cbuf_peek_front   cbuf.o
    0x10000990   0x10000990   0x00000032   Code   RO         1017    i.cbuf_remove_front  cbuf.o
    0x100009c2   0x100009c2   0x00000002   PAD
    0x100009c4   0x100009c4   0x00000020   Code   RO          939    i.check_size        k_mem_utils.o
    0x100009e4   0x100009e4   0x0000005c   Code   RO          940    i.coalesce          k_mem_utils.o
    0x10000a40   0x10000a40   0x00000006   Code   RO          941    i.get_FL_layer      k_mem_utils.o
    0x10000a46   0x10000a46   0x0000000a   Code   RO          942    i.get_size_from_FL_index  k_mem_utils.o
    0x10000a50   0x10000a50   0x0000000a   Code   RO          943    i.get_x_value       k_mem_utils.o
    0x10000a5a   0x10000a5a   0x00000020   Code   RO          653    i.i2a               printf.o
    0x10000a7a   0x10000a7a   0x00000002   PAD
    0x10000a7c   0x10000a7c   0x00000014   Code   RO          654    i.init_printf       printf.o
    0x10000a90   0x10000a90   0x00000090   Code   RO          361    i.k_mbx_create      k_msg.o
    0x10000b20   0x10000b20   0x000000bc   Code   RO          362    i.k_mbx_destroy     k_msg.o
    0x10000bdc   0x10000bdc   0x000000bc   Code   RO          363    i.k_mbx_empty_pq    k_msg.o
    0x10000c98   0x10000c98   0x00000044   Code   RO          364    i.k_mbx_get         k_msg.o
    0x10000cdc   0x10000cdc   0x00000060   Code   RO          365    i.k_mbx_ls          k_msg.o
    0x10000d3c   0x10000d3c   0x000000b4   Code   RO          366    i.k_mbx_sender_unblock_receiver  k_msg.o
    0x10000df0   0x10000df0   0x00000040   Code   RO          304    i.k_mem_init        k_mem.o
    0x10000e30   0x10000e30   0x00000134   Code   RO          305    i.k_mpool_alloc     k_mem.o
    0x10000f64   0x10000f64   0x000000ac   Code   RO          306    i.k_mpool_create    k_mem.o
    0x10001010   0x10001010   0x00000138   Code   RO          307    i.k_mpool_dealloc   k_mem.o
    0x10001148   0x10001148   0x00000090   Code   RO          308    i.k_mpool_dump      k_mem.o
    0x100011d8   0x100011d8   0x0000002a   Code   RO          457    i.k_pre_rtx_init    k_rtx_init.o
    0x10001202   0x10001202   0x00000002   PAD
    0x10001204   0x10001204   0x00000098   Code   RO          367    i.k_recv_msg        k_msg.o
    0x1000129c   0x1000129c   0x0000009c   Code   RO          368    i.k_recv_msg_nb     k_msg.o
    0x10001338   0x10001338   0x0000001a   Code   RO          507    i.k_rt_tsk_get      k_task.o
    0x10001352   0x10001352   0x00000006   Code   RO          508    i.k_rt_tsk_set      k_task.o
    0x10001358   0x10001358   0x00000004   Code   RO          509    i.k_rt_tsk_susp     k_task.o
    0x1000135c   0x1000135c   0x00000044   Code   RO          458    i.k_rtx_init        k_rtx_init.o
    0x100013a0   0x100013a0   0x000001b8   Code   RO          369    i.k_send_msg        k_msg.o
    0x10001558   0x10001558   0x000000f8   Code   RO          370    i.k_send_msg_nb     k_msg.o
    0x10001650   0x10001650   0x000000fc   Code   RO          510    i.k_tsk_create      k_task.o
    0x1000174c   0x1000174c   0x0000013c   Code   RO          511    i.k_tsk_create_new  k_task.o
    0x10001888   0x10001888   0x0000007c   Code   RO          512    i.k_tsk_exit        k_task.o
    0x10001904   0x10001904   0x000000a0   Code   RO          513    i.k_tsk_get         k_task.o
    0x100019a4   0x100019a4   0x0000000c   Code   RO          514    i.k_tsk_gettid      k_task.o
    0x100019b0   0x100019b0   0x00000100   Code   RO          515    i.k_tsk_init        k_task.o
    0x10001ab0   0x10001ab0   0x0000001c   Code   RO          516    i.k_tsk_init_CDISP  k_task.o
    0x10001acc   0x10001acc   0x0000001c   Code   RO          517    i.k_tsk_init_KCD    k_task.o
    0x10001ae8   0x10001ae8   0x0000001c   Code   RO          518    i.k_tsk_init_first  k_task.o
    0x10001b04   0x10001b04   0x0000005c   Code   RO          519    i.k_tsk_ls          k_task.o
    0x10001b60   0x10001b60   0x00000058   Code   RO          520    i.k_tsk_msg_triage  k_task.o
    0x10001bb8   0x10001bb8   0x00000058   Code   RO          521    i.k_tsk_run_new     k_task.o
    0x10001c10   0x10001c10   0x000001f4   Code   RO          522    i.k_tsk_set_prio    k_task.o
    0x10001e04   0x10001e04   0x0000000c   Code   RO          523    i.k_tsk_yield       k_task.o
    0x10001e10   0x10001e10   0x0000002c   Code   RO          831    i.log2_32           math.o
    0x10001e3c   0x10001e3c   0x00000068   Code   RO         1191    i.main              ae-lib-ram.lib(main.o)
    0x10001ea4   0x10001ea4   0x00000010   Code   RO          371    i.msg_buf_check_space_used  k_msg.o
    0x10001eb4   0x10001eb4   0x00000020   Code   RO         1073    i.msg_buf_destroy   msg_buf.o
    0x10001ed4   0x10001ed4   0x0000003a   Code   RO         1074    i.msg_buf_init      msg_buf.o
    0x10001f0e   0x10001f0e   0x00000024   Code   RO         1075    i.msg_buf_pq_full   msg_buf.o
    0x10001f32   0x10001f32   0x0000006a   Code   RO         1076    i.msg_buf_recieve   msg_buf.o
    0x10001f9c   0x10001f9c   0x0000004e   Code   RO         1077    i.msg_buf_send      msg_buf.o
    0x10001fea   0x10001fea   0x0000000a   Code   RO          372    i.msg_buf_space     k_msg.o
    0x10001ff4   0x10001ff4   0x00000038   Code   RO          750    i.print_all_tasks   kcd_task.o
    0x1000202c   0x1000202c   0x0000002c   Code   RO          751    i.print_error       kcd_task.o
    0x10002058   0x10002058   0x0000004c   Code   RO          752    i.print_mailbox_tasks  kcd_task.o
    0x100020a4   0x100020a4   0x00000048   Code   RO          753    i.print_task        kcd_task.o
    0x100020ec   0x100020ec   0x00000044   Code   RO            4    i.putc              uart_polling.o
    0x10002130   0x10002130   0x00000052   Code   RO          655    i.putchw            printf.o
    0x10002182   0x10002182   0x0000000a   Code   RO          656    i.putcp             printf.o
    0x1000218c   0x1000218c   0x00000050   Code   RO          524    i.scheduler         k_task.o
    0x100021dc   0x100021dc   0x00000068   Code   RO          525    i.scheduler_triage  k_task.o
    0x10002244   0x10002244   0x0000001c   Code   RO         1358    i.set_ae_init_tasks  ae-lib-ram.lib(ae_tasks13_g30.o)
    0x10002260   0x10002260   0x00000048   Code   RO         1359    i.set_ae_tasks      ae-lib-ram.lib(ae_tasks13_g30.o)
    0x100022a8   0x100022a8   0x0000006e   Code   RO          944    i.split             k_mem_utils.o
    0x10002316   0x10002316   0x00000002   PAD
    0x10002318   0x10002318   0x0000006c   Code   RO         1360    i.task0             ae-lib-ram.lib(ae_tasks13_g30.o)
    0x10002384   0x10002384   0x00000078   Code   RO         1361    i.task1             ae-lib-ram.lib(ae_tasks13_g30.o)
    0x100023fc   0x100023fc   0x00000060   Code   RO          716    i.task_cdisp        cdisp_task.o
    0x1000245c   0x1000245c   0x000001c8   Code   RO          754    i.task_kcd          kcd_task.o
    0x10002624   0x10002624   0x00000006   Code   RO          798    i.task_null         null_task.o
    0x1000262a   0x1000262a   0x00000128   Code   RO          657    i.tfp_format        printf.o
    0x10002752   0x10002752   0x00000002   PAD
    0x10002754   0x10002754   0x0000002c   Code   RO          658    i.tfp_printf        printf.o
    0x10002780   0x10002780   0x0000002c   Code   RO          659    i.tfp_sprintf       printf.o
    0x100027ac   0x100027ac   0x0000006c   Code   RO            6    i.uart_init         uart_polling.o
    0x10002818   0x10002818   0x000000d0   Code   RO           89    i.uart_irq_init     uart_irq.o
    0x100028e8   0x100028e8   0x00000034   Code   RO            7    i.uart_put_char     uart_polling.o
    0x1000291c   0x1000291c   0x00000026   Code   RO            8    i.uart_put_string   uart_polling.o
    0x10002942   0x10002942   0x00000056   Code   RO          660    i.ui2a              printf.o
    0x10002998   0x10002998   0x00000022   Code   RO          834    i.upper_base2       math.o
    0x100029ba   0x100029ba   0x00000008   Code   RO          945    i.x_value_to_address  k_mem_utils.o
    0x100029c2   0x100029c2   0x0000000c   Code   RO          946    i.xk_to_bit         k_mem_utils.o
    0x100029ce   0x100029ce   0x00000002   PAD
    0x100029d0   0x100029d0   0x00000080   Data   RO          835    .constdata          math.o
    0x10002a50   0x10002a50   0x00000020   Data   RO         1464    Region$$Table       anon$$obj.o


    Execution Region RW_IRAM1 (Exec base: 0x10003d30, Load base: 0x10002a70, Size: 0x00000858, Max: 0x000032d0, ABSOLUTE)

    Exec Addr    Load Addr    Size         Type   Attr      Idx    E Section Name        Object

    0x10003d30   0x10002a70   0x0000001f   Data   RW           90    .data               uart_irq.o
    0x10003d4f   0x10002a8f   0x00000001   PAD
    0x10003d50   0x10002a90   0x00000004   Data   RW          202    .data               timer.o
    0x10003d54   0x10002a94   0x00000018   Data   RW          311    .data               k_mem.o
    0x10003d6c   0x10002aac   0x00000005   Data   RW          460    .data               k_rtx_init.o
    0x10003d71   0x10002ab1   0x00000003   PAD
    0x10003d74   0x10002ab4   0x0000000c   Data   RW          527    .data               k_task.o
    0x10003d80   0x10002ac0   0x00000008   Data   RW          661    .data               printf.o
    0x10003d88   0x10002ac8   0x00000010   Data   RW         1192    .data               ae-lib-ram.lib(main.o)
    0x10003d98        -       0x0000016c   Zero   RW          309    .bss                k_mem.o
    0x10003f04        -       0x00000050   Zero   RW          459    .bss                k_rtx_init.o
    0x10003f54        -       0x000003b8   Zero   RW          526    .bss                k_task.o
    0x1000430c        -       0x00000060   Zero   RW         1303    .bss                c_w.l(libspace.o)
    0x1000436c        -       0x00000018   Zero   RW         1362    .bss                ae-lib-ram.lib(ae_tasks13_g30.o)
    0x10004384   0x10002ad8   0x00000004   PAD
    0x10004388        -       0x00000000   Zero   RW         1113    HEAP                startup_lpc17xx.o
    0x10004388        -       0x00000200   Zero   RW         1112    STACK               startup_lpc17xx.o


==============================================================================

Image component sizes


      Code (inc. data)   RO Data    RW Data    ZI Data      Debug   Object Name

        46          0          0          0          0       1117   bit_array.o
       350         10          0          0          0       5020   cbuf.o
        96          4          0          0          0       1177   cdisp_task.o
       324         34          0          0          0       4611   freelist.o
       352         38          0          0          0       5198   hal.o
      1000        200          0         24        364       5805   k_mem.o
       280          6          0          0          0       8735   k_mem_utils.o
      1886        116          0          0          0      11921   k_msg.o
       110         10          0          5         80       7350   k_rtx_init.o
      2254        154          0         12        952      19425   k_task.o
       704         82          0          0          0       4190   kcd_task.o
        78          8        128          0          0       1708   math.o
       310          0          0          0          0       4844   msg_buf.o
         6          0          0          0          0        436   null_task.o
       722         26          0          8          0       6890   printf.o
        60         22        204          0        512        832   startup_lpc17xx.o
       320         18          0          0          0        613   system_lpc17xx.o
        24          4          0          4          0       1584   timer.o
       314         42          0         31          0      36137   uart_irq.o
       266         62          0          0          0      24561   uart_polling.o

    ----------------------------------------------------------------------
      9522        836        364         88       1908     152154   Object Totals
         0          0         32          0          0          0   (incl. Generated)
        20          0          0          4          0          0   (incl. Padding)

    ----------------------------------------------------------------------

      Code (inc. data)   RO Data    RW Data    ZI Data      Debug   Library Member Name

        92          0          0          0          0       4757   ae.o
       328         70          0          0         24       3154   ae_tasks13_g30.o
       104         20          0         16          0       5091   main.o
         8          0          0          0          0         68   __main.o
         0          0          0          0          0          0   __rtentry.o
        12          0          0          0          0          0   __rtentry2.o
         6          0          0          0          0          0   __rtentry4.o
        52          8          0          0          0          0   __scatter.o
        26          0          0          0          0          0   __scatter_copy.o
        28          0          0          0          0          0   __scatter_zi.o
        18          0          0          0          0         80   exit.o
         6          0          0          0          0        152   heapauxi.o
         0          0          0          0          0          0   indicate_semi.o
         2          0          0          0          0          0   libinit.o
         2          0          0          0          0          0   libinit2.o
         2          0          0          0          0          0   libshutdown.o
         2          0          0          0          0          0   libshutdown2.o
         8          4          0          0         96         68   libspace.o
        78          0          0          0          0         80   rt_memclr_w.o
       100          0          0          0          0         80   rt_memcpy_w.o
         2          0          0          0          0          0   rtexit.o
        10          0          0          0          0          0   rtexit2.o
        12          4          0          0          0         68   sys_exit.o
        74          0          0          0          0         80   sys_stackheap_outer.o
         2          0          0          0          0         68   use_no_semi.o

    ----------------------------------------------------------------------
       978        106          0         16        124      13746   Library Totals
         4          0          0          0          4          0   (incl. Padding)

    ----------------------------------------------------------------------

      Code (inc. data)   RO Data    RW Data    ZI Data      Debug   Library Name

       524         90          0         16         24      13002   ae-lib-ram.lib
       450         16          0          0         96        744   c_w.l

    ----------------------------------------------------------------------
       978        106          0         16        124      13746   Library Totals

    ----------------------------------------------------------------------

==============================================================================


      Code (inc. data)   RO Data    RW Data    ZI Data      Debug   

     10500        942        364        104       2032     160436   Grand Totals
     10500        942        364        104       2032     160436   ELF Image Totals
     10500        942        364        104          0          0   ROM Totals

==============================================================================

    Total RO  Size (Code + RO Data)                10864 (  10.61kB)
    Total RW  Size (RW Data + ZI Data)              2136 (   2.09kB)
    Total ROM Size (Code + RO Data + RW Data)      10968 (  10.71kB)

==============================================================================

