Component: ARM Compiler 5.06 update 7 (build 960) Tool: armlink [4d3601]

==============================================================================

Section Cross References

    uart_polling.o(i.putc) refers to uart_polling.o(i.uart_put_string) for uart_put_string
    uart_polling.o(i.putc) refers to uart_polling.o(i.uart_put_char) for uart_put_char
    uart_polling.o(i.uart_put_string) refers to uart_polling.o(i.uart_put_char) for uart_put_char
    uart_irq.o(i.UART0_IRQHandler) refers to k_msg.o(i.k_send_msg_nb) for k_send_msg_nb
    uart_irq.o(i.UART0_IRQHandler) refers to memseta.o(.text) for __aeabi_memclr4
    uart_irq.o(i.UART0_IRQHandler) refers to k_msg.o(i.k_recv_msg_nb) for k_recv_msg_nb
    uart_irq.o(i.UART0_IRQHandler) refers to uart_irq.o(.data) for g_send_char
    uart_irq.o(i.UART0_IRQHandler) refers to k_rtx_init.o(.data) for g_current_irq
    uart_irq.o(i.uart_irq_init) refers to k_msg.o(i.k_mbx_create) for k_mbx_create
    uart_irq.o(i.uart_irq_init) refers to uart_irq.o(i.__NVIC_EnableIRQ) for __NVIC_EnableIRQ
    uart_irq.o(i.uart_irq_init) refers to k_rtx_init.o(.data) for g_current_irq
    timer.o(i.TIMER0_IRQHandler) refers to timer.o(i.get_tick) for get_tick
    timer.o(i.TIMER0_IRQHandler) refers to timer.o(.data) for tm1_tick
    timer.o(i.ctr_500usec) refers to timer.o(.data) for g_timer_count
    timer.o(i.set_timer_operation) refers to timer.o(.data) for tm0_k_irq
    timer.o(i.timer_irq_init) refers to timer.o(.data) for g_timer_count
    hal.o(i.SVC_Handler) refers to k_rtx_init.o(i.k_rtx_init) for k_rtx_init
    hal.o(i.SVC_Handler) refers to k_mem.o(i.k_mpool_alloc) for k_mpool_alloc
    hal.o(i.SVC_Handler) refers to k_mem.o(i.k_mpool_dealloc) for k_mpool_dealloc
    hal.o(i.SVC_Handler) refers to k_mem.o(i.k_mpool_dump) for k_mpool_dump
    hal.o(i.SVC_Handler) refers to k_task.o(i.k_tsk_create) for k_tsk_create
    hal.o(i.SVC_Handler) refers to k_task.o(i.k_tsk_exit) for k_tsk_exit
    hal.o(i.SVC_Handler) refers to k_task.o(i.k_tsk_yield) for k_tsk_yield
    hal.o(i.SVC_Handler) refers to k_task.o(i.k_tsk_set_prio) for k_tsk_set_prio
    hal.o(i.SVC_Handler) refers to k_task.o(i.k_tsk_get) for k_tsk_get
    hal.o(i.SVC_Handler) refers to k_task.o(i.k_tsk_gettid) for k_tsk_gettid
    hal.o(i.SVC_Handler) refers to k_task.o(i.k_tsk_ls) for k_tsk_ls
    hal.o(i.SVC_Handler) refers to k_msg.o(i.k_mbx_create) for k_mbx_create
    hal.o(i.SVC_Handler) refers to k_msg.o(i.k_send_msg) for k_send_msg
    hal.o(i.SVC_Handler) refers to k_msg.o(i.k_send_msg_nb) for k_send_msg_nb
    hal.o(i.SVC_Handler) refers to k_msg.o(i.k_recv_msg) for k_recv_msg
    hal.o(i.SVC_Handler) refers to k_msg.o(i.k_recv_msg_nb) for k_recv_msg_nb
    hal.o(i.SVC_Handler) refers to k_msg.o(i.k_mbx_ls) for k_mbx_ls
    hal.o(i.SVC_Handler) refers to k_msg.o(i.k_mbx_get) for k_mbx_get
    hal.o(i.SVC_Handler) refers to k_task.o(i.k_rt_tsk_set) for k_rt_tsk_set
    hal.o(i.SVC_Handler) refers to k_task.o(i.k_rt_tsk_susp) for k_rt_tsk_susp
    hal.o(i.SVC_Handler) refers to k_task.o(i.k_rt_tsk_get) for k_rt_tsk_get
    k_mem.o(i.k_mem_init) refers to k_mem.o(i.k_mpool_create) for k_mpool_create
    k_mem.o(i.k_mpool_alloc) refers to k_mem_utils.o(i.check_size) for check_size
    k_mem.o(i.k_mpool_alloc) refers to math.o(i.upper_base2) for upper_base2
    k_mem.o(i.k_mpool_alloc) refers to math.o(i.log2_32) for log2_32
    k_mem.o(i.k_mpool_alloc) refers to k_mem_utils.o(i.get_FL_layer) for get_FL_layer
    k_mem.o(i.k_mpool_alloc) refers to k_mem_utils.o(i.split) for split
    k_mem.o(i.k_mpool_alloc) refers to freelist.o(i.FL_Remove) for FL_Remove
    k_mem.o(i.k_mpool_alloc) refers to k_mem_utils.o(i.get_size_from_FL_index) for get_size_from_FL_index
    k_mem.o(i.k_mpool_alloc) refers to k_mem_utils.o(i.get_x_value) for get_x_value
    k_mem.o(i.k_mpool_alloc) refers to k_mem_utils.o(i.xk_to_bit) for xk_to_bit
    k_mem.o(i.k_mpool_alloc) refers to bit_array.o(i.BA_Toggle) for BA_Toggle
    k_mem.o(i.k_mpool_alloc) refers to k_rtx_init.o(.data) for errno
    k_mem.o(i.k_mpool_alloc) refers to k_mem.o(.data) for mpool1_size
    k_mem.o(i.k_mpool_alloc) refers to k_mem.o(.bss) for IRAM1_Bit_Array
    k_mem.o(i.k_mpool_create) refers to math.o(i.log2_32) for log2_32
    k_mem.o(i.k_mpool_create) refers to freelist.o(i.FL_Insert) for FL_Insert
    k_mem.o(i.k_mpool_create) refers to k_rtx_init.o(.data) for errno
    k_mem.o(i.k_mpool_create) refers to k_mem.o(.data) for mpool1_size
    k_mem.o(i.k_mpool_create) refers to k_mem.o(.bss) for IRAM1_FL_Array
    k_mem.o(i.k_mpool_dealloc) refers to k_mem_utils.o(i.xk_to_bit) for xk_to_bit
    k_mem.o(i.k_mpool_dealloc) refers to bit_array.o(i.BA_Get) for BA_Get
    k_mem.o(i.k_mpool_dealloc) refers to bit_array.o(i.BA_Toggle) for BA_Toggle
    k_mem.o(i.k_mpool_dealloc) refers to k_mem_utils.o(i.coalesce) for coalesce
[...]
    k_mem.o(i.k_mpool_dump) refers to printf.o(i.tfp_printf) for tfp_printf
    k_mem.o(i.k_mpool_dump) refers to k_rtx_init.o(.data) for errno
    k_mem.o(i.k_mpool_dump) refers to k_mem.o(.bss) for IRAM1_FL_Array
    k_msg.o(i.k_mbx_create) refers to msg_buf.o(i.msg_buf_init) for msg_buf_init
    k_msg.o(i.k_mbx_create) refers to k_rtx_init.o(.data) for errno
    k_msg.o(i.k_mbx_create) refers to k_task.o(.data) for gp_current_task
    k_msg.o(i.k_mbx_create) refers to k_rtx_init.o(.bss) for g_irq_mbxs
    k_msg.o(i.k_mbx_destroy) refers to k_mem.o(i.k_mpool_dealloc) for k_mpool_dealloc
    k_msg.o(i.k_mbx_destroy) refers to freelist.o(i.FL_Pop) for FL_Pop
    k_msg.o(i.k_mbx_destroy) refers to k_task.o(i.scheduler_triage) for scheduler_triage
    k_msg.o(i.k_mbx_destroy) refers to msg_buf.o(i.msg_buf_destroy) for msg_buf_destroy
    k_msg.o(i.k_mbx_destroy) refers to k_task.o(.bss) for g_tcbs
    k_msg.o(i.k_mbx_destroy) refers to k_rtx_init.o(.bss) for g_irq_mbxs
    k_msg.o(i.k_mbx_empty_pq) refers to k_msg.o(i.msg_buf_space) for msg_buf_space
    k_msg.o(i.k_mbx_empty_pq) refers to freelist.o(i.FL_Pop) for FL_Pop
    k_msg.o(i.k_mbx_empty_pq) refers to k_mem.o(i.k_mpool_dealloc) for k_mpool_dealloc
    k_msg.o(i.k_mbx_empty_pq) refers to msg_buf.o(i.msg_buf_send) for msg_buf_send
    k_msg.o(i.k_mbx_empty_pq) refers to k_task.o(i.scheduler_triage) for scheduler_triage
    k_msg.o(i.k_mbx_empty_pq) refers to k_task.o(i.k_tsk_run_new) for k_tsk_run_new
    k_msg.o(i.k_mbx_empty_pq) refers to k_task.o(.bss) for g_tcbs
    k_msg.o(i.k_mbx_empty_pq) refers to k_rtx_init.o(.data) for g_current_irq
    k_msg.o(i.k_mbx_get) refers to k_msg.o(i.msg_buf_space) for msg_buf_space
    k_msg.o(i.k_mbx_get) refers to k_task.o(.bss) for g_tcbs
    k_msg.o(i.k_mbx_get) refers to k_rtx_init.o(.data) for errno
    k_msg.o(i.k_mbx_ls) refers to k_rtx_init.o(.data) for errno
    k_msg.o(i.k_mbx_ls) refers to k_task.o(.bss) for g_tcbs
    k_msg.o(i.k_mbx_sender_unblock_receiver) refers to k_task.o(i.scheduler_triage) for scheduler_triage
    k_msg.o(i.k_mbx_sender_unblock_receiver) refers to k_task.o(i.k_tsk_run_new) for k_tsk_run_new
    k_msg.o(i.k_mbx_sender_unblock_receiver) refers to k_task.o(.bss) for g_tcbs
    k_msg.o(i.k_recv_msg) refers to k_msg.o(i.msg_buf_check_space_used) for msg_buf_check_space_used
    k_msg.o(i.k_recv_msg) refers to k_task.o(i.k_tsk_run_new) for k_tsk_run_new
    k_msg.o(i.k_recv_msg) refers to msg_buf.o(i.msg_buf_recieve) for msg_buf_recieve
    k_msg.o(i.k_recv_msg) refers to k_msg.o(i.k_mbx_empty_pq) for k_mbx_empty_pq
    k_msg.o(i.k_recv_msg) refers to k_rtx_init.o(.data) for errno
    k_msg.o(i.k_recv_msg) refers to k_task.o(.data) for gp_current_task
    k_msg.o(i.k_recv_msg) refers to k_rtx_init.o(.bss) for g_irq_mbxs
    k_msg.o(i.k_recv_msg_nb) refers to k_msg.o(i.msg_buf_check_space_used) for msg_buf_check_space_used
    k_msg.o(i.k_recv_msg_nb) refers to msg_buf.o(i.msg_buf_recieve) for msg_buf_recieve
    k_msg.o(i.k_recv_msg_nb) refers to k_msg.o(i.k_mbx_empty_pq) for k_mbx_empty_pq
    k_msg.o(i.k_recv_msg_nb) refers to k_rtx_init.o(.data) for errno
    k_msg.o(i.k_recv_msg_nb) refers to k_task.o(.data) for gp_current_task
    k_msg.o(i.k_recv_msg_nb) refers to k_rtx_init.o(.bss) for g_irq_mbxs
    k_msg.o(i.k_send_msg) refers to k_msg.o(i.msg_buf_space) for msg_buf_space
    k_msg.o(i.k_send_msg) refers to msg_buf.o(i.msg_buf_pq_full) for msg_buf_pq_full
    k_msg.o(i.k_send_msg) refers to k_mem.o(i.k_mpool_alloc) for k_mpool_alloc
    k_msg.o(i.k_send_msg) refers to k_task.o(i.k_tsk_msg_triage) for k_tsk_msg_triage
    k_msg.o(i.k_send_msg) refers to k_task.o(i.k_tsk_run_new) for k_tsk_run_new
    k_msg.o(i.k_send_msg) refers to k_mem.o(i.k_mpool_dealloc) for k_mpool_dealloc
    k_msg.o(i.k_send_msg) refers to k_msg.o(i.k_mbx_sender_unblock_receiver) for k_mbx_sender_unblock_receiver
    k_msg.o(i.k_send_msg) refers to msg_buf.o(i.msg_buf_send) for msg_buf_send
    k_msg.o(i.k_send_msg) refers to k_rtx_init.o(.data) for errno
    k_msg.o(i.k_send_msg) refers to k_task.o(.bss) for g_tcbs
    k_msg.o(i.k_send_msg) refers to k_rtx_init.o(.bss) for g_irq_mbxs
    k_msg.o(i.k_send_msg_nb) refers to k_msg.o(i.msg_buf_space) for msg_buf_space
    k_msg.o(i.k_send_msg_nb) refers to msg_buf.o(i.msg_buf_send) for msg_buf_send
    k_msg.o(i.k_send_msg_nb) refers to k_msg.o(i.k_mbx_sender_unblock_receiver) for k_mbx_sender_unblock_receiver
    k_msg.o(i.k_send_msg_nb) refers to k_rtx_init.o(.data) for errno
    k_msg.o(i.k_send_msg_nb) refers to k_task.o(.bss) for g_tcbs
    k_msg.o(i.k_send_msg_nb) refers to k_rtx_init.o(.bss) for g_irq_mbxs
    k_rtx_init.o(i.k_pre_rtx_init) refers to k_mem.o(i.k_mem_init) for k_mem_init
    k_rtx_init.o(i.k_pre_rtx_init) refers to k_mem.o(i.k_mpool_alloc) for k_mpool_alloc
    k_rtx_init.o(i.k_rtx_init) refers to uart_irq.o(i.uart_irq_init) for uart_irq_init
    k_rtx_init.o(i.k_rtx_init) refers to k_task.o(i.k_tsk_init) for k_tsk_init
    k_rtx_init.o(i.k_rtx_init) refers to timer.o(i.timer_irq_init) for timer_irq_init
    k_rtx_init.o(i.k_rtx_init) refers to timer.o(i.timer_freerun_init) for timer_freerun_init
    k_rtx_init.o(i.k_rtx_init) refers to k_task.o(.emb_text) for k_tsk_start
    k_rtx_init.o(i.k_rtx_init) refers to k_rtx_init.o(.data) for errno
    k_task.o(.emb_text) refers to k_task.o(.data) for gp_current_task
    k_task.o(i.k_rt_tsk_get) refers to k_task.o(.data) for gp_current_task
    k_task.o(i.k_rt_tsk_get) refers to k_rtx_init.o(.data) for errno
    k_task.o(i.k_rt_tsk_get) refers to k_task.o(.bss) for g_tcbs
    k_task.o(i.k_rt_tsk_set) refers to k_mem.o(i.k_mpool_alloc) for k_mpool_alloc
    k_task.o(i.k_rt_tsk_set) refers to timer.o(i.ctr_500usec) for ctr_500usec
    k_task.o(i.k_rt_tsk_set) refers to k_task.o(i.compute_deadline) for compute_deadline
    k_task.o(i.k_rt_tsk_set) refers to k_task.o(i.k_tsk_run_new) for k_tsk_run_new
    k_task.o(i.k_rt_tsk_set) refers to k_rtx_init.o(.data) for errno
    k_task.o(i.k_rt_tsk_set) refers to k_task.o(.data) for gp_current_task
    k_task.o(i.k_rt_tsk_susp) refers to timer.o(i.ctr_500usec) for ctr_500usec
    k_task.o(i.k_rt_tsk_susp) refers to freelist.o(i.FL_Sorted_Insert) for FL_Sorted_Insert
    k_task.o(i.k_rt_tsk_susp) refers to k_task.o(i.k_tsk_run_new) for k_tsk_run_new
    k_task.o(i.k_rt_tsk_susp) refers to k_task.o(i.compute_deadline) for compute_deadline
    k_task.o(i.k_rt_tsk_susp) refers to memseta.o(.text) for __aeabi_memclr4
    k_task.o(i.k_rt_tsk_susp) refers to k_task.o(i.k_tsk_gettid) for k_tsk_gettid
    k_task.o(i.k_rt_tsk_susp) refers to printf.o(i.tfp_sprintf) for tfp_sprintf
    k_task.o(i.k_rt_tsk_susp) refers to k_msg.o(i.k_send_msg) for k_send_msg
    k_task.o(i.k_rt_tsk_susp) refers to k_mem.o(i.k_mpool_dealloc) for k_mpool_dealloc
    k_task.o(i.k_rt_tsk_susp) refers to printf.o(i.tfp_printf) for tfp_printf
    k_task.o(i.k_rt_tsk_susp) refers to k_task.o(.data) for gp_current_task
    k_task.o(i.k_rt_tsk_susp) refers to k_rtx_init.o(.data) for errno
    k_task.o(i.k_rt_tsk_susp) refers to k_task.o(i.k_tsk_earlier_deadline) for k_tsk_earlier_deadline
    k_task.o(i.k_rt_tsk_unsuspend) refers to k_task.o(i.compute_deadline) for compute_deadline
    k_task.o(i.k_rt_tsk_unsuspend) refers to k_task.o(i.scheduler_triage) for scheduler_triage
    k_task.o(i.k_rt_tsk_unsuspend) refers to freelist.o(i.FL_Pop) for FL_Pop
    k_task.o(i.k_rt_tsk_unsuspend) refers to k_task.o(i.k_tsk_run_new) for k_tsk_run_new
    k_task.o(i.k_rt_tsk_unsuspend) refers to k_task.o(.data) for g_rt_suspended
    k_task.o(i.k_tsk_create) refers to freelist.o(i.FL_Pop) for FL_Pop
    k_task.o(i.k_tsk_create) refers to k_task.o(i.k_tsk_create_new) for k_tsk_create_new
    k_task.o(i.k_tsk_create) refers to k_task.o(i.scheduler_triage) for scheduler_triage
    k_task.o(i.k_tsk_create) refers to k_task.o(i.k_tsk_run_new) for k_tsk_run_new
    k_task.o(i.k_tsk_create) refers to k_task.o(.data) for g_num_active_tasks
    k_task.o(i.k_tsk_create) refers to k_rtx_init.o(.data) for errno
    k_task.o(i.k_tsk_create) refers to k_task.o(.bss) for g_pq_arr
    k_task.o(i.k_tsk_create_new) refers to k_mem.o(i.k_mpool_alloc) for k_mpool_alloc
    k_task.o(i.k_tsk_create_new) refers to math.o(i.upper_base2) for upper_base2
    k_task.o(i.k_tsk_create_new) refers to k_rtx_init.o(.data) for errno
    k_task.o(i.k_tsk_create_new) refers to hal.o(.emb_text) for SVC_RTE
    k_task.o(i.k_tsk_exit) refers to timer.o(i.ctr_500usec) for ctr_500usec
    k_task.o(i.k_tsk_exit) refers to memseta.o(.text) for __aeabi_memclr4
    k_task.o(i.k_tsk_exit) refers to k_task.o(i.k_tsk_gettid) for k_tsk_gettid
    k_task.o(i.k_tsk_exit) refers to printf.o(i.tfp_sprintf) for tfp_sprintf
    k_task.o(i.k_tsk_exit) refers to k_msg.o(i.k_send_msg) for k_send_msg
    k_task.o(i.k_tsk_exit) refers to k_mem.o(i.k_mpool_dealloc) for k_mpool_dealloc
    k_task.o(i.k_tsk_exit) refers to printf.o(i.tfp_printf) for tfp_printf
    k_task.o(i.k_tsk_exit) refers to k_msg.o(i.k_mbx_destroy) for k_mbx_destroy
    k_task.o(i.k_tsk_exit) refers to k_task.o(i.k_tsk_run_new) for k_tsk_run_new
    k_task.o(i.k_tsk_exit) refers to k_task.o(.data) for gp_current_task
    k_task.o(i.k_tsk_get) refers to memcpya.o(.text) for __aeabi_memcpy4
    k_task.o(i.k_tsk_get) refers to k_rtx_init.o(.data) for errno
    k_task.o(i.k_tsk_get) refers to k_task.o(.bss) for g_tcbs
    k_task.o(i.k_tsk_get) refers to k_task.o(.data) for gp_current_task
    k_task.o(i.k_tsk_gettid) refers to k_task.o(.data) for gp_current_task
    k_task.o(i.k_tsk_init) refers to k_task.o(i.k_tsk_init_first) for k_tsk_init_first
    k_task.o(i.k_tsk_init) refers to k_task.o(i.k_tsk_create_new) for k_tsk_create_new
    k_task.o(i.k_tsk_init) refers to k_task.o(i.k_tsk_init_KCD) for k_tsk_init_KCD
    k_task.o(i.k_tsk_init) refers to k_task.o(i.scheduler_triage) for scheduler_triage
    k_task.o(i.k_tsk_init) refers to k_task.o(i.k_tsk_init_CDISP) for k_tsk_init_CDISP
    k_task.o(i.k_tsk_init) refers to k_task.o(i.k_tsk_init_WLCLK) for k_tsk_init_WLCLK
    k_task.o(i.k_tsk_init) refers to timer.o(i.set_timer_operation) for set_timer_operation
    k_task.o(i.k_tsk_init) refers to k_task.o(.bss) for g_tcbs
    k_task.o(i.k_tsk_init) refers to k_task.o(.data) for g_num_active_tasks
    k_task.o(i.k_tsk_init) refers to k_task.o(i.k_rt_tsk_unsuspend) for k_rt_tsk_unsuspend
    k_task.o(i.k_tsk_init_CDISP) refers to cdisp_task.o(i.task_cdisp) for task_cdisp
    k_task.o(i.k_tsk_init_KCD) refers to kcd_task.o(i.task_kcd) for task_kcd
    k_task.o(i.k_tsk_init_WLCLK) refers to wall_clock_task.o(i.task_wall_clock) for task_wall_clock
    k_task.o(i.k_tsk_init_first) refers to null_task.o(i.task_null) for task_null
    k_task.o(i.k_tsk_ls) refers to k_rtx_init.o(.data) for errno
    k_task.o(i.k_tsk_ls) refers to k_task.o(.bss) for g_tcbs
    k_task.o(i.k_tsk_msg_triage) refers to k_mem.o(i.k_mpool_alloc) for k_mpool_alloc
    k_task.o(i.k_tsk_msg_triage) refers to freelist.o(i.FL_Insert_Back) for FL_Insert_Back
    k_task.o(i.k_tsk_msg_triage) refers to k_task.o(.bss) for g_tcbs
    k_task.o(i.k_tsk_run_new) refers to k_task.o(i.scheduler_triage) for scheduler_triage
    k_task.o(i.k_tsk_run_new) refers to k_task.o(i.scheduler) for scheduler
    k_task.o(i.k_tsk_run_new) refers to k_task.o(.emb_text) for k_tsk_switch
    k_task.o(i.k_tsk_run_new) refers to k_task.o(.data) for gp_current_task
    k_task.o(i.k_tsk_set_prio) refers to k_task.o(i.k_tsk_run_new) for k_tsk_run_new
    k_task.o(i.k_tsk_set_prio) refers to freelist.o(i.FL_Remove) for FL_Remove
    k_task.o(i.k_tsk_set_prio) refers to k_task.o(i.scheduler_triage) for scheduler_triage
    k_task.o(i.k_tsk_set_prio) refers to k_task.o(i.k_tsk_msg_triage) for k_tsk_msg_triage
    k_task.o(i.k_tsk_set_prio) refers to k_mem.o(i.k_mpool_dealloc) for k_mpool_dealloc
    k_task.o(i.k_tsk_set_prio) refers to k_rtx_init.o(.data) for errno
    k_task.o(i.k_tsk_set_prio) refers to k_task.o(.data) for gp_current_task
    k_task.o(i.k_tsk_set_prio) refers to k_task.o(.bss) for g_tcbs
    k_task.o(i.k_tsk_yield) refers to k_task.o(i.k_tsk_run_new) for k_tsk_run_new
    k_task.o(i.k_tsk_yield) refers to k_task.o(.data) for gp_current_task
    k_task.o(i.scheduler) refers to freelist.o(i.FL_Remove) for FL_Remove
    k_task.o(i.scheduler) refers to k_task.o(.bss) for g_pq_arr
    k_task.o(i.scheduler) refers to k_task.o(.data) for g_null_task
    k_task.o(i.scheduler_triage) refers to freelist.o(i.FL_Sorted_Insert) for FL_Sorted_Insert
    k_task.o(i.scheduler_triage) refers to freelist.o(i.FL_Insert_Back) for FL_Insert_Back
    k_task.o(i.scheduler_triage) refers to freelist.o(i.FL_Insert) for FL_Insert
    k_task.o(i.scheduler_triage) refers to k_task.o(.bss) for g_pq_arr
    k_task.o(i.scheduler_triage) refers to k_task.o(i.k_tsk_earlier_deadline) for k_tsk_earlier_deadline
    printf.o(i.a2i) refers to printf.o(i.a2d) for a2d
    printf.o(i.i2a) refers to printf.o(i.ui2a) for ui2a
    printf.o(i.init_printf) refers to printf.o(.data) for stdout_putf
    printf.o(i.tfp_format) refers to printf.o(i.a2i) for a2i
    printf.o(i.tfp_format) refers to printf.o(i.ui2a) for ui2a
    printf.o(i.tfp_format) refers to printf.o(i.putchw) for putchw
    printf.o(i.tfp_format) refers to printf.o(i.i2a) for i2a
    printf.o(i.tfp_printf) refers to printf.o(i.tfp_format) for tfp_format
    printf.o(i.tfp_printf) refers to printf.o(.data) for stdout_putf
    printf.o(i.tfp_sprintf) refers to printf.o(i.tfp_format) for tfp_format
    printf.o(i.tfp_sprintf) refers to printf.o(i.putcp) for putcp
    kcd_task.o(i.print_all_tasks) refers to printf.o(i.tfp_sprintf) for tfp_sprintf
    kcd_task.o(i.print_all_tasks) refers to k_task.o(.bss) for g_tcbs
    kcd_task.o(i.print_error) refers to printf.o(i.tfp_sprintf) for tfp_sprintf
    kcd_task.o(i.print_mailbox_tasks) refers to printf.o(i.tfp_sprintf) for tfp_sprintf
    kcd_task.o(i.print_mailbox_tasks) refers to k_task.o(.bss) for g_tcbs
    kcd_task.o(i.task_kcd) refers to memseta.o(.text) for __aeabi_memclr4
    kcd_task.o(i.task_kcd) refers to printf.o(i.tfp_sprintf) for tfp_sprintf
    kcd_task.o(i.task_kcd) refers to kcd_task.o(i.print_all_tasks) for print_all_tasks
    kcd_task.o(i.task_kcd) refers to kcd_task.o(i.print_mailbox_tasks) for print_mailbox_tasks
    kcd_task.o(i.task_kcd) refers to kcd_task.o(i.wall_clock_reset) for wall_clock_reset
    kcd_task.o(i.task_kcd) refers to kcd_task.o(i.wall_clock_set) for wall_clock_set
    kcd_task.o(i.task_kcd) refers to kcd_task.o(i.wall_clock_terminate) for wall_clock_terminate
    kcd_task.o(i.task_kcd) refers to kcd_task.o(i.print_error) for print_error
    kcd_task.o(i.wall_clock_reset) refers to printf.o(i.tfp_printf) for tfp_printf
    kcd_task.o(i.wall_clock_reset) refers to printf.o(i.tfp_sprintf) for tfp_sprintf
    kcd_task.o(i.wall_clock_set) refers to printf.o(i.tfp_printf) for tfp_printf
    kcd_task.o(i.wall_clock_set) refers to printf.o(i.tfp_sprintf) for tfp_sprintf
    kcd_task.o(i.wall_clock_terminate) refers to printf.o(i.tfp_printf) for tfp_printf
    kcd_task.o(i.wall_clock_terminate) refers to printf.o(i.tfp_sprintf) for tfp_sprintf
    wall_clock_task.o(i.display_wall_clock) refers to printf.o(i.tfp_sprintf) for tfp_sprintf
    wall_clock_task.o(i.task_wall_clock) refers to k_task.o(i.k_rt_tsk_set) for k_rt_tsk_set
    wall_clock_task.o(i.task_wall_clock) refers to printf.o(i.tfp_sprintf) for tfp_sprintf
    wall_clock_task.o(i.task_wall_clock) refers to wall_clock_task.o(i.display_wall_clock) for display_wall_clock
    math.o(i.log2_32) refers to math.o(.constdata) for tab32
    math.o(i.num_nodes_in_bbit_tree) refers to math.o(i.pow_base_2) for pow_base_2
    math.o(i.upper_base2) refers to math.o(i.log2_32) for log2_32
    bit_array.o(i.BA_Print) refers to bit_array.o(i.BA_Get) for BA_Get
    bit_array.o(i.BA_Print) refers to printf.o(i.tfp_printf) for tfp_printf
    freelist.o(i.FL_Insert_Back) refers to freelist.o(i.FL_Insert) for FL_Insert
    freelist.o(i.FL_Insert_Back) refers to freelist.o(i.FL_Insert_After) for FL_Insert_After
    freelist.o(i.FL_Pop) refers to freelist.o(i.FL_Remove) for FL_Remove
    freelist.o(i.FL_Sorted_Insert) refers to freelist.o(i.FL_Insert) for FL_Insert
    freelist.o(i.FL_Sorted_Insert) refers to freelist.o(i.FL_Insert_After) for FL_Insert_After
    k_mem_utils.o(i.check_size) refers to k_rtx_init.o(.data) for errno
    k_mem_utils.o(i.coalesce) refers to k_mem_utils.o(i.xk_to_bit) for xk_to_bit
    k_mem_utils.o(i.coalesce) refers to bit_array.o(i.BA_Get) for BA_Get
    k_mem_utils.o(i.coalesce) refers to k_mem_utils.o(i.get_size_from_FL_index) for get_size_from_FL_index
    k_mem_utils.o(i.coalesce) refers to k_mem_utils.o(i.x_value_to_address) for x_value_to_address
    k_mem_utils.o(i.coalesce) refers to freelist.o(i.FL_Remove) for FL_Remove
    k_mem_utils.o(i.split) refers to freelist.o(i.FL_Remove) for FL_Remove
    k_mem_utils.o(i.split) refers to k_mem_utils.o(i.get_size_from_FL_index) for get_size_from_FL_index
    k_mem_utils.o(i.split) refers to k_mem_utils.o(i.get_x_value) for get_x_value
    k_mem_utils.o(i.split) refers to k_mem_utils.o(i.xk_to_bit) for xk_to_bit
    k_mem_utils.o(i.split) refers to bit_array.o(i.BA_Toggle) for BA_Toggle
    k_mem_utils.o(i.split) refers to freelist.o(i.FL_Insert) for FL_Insert
    cbuf.o(i.cbuf_destroy) refers to k_mem.o(i.k_mpool_dealloc) for k_mpool_dealloc
    cbuf.o(i.cbuf_destroy) refers to k_rtx_init.o(.data) for errno
    cbuf.o(i.cbuf_init) refers to k_mem.o(i.k_mpool_alloc) for k_mpool_alloc
    cbuf.o(i.cbuf_init) refers to k_rtx_init.o(.data) for errno
    cbuf.o(i.cbuf_insert_back) refers to cbuf.o(i.cbuf_deepcopy) for cbuf_deepcopy
    cbuf.o(i.cbuf_peek_front) refers to cbuf.o(i.cbuf_deepcopy) for cbuf_deepcopy
    cbuf.o(i.cbuf_remove_front) refers to cbuf.o(i.cbuf_peek_front) for cbuf_peek_front
    msg_buf.o(i.msg_buf_destroy) refers to cbuf.o(i.cbuf_destroy) for cbuf_destroy
    msg_buf.o(i.msg_buf_init) refers to cbuf.o(i.cbuf_init) for cbuf_init
    msg_buf.o(i.msg_buf_recieve) refers to cbuf.o(i.cbuf_remove_front) for cbuf_remove_front
    msg_buf.o(i.msg_buf_send) refers to cbuf.o(i.cbuf_insert_back) for cbuf_insert_back
    startup_lpc17xx.o(RESET) refers to startup_lpc17xx.o(STACK) for __initial_sp
    startup_lpc17xx.o(RESET) refers to startup_lpc17xx.o(.text) for Reset_Handler
    startup_lpc17xx.o(RESET) refers to hal.o(i.SVC_Handler) for SVC_Handler
    startup_lpc17xx.o(RESET) refers to timer.o(i.TIMER0_IRQHandler) for TIMER0_IRQHandler
    startup_lpc17xx.o(RESET) refers to uart_irq.o(i.UART0_IRQHandler) for UART0_IRQHandler
    startup_lpc17xx.o(.text) refers to system_lpc17xx.o(i.SystemInit) for SystemInit
    startup_lpc17xx.o(.text) refers to entry.o(.ARM.Collect$$$$00000000) for __main
    system_lpc17xx.o(i.SystemCoreClockUpdate) refers to uldiv.o(.text) for __aeabi_uldivmod
    system_lpc17xx.o(i.SystemCoreClockUpdate) refers to system_lpc17xx.o(.data) for SystemCoreClock
    entry.o(.ARM.Collect$$$$00000000) refers (Special) to entry10a.o(.ARM.Collect$$$$0000000F) for __rt_final_cpp
    entry.o(.ARM.Collect$$$$00000000) refers (Special) to entry11a.o(.ARM.Collect$$$$00000011) for __rt_final_exit
    entry.o(.ARM.Collect$$$$00000000) refers (Special) to entry12b.o(.ARM.Collect$$$$0000000E) for __rt_lib_shutdown_fini
    entry.o(.ARM.Collect$$$$00000000) refers (Special) to entry7b.o(.ARM.Collect$$$$00000008) for _main_clock
    entry.o(.ARM.Collect$$$$00000000) refers (Special) to entry8b.o(.ARM.Collect$$$$0000000A) for _main_cpp_init
    entry.o(.ARM.Collect$$$$00000000) refers (Special) to entry9a.o(.ARM.Collect$$$$0000000B) for _main_init
    entry.o(.ARM.Collect$$$$00000000) refers (Special) to entry5.o(.ARM.Collect$$$$00000004) for _main_scatterload
    entry.o(.ARM.Collect$$$$00000000) refers (Special) to entry2.o(.ARM.Collect$$$$00000001) for _main_stk
    uldiv.o(.text) refers to llushr.o(.text) for __aeabi_llsr
    uldiv.o(.text) refers to llshl.o(.text) for __aeabi_llsl
    entry2.o(.ARM.Collect$$$$00000001) refers to entry2.o(.ARM.Collect$$$$00002712) for __lit__00000000
    entry2.o(.ARM.Collect$$$$00002712) refers to startup_lpc17xx.o(STACK) for __initial_sp
    entry2.o(__vectab_stack_and_reset_area) refers to startup_lpc17xx.o(STACK) for __initial_sp
    entry2.o(__vectab_stack_and_reset_area) refers to entry.o(.ARM.Collect$$$$00000000) for __main
    entry5.o(.ARM.Collect$$$$00000004) refers to init.o(.text) for __scatterload
    entry9a.o(.ARM.Collect$$$$0000000B) refers to main.o(i.main) for main
    entry9b.o(.ARM.Collect$$$$0000000C) refers to main.o(i.main) for main
    main.o(i.main) refers to system_lpc17xx.o(i.SystemInit) for SystemInit
    main.o(i.main) refers to uart_polling.o(i.uart_init) for uart_init
    main.o(i.main) refers to printf.o(i.init_printf) for init_printf
    main.o(i.main) refers to ae.o(i.ae_init) for ae_init
    main.o(i.main) refers to uart_polling.o(i.putc) for putc
    main.o(i.main) refers to main.o(.data) for sys
    main.o(i.main) refers to k_rtx_init.o(i.k_pre_rtx_init) for k_pre_rtx_init
    init.o(.text) refers to entry5.o(.ARM.Collect$$$$00000004) for __main_after_scatterload
    ae.o(i.ae_init) refers to ae.o(i.ae_set_sys_info) for ae_set_sys_info
    ae.o(i.ae_init) refers to ae.o(i.ae_set_init_tasks_info) for ae_set_init_tasks_info
    ae.o(i.ae_set_init_tasks_info) refers to ae_tasks15_g30.o(i.set_ae_init_tasks) for set_ae_init_tasks
    ae_tasks15_g30.o(i.set_ae_init_tasks) refers to ae_tasks15_g30.o(i.set_ae_tasks) for set_ae_tasks
    ae_tasks15_g30.o(i.set_ae_init_tasks) refers to ae_tasks15_g30.o(.bss) for g_init_tasks
    ae_tasks15_g30.o(i.set_ae_tasks) refers to ae_tasks15_g30.o(i.task3) for task3
    ae_tasks15_g30.o(i.set_ae_tasks) refers to ae_tasks15_g30.o(i.task2) for task2
    ae_tasks15_g30.o(i.set_ae_tasks) refers to ae_tasks15_g30.o(i.task1) for task1
    ae_tasks15_g30.o(i.task1) refers to printf.o(i.tfp_printf) for tfp_printf
    ae_tasks15_g30.o(i.task2) refers to printf.o(i.tfp_printf) for tfp_printf
    ae_tasks15_g30.o(i.task3) refers to printf.o(i.tfp_printf) for tfp_printf
    ae_tasks15_g30.o(i.test_task) refers to printf.o(i.tfp_printf) for tfp_printf
    ae_tasks15_g30.o(i.test_task) refers to ae_tasks15_g30.o(i.task1) for task1
    ae_tasks15_g30.o(i.test_task) refers to ae_tasks15_g30.o(.bss) for g_tids
    ae_tasks15_g30.o(i.test_task) refers to ae_tasks15_g30.o(i.task2) for task2
    ae_tasks15_g30.o(i.test_task) refers to ae_tasks15_g30.o(i.task3) for task3
    ae_tasks15_g30.o(i.test_task) refers to ae_tasks15_g30.o(i.task4) for task4
    ae_tasks15_g30.o(i.test_task) refers to ae_tasks15_g30.o(.data) for passed_tests


==============================================================================

Removing Unused input sections from the image.

    Removing uart_polling.o(.rev16_text), (4 bytes).
    Removing uart_polling.o(.revsh_text), (4 bytes).
    Removing uart_polling.o(.rrx_text), (6 bytes).
    Removing uart_polling.o(i.uart_get_char), (48 bytes).
    Removing uart_irq.o(.rev16_text), (4 bytes).
    Removing uart_irq.o(.revsh_text), (4 bytes).
    Removing uart_irq.o(.rrx_text), (6 bytes).
    Removing timer.o(.rev16_text), (4 bytes).
    Removing timer.o(.revsh_text), (4 bytes).
    Removing timer.o(.rrx_text), (6 bytes).
    Removing hal.o(.rev16_text), (4 bytes).
    Removing hal.o(.revsh_text), (4 bytes).
    Removing hal.o(.rrx_text), (6 bytes).
    Removing k_mem.o(.rev16_text), (4 bytes).
    Removing k_mem.o(.revsh_text), (4 bytes).
    Removing k_mem.o(.rrx_text), (6 bytes).
    Removing k_mem.o(.constdata), (8 bytes).
    Removing k_msg.o(.rev16_text), (4 bytes).
    Removing k_msg.o(.revsh_text), (4 bytes).
    Removing k_msg.o(.rrx_text), (6 bytes).
    Removing k_rtx_init.o(.rev16_text), (4 bytes).
    Removing k_rtx_init.o(.revsh_text), (4 bytes).
    Removing k_rtx_init.o(.rrx_text), (6 bytes).
    Removing k_rtx_init.o(i.k_get_sys_info), (6 bytes).
    Removing k_task.o(.rev16_text), (4 bytes).
    Removing k_task.o(.revsh_text), (4 bytes).
    Removing k_task.o(.rrx_text), (6 bytes).
    Removing k_task.o(i.tv_less), (38 bytes).
    Removing cdisp_task.o(.rev16_text), (4 bytes).
    Removing cdisp_task.o(.revsh_text), (4 bytes).
    Removing cdisp_task.o(.rrx_text), (6 bytes).
    Removing kcd_task.o(.rev16_text), (4 bytes).
    Removing kcd_task.o(.revsh_text), (4 bytes).
    Removing kcd_task.o(.rrx_text), (6 bytes).
    Removing null_task.o(.rev16_text), (4 bytes).
    Removing null_task.o(.revsh_text), (4 bytes).
    Removing null_task.o(.rrx_text), (6 bytes).
    Removing wall_clock_task.o(.rev16_text), (4 bytes).
    Removing wall_clock_task.o(.revsh_text), (4 bytes).
    Removing wall_clock_task.o(.rrx_text), (6 bytes).
    Removing math.o(i.num_nodes_in_bbit_tree), (14 bytes).
    Removing math.o(i.pow_base_2), (8 bytes).
    Removing bit_array.o(i.BA_Print), (56 bytes).
    Removing cbuf.o(.rev16_text), (4 bytes).
    Removing cbuf.o(.revsh_text), (4 bytes).
    Removing cbuf.o(.rrx_text), (6 bytes).
    Removing startup_lpc17xx.o(HEAP), (0 bytes).
    Removing system_lpc17xx.o(.rev16_text), (4 bytes).
    Removing system_lpc17xx.o(.revsh_text), (4 bytes).
    Removing system_lpc17xx.o(.rrx_text), (6 bytes).
    Removing system_lpc17xx.o(i.SystemCoreClockUpdate), (424 bytes).
    Removing system_lpc17xx.o(.data), (4 bytes).
    Removing main.o(.rev16_text), (4 bytes).
    Removing main.o(.revsh_text), (4 bytes).
    Removing ae.o(i.ae_exit), (4 bytes).
    Removing ae_tasks15_g30.o(i.task4), (4 bytes).
    Removing ae_tasks15_g30.o(i.test_task), (212 bytes).
    Removing ae_tasks15_g30.o(.data), (8 bytes).

58 unused section(s) (total 1038 bytes) removed from the image.

==============================================================================

Image Symbol Table

    Local Symbols

    Symbol Name                              Value     Ov Type        Size  Object(Section)

    RESET                                    0x00000000   Section      204  startup_lpc17xx.o(RESET)
    ../clib/microlib/division.c              0x00000000   Number         0  uldiv.o ABSOLUTE
    ../clib/microlib/init/entry.s            0x00000000   Number         0  entry7a.o ABSOLUTE
    ../clib/microlib/init/entry.s            0x00000000   Number         0  entry12b.o ABSOLUTE
    ../clib/microlib/init/entry.s            0x00000000   Number         0  entry12a.o ABSOLUTE
    ../clib/microlib/init/entry.s            0x00000000   Number         0  entry2.o ABSOLUTE
    ../clib/microlib/init/entry.s            0x00000000   Number         0  entry11a.o ABSOLUTE
    ../clib/microlib/init/entry.s            0x00000000   Number         0  entry10b.o ABSOLUTE
    ../clib/microlib/init/entry.s            0x00000000   Number         0  entry10a.o ABSOLUTE
    ../clib/microlib/init/entry.s            0x00000000   Number         0  entry9b.o ABSOLUTE
    ../clib/microlib/init/entry.s            0x00000000   Number         0  entry9a.o ABSOLUTE
    ../clib/microlib/init/entry.s            0x00000000   Number         0  entry8b.o ABSOLUTE
    ../clib/microlib/init/entry.s            0x00000000   Number         0  entry8a.o ABSOLUTE
    ../clib/microlib/init/entry.s            0x00000000   Number         0  entry7b.o ABSOLUTE
    ../clib/microlib/init/entry.s            0x00000000   Number         0  entry5.o ABSOLUTE
    ../clib/microlib/init/entry.s            0x00000000   Number         0  entry.o ABSOLUTE
    ../clib/microlib/init/entry.s            0x00000000   Number         0  entry11b.o ABSOLUTE
    ../clib/microlib/longlong.c              0x00000000   Number         0  llushr.o ABSOLUTE
    ../clib/microlib/longlong.c              0x00000000   Number         0  llshl.o ABSOLUTE
    ../clib/microlib/string/memcpy.c         0x00000000   Number         0  memcpyb.o ABSOLUTE
    ../clib/microlib/string/memcpy.c         0x00000000   Number         0  memcpya.o ABSOLUTE
    ../clib/microlib/string/memset.c         0x00000000   Number         0  memseta.o ABSOLUTE
    RTE\Device\LPC1768\startup_LPC17xx.s     0x00000000   Number         0  startup_lpc17xx.o ABSOLUTE
    RTE\Device\LPC1768\system_LPC17xx.c      0x00000000   Number         0  system_lpc17xx.o ABSOLUTE
    RTE\\Device\\LPC1768\\system_LPC17xx.c   0x00000000   Number         0  system_lpc17xx.o ABSOLUTE
    dc.s                                     0x00000000   Number         0  dc.o ABSOLUTE
    handlers.s                               0x00000000   Number         0  handlers.o ABSOLUTE
    init.s                                   0x00000000   Number         0  init.o ABSOLUTE
    src\\bsp\\LPC1768\\timer.c               0x00000000   Number         0  timer.o ABSOLUTE
    src\\bsp\\LPC1768\\uart_irq.c            0x00000000   Number         0  uart_irq.o ABSOLUTE
    src\\bsp\\LPC1768\\uart_polling.c        0x00000000   Number         0  uart_polling.o ABSOLUTE
    src\\common\\cbuf.c                      0x00000000   Number         0  cbuf.o ABSOLUTE
    src\\kernel\\HAL.c                       0x00000000   Number         0  hal.o ABSOLUTE
    src\\kernel\\k_mem.c                     0x00000000   Number         0  k_mem.o ABSOLUTE
    src\\kernel\\k_msg.c                     0x00000000   Number         0  k_msg.o ABSOLUTE
    src\\kernel\\k_rtx_init.c                0x00000000   Number         0  k_rtx_init.o ABSOLUTE
    src\\kernel\\k_task.c                    0x00000000   Number         0  k_task.o ABSOLUTE
    src\\main.c                              0x00000000   Number         0  main.o ABSOLUTE
    src\\tasks\\cdisp_task.c                 0x00000000   Number         0  cdisp_task.o ABSOLUTE
    src\\tasks\\kcd_task.c                   0x00000000   Number         0  kcd_task.o ABSOLUTE
    src\\tasks\\null_task.c                  0x00000000   Number         0  null_task.o ABSOLUTE
    src\\tasks\\wall_clock_task.c            0x00000000   Number         0  wall_clock_task.o ABSOLUTE
    src\ae\ae.c                              0x00000000   Number         0  ae.o ABSOLUTE
    src\ae\ae_tasks15_G30.c                  0x00000000   Number         0  ae_tasks15_g30.o ABSOLUTE
    src\bsp\LPC1768\timer.c                  0x00000000   Number         0  timer.o ABSOLUTE
    src\bsp\LPC1768\uart_irq.c               0x00000000   Number         0  uart_irq.o ABSOLUTE
    src\bsp\LPC1768\uart_polling.c           0x00000000   Number         0  uart_polling.o ABSOLUTE
    src\common\bit_array.c                   0x00000000   Number         0  bit_array.o ABSOLUTE
    src\common\cbuf.c                        0x00000000   Number         0  cbuf.o ABSOLUTE
    src\common\freelist.c                    0x00000000   Number         0  freelist.o ABSOLUTE
    src\common\k_mem_utils.c                 0x00000000   Number         0  k_mem_utils.o ABSOLUTE
    src\common\math.c                        0x00000000   Number         0  math.o ABSOLUTE
    src\common\msg_buf.c                     0x00000000   Number         0  msg_buf.o ABSOLUTE
    src\kernel\HAL.c                         0x00000000   Number         0  hal.o ABSOLUTE
    src\kernel\k_mem.c                       0x00000000   Number         0  k_mem.o ABSOLUTE
    src\kernel\k_msg.c                       0x00000000   Number         0  k_msg.o ABSOLUTE
    src\kernel\k_rtx_init.c                  0x00000000   Number         0  k_rtx_init.o ABSOLUTE
    src\kernel\k_task.c                      0x00000000   Number         0  k_task.o ABSOLUTE
    src\libu\printf.c                        0x00000000   Number         0  printf.o ABSOLUTE
    src\main.c                               0x00000000   Number         0  main.o ABSOLUTE
    src\tasks\cdisp_task.c                   0x00000000   Number         0  cdisp_task.o ABSOLUTE
    src\tasks\kcd_task.c                     0x00000000   Number         0  kcd_task.o ABSOLUTE
    src\tasks\null_task.c                    0x00000000   Number         0  null_task.o ABSOLUTE
    src\tasks\wall_clock_task.c              0x00000000   Number         0  wall_clock_task.o ABSOLUTE
    .ARM.Collect$$$$00000000                 0x000000cc   Section        0  entry.o(.ARM.Collect$$$$00000000)
    .ARM.Collect$$$$00000001                 0x000000cc   Section        4  entry2.o(.ARM.Collect$$$$00000001)
    .ARM.Collect$$$$00000004                 0x000000d0   Section        4  entry5.o(.ARM.Collect$$$$00000004)
    .ARM.Collect$$$$00000008                 0x000000d4   Section        0  entry7b.o(.ARM.Collect$$$$00000008)
    .ARM.Collect$$$$0000000A                 0x000000d4   Section        0  entry8b.o(.ARM.Collect$$$$0000000A)
    .ARM.Collect$$$$0000000B                 0x000000d4   Section        8  entry9a.o(.ARM.Collect$$$$0000000B)
    .ARM.Collect$$$$0000000E                 0x000000dc   Section        4  entry12b.o(.ARM.Collect$$$$0000000E)
    .ARM.Collect$$$$0000000F                 0x000000e0   Section        0  entry10a.o(.ARM.Collect$$$$0000000F)
    .ARM.Collect$$$$00000011                 0x000000e0   Section        0  entry11a.o(.ARM.Collect$$$$00000011)
    .ARM.Collect$$$$00002712                 0x000000e0   Section        4  entry2.o(.ARM.Collect$$$$00002712)
    __lit__00000000                          0x000000e0   Data           4  entry2.o(.ARM.Collect$$$$00002712)
    .emb_text                                0x000000e4   Section        8  hal.o(.emb_text)
    .emb_text                                0x000000ec   Section       50  k_task.o(.emb_text)
    .text                                    0x00000120   Section       36  startup_lpc17xx.o(.text)
    .text                                    0x00000144   Section        0  memcpya.o(.text)
    .text                                    0x00000168   Section        0  memseta.o(.text)
    .text                                    0x0000018c   Section       36  init.o(.text)
    i.BA_Get                                 0x000001b0   Section        0  bit_array.o(i.BA_Get)
    i.BA_Toggle                              0x000001c4   Section        0  bit_array.o(i.BA_Toggle)
    i.FL_Insert                              0x000001de   Section        0  freelist.o(i.FL_Insert)
    i.FL_Insert_After                        0x000001fc   Section        0  freelist.o(i.FL_Insert_After)
    i.FL_Insert_Back                         0x00000246   Section        0  freelist.o(i.FL_Insert_Back)
    i.FL_Pop                                 0x00000296   Section        0  freelist.o(i.FL_Pop)
    i.FL_Print                               0x000002a4   Section        0  freelist.o(i.FL_Print)
    i.FL_Remove                              0x000002ba   Section        0  freelist.o(i.FL_Remove)
    i.__scatterload_copy                     0x000002e6   Section       14  handlers.o(i.__scatterload_copy)
    i.__scatterload_null                     0x000002f4   Section        2  handlers.o(i.__scatterload_null)
    i.get_FL_layer                           0x000002f6   Section        0  k_mem_utils.o(i.get_FL_layer)
    .ARM.__at_0x02FC                         0x000002fc   Section        4  startup_lpc17xx.o(.ARM.__at_0x02FC)
    i.FL_Sorted_Insert                       0x00000300   Section        0  freelist.o(i.FL_Sorted_Insert)
    i.SVC_Handler                            0x0000035e   Section        0  hal.o(i.SVC_Handler)
    i.SystemInit                             0x00000488   Section        0  system_lpc17xx.o(i.SystemInit)
    i.TIMER0_IRQHandler                      0x000005c8   Section        0  timer.o(i.TIMER0_IRQHandler)
    i.UART0_IRQHandler                       0x00000648   Section        0  uart_irq.o(i.UART0_IRQHandler)
    i.__NVIC_EnableIRQ                       0x00000778   Section        0  uart_irq.o(i.__NVIC_EnableIRQ)
    __NVIC_EnableIRQ                         0x00000779   Thumb Code    34  uart_irq.o(i.__NVIC_EnableIRQ)
    i.__scatterload_zeroinit                 0x0000079a   Section       14  handlers.o(i.__scatterload_zeroinit)
    i.a2d                                    0x000007a8   Section        0  printf.o(i.a2d)
    a2d                                      0x000007a9   Thumb Code    50  printf.o(i.a2d)
    i.a2i                                    0x000007da   Section        0  printf.o(i.a2i)
    a2i                                      0x000007db   Thumb Code    58  printf.o(i.a2i)
    i.ae_init                                0x00000814   Section        0  ae.o(i.ae_init)
    i.ae_set_init_tasks_info                 0x00000844   Section        0  ae.o(i.ae_set_init_tasks_info)
    i.ae_set_sys_info                        0x0000085a   Section        0  ae.o(i.ae_set_sys_info)
    i.cbuf_deepcopy                          0x00000870   Section        0  cbuf.o(i.cbuf_deepcopy)
    i.cbuf_destroy                           0x000008a8   Section        0  cbuf.o(i.cbuf_destroy)
    i.cbuf_init                              0x000008d8   Section        0  cbuf.o(i.cbuf_init)
    i.cbuf_insert_back                       0x00000910   Section        0  cbuf.o(i.cbuf_insert_back)
    i.cbuf_peek_front                        0x00000962   Section        0  cbuf.o(i.cbuf_peek_front)
    i.cbuf_remove_front                      0x0000099c   Section        0  cbuf.o(i.cbuf_remove_front)
    i.check_size                             0x000009d0   Section        0  k_mem_utils.o(i.check_size)
    i.coalesce                               0x000009f0   Section        0  k_mem_utils.o(i.coalesce)
    i.compute_deadline                       0x00000a4c   Section        0  k_task.o(i.compute_deadline)
    i.ctr_500usec                            0x00000a6c   Section        0  timer.o(i.ctr_500usec)
    i.display_wall_clock                     0x00000a78   Section        0  wall_clock_task.o(i.display_wall_clock)
    i.get_size_from_FL_index                 0x00000b04   Section        0  k_mem_utils.o(i.get_size_from_FL_index)
    i.get_tick                               0x00000b10   Section        0  timer.o(i.get_tick)
    i.get_x_value                            0x00000b58   Section        0  k_mem_utils.o(i.get_x_value)
    i.i2a                                    0x00000b62   Section        0  printf.o(i.i2a)
    i2a                                      0x00000b63   Thumb Code    32  printf.o(i.i2a)
    i.init_printf                            0x00000b84   Section        0  printf.o(i.init_printf)
    i.k_mbx_create                           0x00000b98   Section        0  k_msg.o(i.k_mbx_create)
    i.k_mbx_destroy                          0x00000c2c   Section        0  k_msg.o(i.k_mbx_destroy)
    i.k_mbx_empty_pq                         0x00000cec   Section        0  k_msg.o(i.k_mbx_empty_pq)
    i.k_mbx_get                              0x00000da8   Section        0  k_msg.o(i.k_mbx_get)
    i.k_mbx_ls                               0x00000dec   Section        0  k_msg.o(i.k_mbx_ls)
    i.k_mbx_sender_unblock_receiver          0x00000e4c   Section        0  k_msg.o(i.k_mbx_sender_unblock_receiver)
    i.k_mem_init                             0x00000f00   Section        0  k_mem.o(i.k_mem_init)
    i.k_mpool_alloc                          0x00000f40   Section        0  k_mem.o(i.k_mpool_alloc)
    i.k_mpool_create                         0x00001074   Section        0  k_mem.o(i.k_mpool_create)
    i.k_mpool_dealloc                        0x00001120   Section        0  k_mem.o(i.k_mpool_dealloc)
    i.k_mpool_dump                           0x00001258   Section        0  k_mem.o(i.k_mpool_dump)
    i.k_pre_rtx_init                         0x000012e8   Section        0  k_rtx_init.o(i.k_pre_rtx_init)
    i.k_recv_msg                             0x00001314   Section        0  k_msg.o(i.k_recv_msg)
    i.k_recv_msg_nb                          0x000013b0   Section        0  k_msg.o(i.k_recv_msg_nb)
    i.k_rt_tsk_get                           0x00001450   Section        0  k_task.o(i.k_rt_tsk_get)
    i.k_rt_tsk_set                           0x000014c4   Section        0  k_task.o(i.k_rt_tsk_set)
    i.k_rt_tsk_susp                          0x0000157c   Section        0  k_task.o(i.k_rt_tsk_susp)
    i.k_rt_tsk_unsuspend                     0x00001680   Section        0  k_task.o(i.k_rt_tsk_unsuspend)
    i.k_rtx_init                             0x000016f0   Section        0  k_rtx_init.o(i.k_rtx_init)
    i.k_send_msg                             0x00001750   Section        0  k_msg.o(i.k_send_msg)
    i.k_send_msg_nb                          0x0000190c   Section        0  k_msg.o(i.k_send_msg_nb)
    i.k_tsk_create                           0x00001a08   Section        0  k_task.o(i.k_tsk_create)
    i.k_tsk_create_new                       0x00001b04   Section        0  k_task.o(i.k_tsk_create_new)
    i.k_tsk_earlier_deadline                 0x00001c40   Section        0  k_task.o(i.k_tsk_earlier_deadline)
    i.k_tsk_exit                             0x00001c58   Section        0  k_task.o(i.k_tsk_exit)
    i.k_tsk_get                              0x00001d84   Section        0  k_task.o(i.k_tsk_get)
    i.k_tsk_gettid                           0x00001e24   Section        0  k_task.o(i.k_tsk_gettid)
    i.k_tsk_init                             0x00001e30   Section        0  k_task.o(i.k_tsk_init)
    i.k_tsk_init_CDISP                       0x00001f6c   Section        0  k_task.o(i.k_tsk_init_CDISP)
    i.k_tsk_init_KCD                         0x00001f88   Section        0  k_task.o(i.k_tsk_init_KCD)
    i.k_tsk_init_WLCLK                       0x00001fa4   Section        0  k_task.o(i.k_tsk_init_WLCLK)
    i.k_tsk_init_first                       0x00001fc0   Section        0  k_task.o(i.k_tsk_init_first)
    i.k_tsk_ls                               0x00001fdc   Section        0  k_task.o(i.k_tsk_ls)
    i.k_tsk_msg_triage                       0x00002038   Section        0  k_task.o(i.k_tsk_msg_triage)
    i.k_tsk_run_new                          0x00002090   Section        0  k_task.o(i.k_tsk_run_new)
    i.k_tsk_set_prio                         0x000020f8   Section        0  k_task.o(i.k_tsk_set_prio)
    i.k_tsk_yield                            0x000022f8   Section        0  k_task.o(i.k_tsk_yield)
    i.log2_32                                0x00002318   Section        0  math.o(i.log2_32)
    i.main                                   0x00002344   Section        0  main.o(i.main)
    i.msg_buf_check_space_used               0x000023ac   Section        0  k_msg.o(i.msg_buf_check_space_used)
    msg_buf_check_space_used                 0x000023ad   Thumb Code    16  k_msg.o(i.msg_buf_check_space_used)
    i.msg_buf_destroy                        0x000023bc   Section        0  msg_buf.o(i.msg_buf_destroy)
    i.msg_buf_init                           0x000023dc   Section        0  msg_buf.o(i.msg_buf_init)
    i.msg_buf_pq_full                        0x00002416   Section        0  msg_buf.o(i.msg_buf_pq_full)
    i.msg_buf_recieve                        0x0000243a   Section        0  msg_buf.o(i.msg_buf_recieve)
    i.msg_buf_send                           0x000024a4   Section        0  msg_buf.o(i.msg_buf_send)
    i.msg_buf_space                          0x000024f2   Section        0  k_msg.o(i.msg_buf_space)
    msg_buf_space                            0x000024f3   Thumb Code    10  k_msg.o(i.msg_buf_space)
    i.print_all_tasks                        0x000024fc   Section        0  kcd_task.o(i.print_all_tasks)
    i.print_error                            0x00002580   Section        0  kcd_task.o(i.print_error)
    i.print_mailbox_tasks                    0x000025ac   Section        0  kcd_task.o(i.print_mailbox_tasks)
    i.putc                                   0x00002660   Section        0  uart_polling.o(i.putc)
    i.putchw                                 0x000026a4   Section        0  printf.o(i.putchw)
    putchw                                   0x000026a5   Thumb Code    82  printf.o(i.putchw)
    i.putcp                                  0x000026f6   Section        0  printf.o(i.putcp)
    putcp                                    0x000026f7   Thumb Code    10  printf.o(i.putcp)
    i.scheduler                              0x00002700   Section        0  k_task.o(i.scheduler)
    i.scheduler_triage                       0x00002764   Section        0  k_task.o(i.scheduler_triage)
    i.set_ae_init_tasks                      0x000027e4   Section        0  ae_tasks15_g30.o(i.set_ae_init_tasks)
    i.set_ae_tasks                           0x00002800   Section        0  ae_tasks15_g30.o(i.set_ae_tasks)
    i.set_timer_operation                    0x0000285c   Section        0  timer.o(i.set_timer_operation)
    i.split                                  0x00002870   Section        0  k_mem_utils.o(i.split)
    i.task1                                  0x000028e0   Section        0  ae_tasks15_g30.o(i.task1)
    i.task2                                  0x0000292c   Section        0  ae_tasks15_g30.o(i.task2)
    i.task3                                  0x0000297c   Section        0  ae_tasks15_g30.o(i.task3)
    i.task_cdisp                             0x000029cc   Section        0  cdisp_task.o(i.task_cdisp)
    i.task_kcd                               0x00002a2c   Section        0  kcd_task.o(i.task_kcd)
    i.task_null                              0x00002c4c   Section        0  null_task.o(i.task_null)
    i.task_wall_clock                        0x00002c54   Section        0  wall_clock_task.o(i.task_wall_clock)
    i.tfp_format                             0x00002dec   Section        0  printf.o(i.tfp_format)
    i.tfp_printf                             0x00002f14   Section        0  printf.o(i.tfp_printf)
    i.tfp_sprintf                            0x00002f40   Section        0  printf.o(i.tfp_sprintf)
    i.timer_freerun_init                     0x00002f6c   Section        0  timer.o(i.timer_freerun_init)
    i.timer_irq_init                         0x00003004   Section        0  timer.o(i.timer_irq_init)
    i.uart_init                              0x00003084   Section        0  uart_polling.o(i.uart_init)
    i.uart_irq_init                          0x000030f0   Section        0  uart_irq.o(i.uart_irq_init)
    i.uart_put_char                          0x000031c0   Section        0  uart_polling.o(i.uart_put_char)
    i.uart_put_string                        0x000031f4   Section        0  uart_polling.o(i.uart_put_string)
    i.ui2a                                   0x0000321a   Section        0  printf.o(i.ui2a)
    ui2a                                     0x0000321b   Thumb Code    86  printf.o(i.ui2a)
    i.upper_base2                            0x00003270   Section        0  math.o(i.upper_base2)
    i.wall_clock_reset                       0x00003294   Section        0  kcd_task.o(i.wall_clock_reset)
    i.wall_clock_set                         0x000032e4   Section        0  kcd_task.o(i.wall_clock_set)
    i.wall_clock_terminate                   0x00003334   Section        0  kcd_task.o(i.wall_clock_terminate)
    i.x_value_to_address                     0x00003388   Section        0  k_mem_utils.o(i.x_value_to_address)
    i.xk_to_bit                              0x00003390   Section        0  k_mem_utils.o(i.xk_to_bit)
    .constdata                               0x0000339c   Section      128  math.o(.constdata)
    .data                                    0x10003000   Section       31  uart_irq.o(.data)
    gp_buffer                                0x10003010   Data           4  uart_irq.o(.data)
    buffer                                   0x10003018   Data           4  uart_irq.o(.data)
    .data                                    0x10003020   Section       20  timer.o(.data)
    tm1_tick                                 0x1000302c   Data           8  timer.o(.data)
    .data                                    0x10003034   Section       24  k_mem.o(.data)
    .data                                    0x1000304c   Section        5  k_rtx_init.o(.data)
    .data                                    0x10003054   Section       16  k_task.o(.data)
    .data                                    0x10003064   Section        8  printf.o(.data)
    stdout_putf                              0x10003064   Data           4  printf.o(.data)
    stdout_putp                              0x10003068   Data           4  printf.o(.data)
    .data                                    0x1000306c   Section       16  main.o(.data)
    sys                                      0x1000306c   Data           8  main.o(.data)
    p_tasks                                  0x10003074   Data           4  main.o(.data)
    num                                      0x10003078   Data           4  main.o(.data)
    .bss                                     0x1000307c   Section      364  k_mem.o(.bss)
    .bss                                     0x100031e8   Section       88  k_rtx_init.o(.bss)
    .bss                                     0x10003240   Section     1036  k_task.o(.bss)
    .bss                                     0x1000364c   Section       46  ae_tasks15_g30.o(.bss)
    STACK                                    0x10003680   Section      512  startup_lpc17xx.o(STACK)

    Global Symbols

    Symbol Name                              Value     Ov Type        Size  Object(Section)

    BuildAttributes$$THM_ISAv4$P$D$K$B$S$PE$A:L22UL41UL21$X:L11$S22US41US21$IEEE1$IW$USESV6$~STKCKD$USESV7$~SHL$OSPACE$EBA8$MICROLIB$REQ8$PRES8$EABIv2 0x00000000   Number         0  anon$$obj.o ABSOLUTE
    __ARM_use_no_argv                        0x00000000   Number         0  main.o ABSOLUTE
    __Vectors                                0x00000000   Data           4  startup_lpc17xx.o(RESET)
    __arm_fini_                               - Undefined Weak Reference
    __cpp_initialize__aeabi_                  - Undefined Weak Reference
    __cxa_finalize                            - Undefined Weak Reference
    __decompress                              - Undefined Weak Reference
    _clock_init                               - Undefined Weak Reference
    _microlib_exit                            - Undefined Weak Reference
    __main                                   0x000000cd   Thumb Code     0  entry.o(.ARM.Collect$$$$00000000)
    _main_stk                                0x000000cd   Thumb Code     0  entry2.o(.ARM.Collect$$$$00000001)
    _main_scatterload                        0x000000d1   Thumb Code     0  entry5.o(.ARM.Collect$$$$00000004)
    __main_after_scatterload                 0x000000d5   Thumb Code     0  entry5.o(.ARM.Collect$$$$00000004)
    _main_clock                              0x000000d5   Thumb Code     0  entry7b.o(.ARM.Collect$$$$00000008)
    _main_cpp_init                           0x000000d5   Thumb Code     0  entry8b.o(.ARM.Collect$$$$0000000A)
    _main_init                               0x000000d5   Thumb Code     0  entry9a.o(.ARM.Collect$$$$0000000B)
    __rt_lib_shutdown_fini                   0x000000dd   Thumb Code     0  entry12b.o(.ARM.Collect$$$$0000000E)
    __rt_final_cpp                           0x000000e1   Thumb Code     0  entry10a.o(.ARM.Collect$$$$0000000F)
    __rt_final_exit                          0x000000e1   Thumb Code     0  entry11a.o(.ARM.Collect$$$$00000011)
    SVC_RTE                                  0x000000e5   Thumb Code     0  hal.o(.emb_text)
    __rte                                    0x000000e5   Thumb Code     8  hal.o(.emb_text)
    k_tsk_switch                             0x000000ed   Thumb Code    44  k_task.o(.emb_text)
    K_RESTORE                                0x000000ff   Thumb Code     0  k_task.o(.emb_text)
    k_tsk_start                              0x0000011d   Thumb Code     2  k_task.o(.emb_text)
    Reset_Handler                            0x00000121   Thumb Code     8  startup_lpc17xx.o(.text)
    NMI_Handler                              0x00000129   Thumb Code     2  startup_lpc17xx.o(.text)
    HardFault_Handler                        0x0000012b   Thumb Code     2  startup_lpc17xx.o(.text)
    MemManage_Handler                        0x0000012d   Thumb Code     2  startup_lpc17xx.o(.text)
    BusFault_Handler                         0x0000012f   Thumb Code     2  startup_lpc17xx.o(.text)
    UsageFault_Handler                       0x00000131   Thumb Code     2  startup_lpc17xx.o(.text)
    DebugMon_Handler                         0x00000135   Thumb Code     2  startup_lpc17xx.o(.text)
    PendSV_Handler                           0x00000137   Thumb Code     2  startup_lpc17xx.o(.text)
    SysTick_Handler                          0x00000139   Thumb Code     2  startup_lpc17xx.o(.text)
    ADC_IRQHandler                           0x0000013b   Thumb Code     0  startup_lpc17xx.o(.text)
    BOD_IRQHandler                           0x0000013b   Thumb Code     0  startup_lpc17xx.o(.text)
    CANActivity_IRQHandler                   0x0000013b   Thumb Code     0  startup_lpc17xx.o(.text)
    CAN_IRQHandler                           0x0000013b   Thumb Code     0  startup_lpc17xx.o(.text)
    DMA_IRQHandler                           0x0000013b   Thumb Code     0  startup_lpc17xx.o(.text)
    EINT0_IRQHandler                         0x0000013b   Thumb Code     0  startup_lpc17xx.o(.text)
    EINT1_IRQHandler                         0x0000013b   Thumb Code     0  startup_lpc17xx.o(.text)
    EINT2_IRQHandler                         0x0000013b   Thumb Code     0  startup_lpc17xx.o(.text)
    EINT3_IRQHandler                         0x0000013b   Thumb Code     0  startup_lpc17xx.o(.text)
    ENET_IRQHandler                          0x0000013b   Thumb Code     0  startup_lpc17xx.o(.text)
    I2C0_IRQHandler                          0x0000013b   Thumb Code     0  startup_lpc17xx.o(.text)
    I2C1_IRQHandler                          0x0000013b   Thumb Code     0  startup_lpc17xx.o(.text)
    I2C2_IRQHandler                          0x0000013b   Thumb Code     0  startup_lpc17xx.o(.text)
    I2S_IRQHandler                           0x0000013b   Thumb Code     0  startup_lpc17xx.o(.text)
    MCPWM_IRQHandler                         0x0000013b   Thumb Code     0  startup_lpc17xx.o(.text)
    PLL0_IRQHandler                          0x0000013b   Thumb Code     0  startup_lpc17xx.o(.text)
    PLL1_IRQHandler                          0x0000013b   Thumb Code     0  startup_lpc17xx.o(.text)
    PWM1_IRQHandler                          0x0000013b   Thumb Code     0  startup_lpc17xx.o(.text)
    QEI_IRQHandler                           0x0000013b   Thumb Code     0  startup_lpc17xx.o(.text)
    RIT_IRQHandler                           0x0000013b   Thumb Code     0  startup_lpc17xx.o(.text)
    RTC_IRQHandler                           0x0000013b   Thumb Code     0  startup_lpc17xx.o(.text)
    SPI_IRQHandler                           0x0000013b   Thumb Code     0  startup_lpc17xx.o(.text)
    SSP0_IRQHandler                          0x0000013b   Thumb Code     0  startup_lpc17xx.o(.text)
    SSP1_IRQHandler                          0x0000013b   Thumb Code     0  startup_lpc17xx.o(.text)
    TIMER1_IRQHandler                        0x0000013b   Thumb Code     0  startup_lpc17xx.o(.text)
    TIMER2_IRQHandler                        0x0000013b   Thumb Code     0  startup_lpc17xx.o(.text)
    TIMER3_IRQHandler                        0x0000013b   Thumb Code     0  startup_lpc17xx.o(.text)
    UART1_IRQHandler                         0x0000013b   Thumb Code     0  startup_lpc17xx.o(.text)
    UART2_IRQHandler                         0x0000013b   Thumb Code     0  startup_lpc17xx.o(.text)
    UART3_IRQHandler                         0x0000013b   Thumb Code     0  startup_lpc17xx.o(.text)
    USBActivity_IRQHandler                   0x0000013b   Thumb Code     0  startup_lpc17xx.o(.text)
    USB_IRQHandler                           0x0000013b   Thumb Code     0  startup_lpc17xx.o(.text)
    WDT_IRQHandler                           0x0000013b   Thumb Code     0  startup_lpc17xx.o(.text)
    __aeabi_memcpy                           0x00000145   Thumb Code    36  memcpya.o(.text)
    __aeabi_memcpy4                          0x00000145   Thumb Code     0  memcpya.o(.text)
    __aeabi_memcpy8                          0x00000145   Thumb Code     0  memcpya.o(.text)
    __aeabi_memset                           0x00000169   Thumb Code    14  memseta.o(.text)
    __aeabi_memset4                          0x00000169   Thumb Code     0  memseta.o(.text)
    __aeabi_memset8                          0x00000169   Thumb Code     0  memseta.o(.text)
    __aeabi_memclr                           0x00000177   Thumb Code     4  memseta.o(.text)
    __aeabi_memclr4                          0x00000177   Thumb Code     0  memseta.o(.text)
    __aeabi_memclr8                          0x00000177   Thumb Code     0  memseta.o(.text)
    _memset$wrapper                          0x0000017b   Thumb Code    18  memseta.o(.text)
    __scatterload                            0x0000018d   Thumb Code    28  init.o(.text)
    __scatterload_rt2                        0x0000018d   Thumb Code     0  init.o(.text)
    BA_Get                                   0x000001b1   Thumb Code    20  bit_array.o(i.BA_Get)
    BA_Toggle                                0x000001c5   Thumb Code    26  bit_array.o(i.BA_Toggle)
    FL_Insert                                0x000001df   Thumb Code    30  freelist.o(i.FL_Insert)
    FL_Insert_After                          0x000001fd   Thumb Code    74  freelist.o(i.FL_Insert_After)
    FL_Insert_Back                           0x00000247   Thumb Code    80  freelist.o(i.FL_Insert_Back)
    FL_Pop                                   0x00000297   Thumb Code    14  freelist.o(i.FL_Pop)
    FL_Print                                 0x000002a5   Thumb Code    22  freelist.o(i.FL_Print)
    FL_Remove                                0x000002bb   Thumb Code    44  freelist.o(i.FL_Remove)
    __scatterload_copy                       0x000002e7   Thumb Code    14  handlers.o(i.__scatterload_copy)
    __scatterload_null                       0x000002f5   Thumb Code     2  handlers.o(i.__scatterload_null)
    get_FL_layer                             0x000002f7   Thumb Code     6  k_mem_utils.o(i.get_FL_layer)
    FL_Sorted_Insert                         0x00000301   Thumb Code    94  freelist.o(i.FL_Sorted_Insert)
    SVC_Handler                              0x0000035f   Thumb Code   296  hal.o(i.SVC_Handler)
    SystemInit                               0x00000489   Thumb Code   302  system_lpc17xx.o(i.SystemInit)
    TIMER0_IRQHandler                        0x000005c9   Thumb Code   112  timer.o(i.TIMER0_IRQHandler)
    UART0_IRQHandler                         0x00000649   Thumb Code   266  uart_irq.o(i.UART0_IRQHandler)
    __scatterload_zeroinit                   0x0000079b   Thumb Code    14  handlers.o(i.__scatterload_zeroinit)
    ae_init                                  0x00000815   Thumb Code    48  ae.o(i.ae_init)
    ae_set_init_tasks_info                   0x00000845   Thumb Code    22  ae.o(i.ae_set_init_tasks_info)
    ae_set_sys_info                          0x0000085b   Thumb Code    22  ae.o(i.ae_set_sys_info)
    cbuf_deepcopy                            0x00000871   Thumb Code    56  cbuf.o(i.cbuf_deepcopy)
    cbuf_destroy                             0x000008a9   Thumb Code    44  cbuf.o(i.cbuf_destroy)
    cbuf_init                                0x000008d9   Thumb Code    50  cbuf.o(i.cbuf_init)
    cbuf_insert_back                         0x00000911   Thumb Code    82  cbuf.o(i.cbuf_insert_back)
    cbuf_peek_front                          0x00000963   Thumb Code    58  cbuf.o(i.cbuf_peek_front)
    cbuf_remove_front                        0x0000099d   Thumb Code    50  cbuf.o(i.cbuf_remove_front)
    check_size                               0x000009d1   Thumb Code    26  k_mem_utils.o(i.check_size)
    coalesce                                 0x000009f1   Thumb Code    92  k_mem_utils.o(i.coalesce)
    compute_deadline                         0x00000a4d   Thumb Code    32  k_task.o(i.compute_deadline)
    ctr_500usec                              0x00000a6d   Thumb Code     6  timer.o(i.ctr_500usec)
    display_wall_clock                       0x00000a79   Thumb Code   112  wall_clock_task.o(i.display_wall_clock)
    get_size_from_FL_index                   0x00000b05   Thumb Code    10  k_mem_utils.o(i.get_size_from_FL_index)
    get_tick                                 0x00000b11   Thumb Code    58  timer.o(i.get_tick)
    get_x_value                              0x00000b59   Thumb Code    10  k_mem_utils.o(i.get_x_value)
    init_printf                              0x00000b85   Thumb Code    10  printf.o(i.init_printf)
    k_mbx_create                             0x00000b99   Thumb Code   130  k_msg.o(i.k_mbx_create)
    k_mbx_destroy                            0x00000c2d   Thumb Code   182  k_msg.o(i.k_mbx_destroy)
    k_mbx_empty_pq                           0x00000ced   Thumb Code   180  k_msg.o(i.k_mbx_empty_pq)
    k_mbx_get                                0x00000da9   Thumb Code    60  k_msg.o(i.k_mbx_get)
    k_mbx_ls                                 0x00000ded   Thumb Code    86  k_msg.o(i.k_mbx_ls)
    k_mbx_sender_unblock_receiver            0x00000e4d   Thumb Code   176  k_msg.o(i.k_mbx_sender_unblock_receiver)
    k_mem_init                               0x00000f01   Thumb Code    48  k_mem.o(i.k_mem_init)
    k_mpool_alloc                            0x00000f41   Thumb Code   262  k_mem.o(i.k_mpool_alloc)
    k_mpool_create                           0x00001075   Thumb Code   128  k_mem.o(i.k_mpool_create)
    k_mpool_dealloc                          0x00001121   Thumb Code   268  k_mem.o(i.k_mpool_dealloc)
    k_mpool_dump                             0x00001259   Thumb Code    94  k_mem.o(i.k_mpool_dump)
    k_pre_rtx_init                           0x000012e9   Thumb Code    42  k_rtx_init.o(i.k_pre_rtx_init)
    k_recv_msg                               0x00001315   Thumb Code   140  k_msg.o(i.k_recv_msg)
    k_recv_msg_nb                            0x000013b1   Thumb Code   144  k_msg.o(i.k_recv_msg_nb)
    k_rt_tsk_get                             0x00001451   Thumb Code   102  k_task.o(i.k_rt_tsk_get)
    k_rt_tsk_set                             0x000014c5   Thumb Code   174  k_task.o(i.k_rt_tsk_set)
    k_rt_tsk_susp                            0x0000157d   Thumb Code   204  k_task.o(i.k_rt_tsk_susp)
    k_rt_tsk_unsuspend                       0x00001681   Thumb Code   108  k_task.o(i.k_rt_tsk_unsuspend)
    k_rtx_init                               0x000016f1   Thumb Code    86  k_rtx_init.o(i.k_rtx_init)
    k_send_msg                               0x00001751   Thumb Code   432  k_msg.o(i.k_send_msg)
    k_send_msg_nb                            0x0000190d   Thumb Code   238  k_msg.o(i.k_send_msg_nb)
    k_tsk_create                             0x00001a09   Thumb Code   232  k_task.o(i.k_tsk_create)
    k_tsk_create_new                         0x00001b05   Thumb Code   306  k_task.o(i.k_tsk_create_new)
    k_tsk_earlier_deadline                   0x00001c41   Thumb Code    22  k_task.o(i.k_tsk_earlier_deadline)
    k_tsk_exit                               0x00001c59   Thumb Code   252  k_task.o(i.k_tsk_exit)
    k_tsk_get                                0x00001d85   Thumb Code   146  k_task.o(i.k_tsk_get)
    k_tsk_gettid                             0x00001e25   Thumb Code     8  k_task.o(i.k_tsk_gettid)
    k_tsk_init                               0x00001e31   Thumb Code   290  k_task.o(i.k_tsk_init)
    k_tsk_init_CDISP                         0x00001f6d   Thumb Code    24  k_task.o(i.k_tsk_init_CDISP)
    k_tsk_init_KCD                           0x00001f89   Thumb Code    24  k_task.o(i.k_tsk_init_KCD)
    k_tsk_init_WLCLK                         0x00001fa5   Thumb Code    24  k_task.o(i.k_tsk_init_WLCLK)
    k_tsk_init_first                         0x00001fc1   Thumb Code    22  k_task.o(i.k_tsk_init_first)
    k_tsk_ls                                 0x00001fdd   Thumb Code    84  k_task.o(i.k_tsk_ls)
    k_tsk_msg_triage                         0x00002039   Thumb Code    84  k_task.o(i.k_tsk_msg_triage)
    k_tsk_run_new                            0x00002091   Thumb Code    98  k_task.o(i.k_tsk_run_new)
    k_tsk_set_prio                           0x000020f9   Thumb Code   496  k_task.o(i.k_tsk_set_prio)
    k_tsk_yield                              0x000022f9   Thumb Code    28  k_task.o(i.k_tsk_yield)
    log2_32                                  0x00002319   Thumb Code    36  math.o(i.log2_32)
    main                                     0x00002345   Thumb Code    84  main.o(i.main)
    msg_buf_destroy                          0x000023bd   Thumb Code    32  msg_buf.o(i.msg_buf_destroy)
    msg_buf_init                             0x000023dd   Thumb Code    58  msg_buf.o(i.msg_buf_init)
    msg_buf_pq_full                          0x00002417   Thumb Code    36  msg_buf.o(i.msg_buf_pq_full)
    msg_buf_recieve                          0x0000243b   Thumb Code   106  msg_buf.o(i.msg_buf_recieve)
    msg_buf_send                             0x000024a5   Thumb Code    78  msg_buf.o(i.msg_buf_send)
    print_all_tasks                          0x000024fd   Thumb Code   102  kcd_task.o(i.print_all_tasks)
    print_error                              0x00002581   Thumb Code    44  kcd_task.o(i.print_error)
    print_mailbox_tasks                      0x000025ad   Thumb Code   144  kcd_task.o(i.print_mailbox_tasks)
    putc                                     0x00002661   Thumb Code    28  uart_polling.o(i.putc)
    scheduler                                0x00002701   Thumb Code    90  k_task.o(i.scheduler)
    scheduler_triage                         0x00002765   Thumb Code   120  k_task.o(i.scheduler_triage)
    set_ae_init_tasks                        0x000027e5   Thumb Code    24  ae_tasks15_g30.o(i.set_ae_init_tasks)
    set_ae_tasks                             0x00002801   Thumb Code    78  ae_tasks15_g30.o(i.set_ae_tasks)
    set_timer_operation                      0x0000285d   Thumb Code    16  timer.o(i.set_timer_operation)
    split                                    0x00002871   Thumb Code   110  k_mem_utils.o(i.split)
    task1                                    0x000028e1   Thumb Code    46  ae_tasks15_g30.o(i.task1)
    task2                                    0x0000292d   Thumb Code    46  ae_tasks15_g30.o(i.task2)
    task3                                    0x0000297d   Thumb Code    46  ae_tasks15_g30.o(i.task3)
    task_cdisp                               0x000029cd   Thumb Code    92  cdisp_task.o(i.task_cdisp)
    task_kcd                                 0x00002a2d   Thumb Code   500  kcd_task.o(i.task_kcd)
    task_null                                0x00002c4d   Thumb Code     6  null_task.o(i.task_null)
    task_wall_clock                          0x00002c55   Thumb Code   380  wall_clock_task.o(i.task_wall_clock)
    tfp_format                               0x00002ded   Thumb Code   296  printf.o(i.tfp_format)
    tfp_printf                               0x00002f15   Thumb Code    34  printf.o(i.tfp_printf)
    tfp_sprintf                              0x00002f41   Thumb Code    38  printf.o(i.tfp_sprintf)
    timer_freerun_init                       0x00002f6d   Thumb Code   136  timer.o(i.timer_freerun_init)
    timer_irq_init                           0x00003005   Thumb Code   114  timer.o(i.timer_irq_init)
    uart_init                                0x00003085   Thumb Code    96  uart_polling.o(i.uart_init)
    uart_irq_init                            0x000030f1   Thumb Code   184  uart_irq.o(i.uart_irq_init)
    uart_put_char                            0x000031c1   Thumb Code    42  uart_polling.o(i.uart_put_char)
    uart_put_string                          0x000031f5   Thumb Code    38  uart_polling.o(i.uart_put_string)
    upper_base2                              0x00003271   Thumb Code    34  math.o(i.upper_base2)
    wall_clock_reset                         0x00003295   Thumb Code    50  kcd_task.o(i.wall_clock_reset)
    wall_clock_set                           0x000032e5   Thumb Code    56  kcd_task.o(i.wall_clock_set)
    wall_clock_terminate                     0x00003335   Thumb Code    50  kcd_task.o(i.wall_clock_terminate)
    x_value_to_address                       0x00003389   Thumb Code     8  k_mem_utils.o(i.x_value_to_address)
    xk_to_bit                                0x00003391   Thumb Code    12  k_mem_utils.o(i.xk_to_bit)
    tab32                                    0x0000339c   Data         128  math.o(.constdata)
    Region$$Table$$Base                      0x0000341c   Number         0  anon$$obj.o(Region$$Table)
    Region$$Table$$Limit                     0x0000343c   Number         0  anon$$obj.o(Region$$Table)
    g_buffer                                 0x10003000   Data          16  uart_irq.o(.data)
    g_send_char                              0x10003014   Data           1  uart_irq.o(.data)
    g_char_in                                0x10003015   Data           1  uart_irq.o(.data)
    g_tx_irq                                 0x10003016   Data           1  uart_irq.o(.data)
    g_switch_flag                            0x10003017   Data           1  uart_irq.o(.data)
    len                                      0x1000301c   Data           1  uart_irq.o(.data)
    counter                                  0x1000301d   Data           1  uart_irq.o(.data)
    reset_flag                               0x1000301e   Data           1  uart_irq.o(.data)
    g_timer_count                            0x10003020   Data           4  timer.o(.data)
    g_irq_exec_time                          0x10003024   Data           4  timer.o(.data)
    tm0_k_irq                                0x10003028   Data           4  timer.o(.data)
    RAM1_END_u                               0x10003034   Data           4  k_mem.o(.data)
    RAM2_END_u                               0x10003038   Data           4  k_mem.o(.data)
    mpool1_size                              0x1000303c   Data           4  k_mem.o(.data)
    log2_mpool1_size                         0x10003040   Data           4  k_mem.o(.data)
    mpool2_size                              0x10003044   Data           4  k_mem.o(.data)
    log2_mpool2_size                         0x10003048   Data           4  k_mem.o(.data)
    errno                                    0x1000304c   Data           4  k_rtx_init.o(.data)
    g_current_irq                            0x10003050   Data           1  k_rtx_init.o(.data)
    gp_current_task                          0x10003054   Data           4  k_task.o(.data)
    g_null_task                              0x10003058   Data           4  k_task.o(.data)
    g_num_active_tasks                       0x1000305c   Data           4  k_task.o(.data)
    g_rt_suspended                           0x10003060   Data           4  k_task.o(.data)
    IRAM1_Bit_Array                          0x1000307c   Data          32  k_mem.o(.bss)
    IRAM2_Bit_Array                          0x1000309c   Data         256  k_mem.o(.bss)
    IRAM1_FL_Array                           0x1000319c   Data          32  k_mem.o(.bss)
    IRAM2_FL_Array                           0x100031bc   Data          44  k_mem.o(.bss)
    g_irq_mbxs                               0x100031e8   Data          88  k_rtx_init.o(.bss)
    g_tcbs                                   0x10003240   Data        1000  k_task.o(.bss)
    g_null_task_info                         0x10003628   Data          12  k_task.o(.bss)
    g_pq_arr                                 0x10003634   Data          24  k_task.o(.bss)
    g_init_tasks                             0x1000364c   Data          36  ae_tasks15_g30.o(.bss)
    g_tids                                   0x10003670   Data          10  ae_tasks15_g30.o(.bss)
    __initial_sp                             0x10003880   Data           0  startup_lpc17xx.o(STACK)



==============================================================================

Memory Map of the image

  Image Entry point : 0x000000cd

  Load Region LR_IROM1 (Base: 0x00000000, Size: 0x000034b8, Max: 0x00080000, ABSOLUTE)

    Execution Region ER_IROM1 (Exec base: 0x00000000, Load base: 0x00000000, Size: 0x0000343c, Max: 0x00080000, ABSOLUTE)

    Exec Addr    Load Addr    Size         Type   Attr      Idx    E Section Name        Object

    0x00000000   0x00000000   0x000000cc   Data   RO         1192    RESET               startup_lpc17xx.o
    0x000000cc   0x000000cc   0x00000000   Code   RO         1236  * .ARM.Collect$$$$00000000  mc_w.l(entry.o)
    0x000000cc   0x000000cc   0x00000004   Code   RO         1247    .ARM.Collect$$$$00000001  mc_w.l(entry2.o)
    0x000000d0   0x000000d0   0x00000004   Code   RO         1250    .ARM.Collect$$$$00000004  mc_w.l(entry5.o)
    0x000000d4   0x000000d4   0x00000000   Code   RO         1252    .ARM.Collect$$$$00000008  mc_w.l(entry7b.o)
    0x000000d4   0x000000d4   0x00000000   Code   RO         1254    .ARM.Collect$$$$0000000A  mc_w.l(entry8b.o)
    0x000000d4   0x000000d4   0x00000008   Code   RO         1255    .ARM.Collect$$$$0000000B  mc_w.l(entry9a.o)
    0x000000dc   0x000000dc   0x00000004   Code   RO         1262    .ARM.Collect$$$$0000000E  mc_w.l(entry12b.o)
    0x000000e0   0x000000e0   0x00000000   Code   RO         1257    .ARM.Collect$$$$0000000F  mc_w.l(entry10a.o)
    0x000000e0   0x000000e0   0x00000000   Code   RO         1259    .ARM.Collect$$$$00000011  mc_w.l(entry11a.o)
    0x000000e0   0x000000e0   0x00000004   Code   RO         1248    .ARM.Collect$$$$00002712  mc_w.l(entry2.o)
    0x000000e4   0x000000e4   0x00000008   Code   RO          262    .emb_text           hal.o
    0x000000ec   0x000000ec   0x00000032   Code   RO          518    .emb_text           k_task.o
    0x0000011e   0x0000011e   0x00000002   PAD
    0x00000120   0x00000120   0x00000024   Code   RO         1194    .text               startup_lpc17xx.o
    0x00000144   0x00000144   0x00000024   Code   RO         1241    .text               mc_w.l(memcpya.o)
    0x00000168   0x00000168   0x00000024   Code   RO         1243    .text               mc_w.l(memseta.o)
    0x0000018c   0x0000018c   0x00000024   Code   RO         1330    .text               mc_w.l(init.o)
    0x000001b0   0x000001b0   0x00000014   Code   RO          939    i.BA_Get            bit_array.o
    0x000001c4   0x000001c4   0x0000001a   Code   RO          941    i.BA_Toggle         bit_array.o
    0x000001de   0x000001de   0x0000001e   Code   RO          966    i.FL_Insert         freelist.o
    0x000001fc   0x000001fc   0x0000004a   Code   RO          967    i.FL_Insert_After   freelist.o
    0x00000246   0x00000246   0x00000050   Code   RO          968    i.FL_Insert_Back    freelist.o
    0x00000296   0x00000296   0x0000000e   Code   RO          969    i.FL_Pop            freelist.o
    0x000002a4   0x000002a4   0x00000016   Code   RO          970    i.FL_Print          freelist.o
    0x000002ba   0x000002ba   0x0000002c   Code   RO          971    i.FL_Remove         freelist.o
    0x000002e6   0x000002e6   0x0000000e   Code   RO         1435    i.__scatterload_copy  mc_w.l(handlers.o)
    0x000002f4   0x000002f4   0x00000002   Code   RO         1436    i.__scatterload_null  mc_w.l(handlers.o)
    0x000002f6   0x000002f6   0x00000006   Code   RO         1019    i.get_FL_layer      k_mem_utils.o
    0x000002fc   0x000002fc   0x00000004   Code   RO         1193    .ARM.__at_0x02FC    startup_lpc17xx.o
    0x00000300   0x00000300   0x0000005e   Code   RO          972    i.FL_Sorted_Insert  freelist.o
    0x0000035e   0x0000035e   0x00000128   Code   RO          263    i.SVC_Handler       hal.o
    0x00000486   0x00000486   0x00000002   PAD
    0x00000488   0x00000488   0x00000140   Code   RO         1204    i.SystemInit        system_lpc17xx.o
    0x000005c8   0x000005c8   0x00000080   Code   RO          198    i.TIMER0_IRQHandler  timer.o
    0x00000648   0x00000648   0x00000130   Code   RO           87    i.UART0_IRQHandler  uart_irq.o
    0x00000778   0x00000778   0x00000022   Code   RO           88    i.__NVIC_EnableIRQ  uart_irq.o
    0x0000079a   0x0000079a   0x0000000e   Code   RO         1437    i.__scatterload_zeroinit  mc_w.l(handlers.o)
    0x000007a8   0x000007a8   0x00000032   Code   RO          693    i.a2d               printf.o
    0x000007da   0x000007da   0x0000003a   Code   RO          694    i.a2i               printf.o
    0x00000814   0x00000814   0x00000030   Code   RO         1333    i.ae_init           ae-lib-sim.lib(ae.o)
    0x00000844   0x00000844   0x00000016   Code   RO         1334    i.ae_set_init_tasks_info  ae-lib-sim.lib(ae.o)
    0x0000085a   0x0000085a   0x00000016   Code   RO         1335    i.ae_set_sys_info   ae-lib-sim.lib(ae.o)
    0x00000870   0x00000870   0x00000038   Code   RO         1090    i.cbuf_deepcopy     cbuf.o
    0x000008a8   0x000008a8   0x00000030   Code   RO         1091    i.cbuf_destroy      cbuf.o
    0x000008d8   0x000008d8   0x00000038   Code   RO         1092    i.cbuf_init         cbuf.o
    0x00000910   0x00000910   0x00000052   Code   RO         1093    i.cbuf_insert_back  cbuf.o
    0x00000962   0x00000962   0x0000003a   Code   RO         1094    i.cbuf_peek_front   cbuf.o
    0x0000099c   0x0000099c   0x00000032   Code   RO         1095    i.cbuf_remove_front  cbuf.o
    0x000009ce   0x000009ce   0x00000002   PAD
    0x000009d0   0x000009d0   0x00000020   Code   RO         1017    i.check_size        k_mem_utils.o
    0x000009f0   0x000009f0   0x0000005c   Code   RO         1018    i.coalesce          k_mem_utils.o
    0x00000a4c   0x00000a4c   0x00000020   Code   RO          519    i.compute_deadline  k_task.o
    0x00000a6c   0x00000a6c   0x0000000c   Code   RO          199    i.ctr_500usec       timer.o
    0x00000a78   0x00000a78   0x0000008c   Code   RO          876    i.display_wall_clock  wall_clock_task.o
    0x00000b04   0x00000b04   0x0000000a   Code   RO         1020    i.get_size_from_FL_index  k_mem_utils.o
    0x00000b0e   0x00000b0e   0x00000002   PAD
    0x00000b10   0x00000b10   0x00000048   Code   RO          200    i.get_tick          timer.o
    0x00000b58   0x00000b58   0x0000000a   Code   RO         1021    i.get_x_value       k_mem_utils.o
    0x00000b62   0x00000b62   0x00000020   Code   RO          695    i.i2a               printf.o
    0x00000b82   0x00000b82   0x00000002   PAD
    0x00000b84   0x00000b84   0x00000014   Code   RO          696    i.init_printf       printf.o
    0x00000b98   0x00000b98   0x00000094   Code   RO          373    i.k_mbx_create      k_msg.o
    0x00000c2c   0x00000c2c   0x000000c0   Code   RO          374    i.k_mbx_destroy     k_msg.o
    0x00000cec   0x00000cec   0x000000bc   Code   RO          375    i.k_mbx_empty_pq    k_msg.o
    0x00000da8   0x00000da8   0x00000044   Code   RO          376    i.k_mbx_get         k_msg.o
    0x00000dec   0x00000dec   0x00000060   Code   RO          377    i.k_mbx_ls          k_msg.o
    0x00000e4c   0x00000e4c   0x000000b4   Code   RO          378    i.k_mbx_sender_unblock_receiver  k_msg.o
    0x00000f00   0x00000f00   0x00000040   Code   RO          316    i.k_mem_init        k_mem.o
    0x00000f40   0x00000f40   0x00000134   Code   RO          317    i.k_mpool_alloc     k_mem.o
    0x00001074   0x00001074   0x000000ac   Code   RO          318    i.k_mpool_create    k_mem.o
    0x00001120   0x00001120   0x00000138   Code   RO          319    i.k_mpool_dealloc   k_mem.o
    0x00001258   0x00001258   0x00000090   Code   RO          320    i.k_mpool_dump      k_mem.o
    0x000012e8   0x000012e8   0x0000002a   Code   RO          469    i.k_pre_rtx_init    k_rtx_init.o
    0x00001312   0x00001312   0x00000002   PAD
    0x00001314   0x00001314   0x0000009c   Code   RO          379    i.k_recv_msg        k_msg.o
    0x000013b0   0x000013b0   0x000000a0   Code   RO          380    i.k_recv_msg_nb     k_msg.o
    0x00001450   0x00001450   0x00000074   Code   RO          520    i.k_rt_tsk_get      k_task.o
    0x000014c4   0x000014c4   0x000000b8   Code   RO          521    i.k_rt_tsk_set      k_task.o
    0x0000157c   0x0000157c   0x00000104   Code   RO          522    i.k_rt_tsk_susp     k_task.o
    0x00001680   0x00001680   0x00000070   Code   RO          523    i.k_rt_tsk_unsuspend  k_task.o
    0x000016f0   0x000016f0   0x00000060   Code   RO          470    i.k_rtx_init        k_rtx_init.o
    0x00001750   0x00001750   0x000001bc   Code   RO          381    i.k_send_msg        k_msg.o
    0x0000190c   0x0000190c   0x000000fc   Code   RO          382    i.k_send_msg_nb     k_msg.o
    0x00001a08   0x00001a08   0x000000fc   Code   RO          524    i.k_tsk_create      k_task.o
    0x00001b04   0x00001b04   0x0000013c   Code   RO          525    i.k_tsk_create_new  k_task.o
    0x00001c40   0x00001c40   0x00000016   Code   RO          526    i.k_tsk_earlier_deadline  k_task.o
    0x00001c56   0x00001c56   0x00000002   PAD
    0x00001c58   0x00001c58   0x0000012c   Code   RO          527    i.k_tsk_exit        k_task.o
    0x00001d84   0x00001d84   0x000000a0   Code   RO          528    i.k_tsk_get         k_task.o
    0x00001e24   0x00001e24   0x0000000c   Code   RO          529    i.k_tsk_gettid      k_task.o
    0x00001e30   0x00001e30   0x0000013c   Code   RO          530    i.k_tsk_init        k_task.o
    0x00001f6c   0x00001f6c   0x0000001c   Code   RO          531    i.k_tsk_init_CDISP  k_task.o
    0x00001f88   0x00001f88   0x0000001c   Code   RO          532    i.k_tsk_init_KCD    k_task.o
    0x00001fa4   0x00001fa4   0x0000001c   Code   RO          533    i.k_tsk_init_WLCLK  k_task.o
    0x00001fc0   0x00001fc0   0x0000001c   Code   RO          534    i.k_tsk_init_first  k_task.o
    0x00001fdc   0x00001fdc   0x0000005c   Code   RO          535    i.k_tsk_ls          k_task.o
    0x00002038   0x00002038   0x00000058   Code   RO          536    i.k_tsk_msg_triage  k_task.o
    0x00002090   0x00002090   0x00000068   Code   RO          537    i.k_tsk_run_new     k_task.o
    0x000020f8   0x000020f8   0x00000200   Code   RO          538    i.k_tsk_set_prio    k_task.o
    0x000022f8   0x000022f8   0x00000020   Code   RO          539    i.k_tsk_yield       k_task.o
    0x00002318   0x00002318   0x0000002c   Code   RO          903    i.log2_32           math.o
    0x00002344   0x00002344   0x00000068   Code   RO         1269    i.main              ae-lib-sim.lib(main.o)
    0x000023ac   0x000023ac   0x00000010   Code   RO          383    i.msg_buf_check_space_used  k_msg.o
    0x000023bc   0x000023bc   0x00000020   Code   RO         1151    i.msg_buf_destroy   msg_buf.o
    0x000023dc   0x000023dc   0x0000003a   Code   RO         1152    i.msg_buf_init      msg_buf.o
    0x00002416   0x00002416   0x00000024   Code   RO         1153    i.msg_buf_pq_full   msg_buf.o
    0x0000243a   0x0000243a   0x0000006a   Code   RO         1154    i.msg_buf_recieve   msg_buf.o
    0x000024a4   0x000024a4   0x0000004e   Code   RO         1155    i.msg_buf_send      msg_buf.o
    0x000024f2   0x000024f2   0x0000000a   Code   RO          384    i.msg_buf_space     k_msg.o
    0x000024fc   0x000024fc   0x00000084   Code   RO          792    i.print_all_tasks   kcd_task.o
    0x00002580   0x00002580   0x0000002c   Code   RO          793    i.print_error       kcd_task.o
    0x000025ac   0x000025ac   0x000000b4   Code   RO          794    i.print_mailbox_tasks  kcd_task.o
    0x00002660   0x00002660   0x00000044   Code   RO            4    i.putc              uart_polling.o
    0x000026a4   0x000026a4   0x00000052   Code   RO          697    i.putchw            printf.o
    0x000026f6   0x000026f6   0x0000000a   Code   RO          698    i.putcp             printf.o
    0x00002700   0x00002700   0x00000064   Code   RO          540    i.scheduler         k_task.o
    0x00002764   0x00002764   0x00000080   Code   RO          541    i.scheduler_triage  k_task.o
    0x000027e4   0x000027e4   0x0000001c   Code   RO         1368    i.set_ae_init_tasks  ae-lib-sim.lib(ae_tasks15_g30.o)
    0x00002800   0x00002800   0x0000005c   Code   RO         1369    i.set_ae_tasks      ae-lib-sim.lib(ae_tasks15_g30.o)
    0x0000285c   0x0000285c   0x00000014   Code   RO          201    i.set_timer_operation  timer.o
    0x00002870   0x00002870   0x0000006e   Code   RO         1022    i.split             k_mem_utils.o
    0x000028de   0x000028de   0x00000002   PAD
    0x000028e0   0x000028e0   0x0000004c   Code   RO         1370    i.task1             ae-lib-sim.lib(ae_tasks15_g30.o)
    0x0000292c   0x0000292c   0x00000050   Code   RO         1371    i.task2             ae-lib-sim.lib(ae_tasks15_g30.o)
    0x0000297c   0x0000297c   0x00000050   Code   RO         1372    i.task3             ae-lib-sim.lib(ae_tasks15_g30.o)
    0x000029cc   0x000029cc   0x00000060   Code   RO          758    i.task_cdisp        cdisp_task.o
    0x00002a2c   0x00002a2c   0x00000220   Code   RO          795    i.task_kcd          kcd_task.o
    0x00002c4c   0x00002c4c   0x00000006   Code   RO          852    i.task_null         null_task.o
    0x00002c52   0x00002c52   0x00000002   PAD
    0x00002c54   0x00002c54   0x00000198   Code   RO          877    i.task_wall_clock   wall_clock_task.o
    0x00002dec   0x00002dec   0x00000128   Code   RO          699    i.tfp_format        printf.o
    0x00002f14   0x00002f14   0x0000002c   Code   RO          700    i.tfp_printf        printf.o
    0x00002f40   0x00002f40   0x0000002c   Code   RO          701    i.tfp_sprintf       printf.o
    0x00002f6c   0x00002f6c   0x00000098   Code   RO          202    i.timer_freerun_init  timer.o
    0x00003004   0x00003004   0x00000080   Code   RO          203    i.timer_irq_init    timer.o
    0x00003084   0x00003084   0x0000006c   Code   RO            6    i.uart_init         uart_polling.o
    0x000030f0   0x000030f0   0x000000d0   Code   RO           89    i.uart_irq_init     uart_irq.o
    0x000031c0   0x000031c0   0x00000034   Code   RO            7    i.uart_put_char     uart_polling.o
    0x000031f4   0x000031f4   0x00000026   Code   RO            8    i.uart_put_string   uart_polling.o
    0x0000321a   0x0000321a   0x00000056   Code   RO          702    i.ui2a              printf.o
    0x00003270   0x00003270   0x00000022   Code   RO          906    i.upper_base2       math.o
    0x00003292   0x00003292   0x00000002   PAD
    0x00003294   0x00003294   0x00000050   Code   RO          796    i.wall_clock_reset  kcd_task.o
    0x000032e4   0x000032e4   0x00000050   Code   RO          797    i.wall_clock_set    kcd_task.o
    0x00003334   0x00003334   0x00000054   Code   RO          798    i.wall_clock_terminate  kcd_task.o
    0x00003388   0x00003388   0x00000008   Code   RO         1023    i.x_value_to_address  k_mem_utils.o
    0x00003390   0x00003390   0x0000000c   Code   RO         1024    i.xk_to_bit         k_mem_utils.o
    0x0000339c   0x0000339c   0x00000080   Data   RO          907    .constdata          math.o
    0x0000341c   0x0000341c   0x00000020   Data   RO         1433    Region$$Table       anon$$obj.o


    Execution Region RW_IRAM1 (Exec base: 0x10003000, Load base: 0x0000343c, Size: 0x00000880, Max: 0x00004000, ABSOLUTE)

    Exec Addr    Load Addr    Size         Type   Attr      Idx    E Section Name        Object

    0x10003000   0x0000343c   0x0000001f   Data   RW           90    .data               uart_irq.o
    0x1000301f   0x0000345b   0x00000001   PAD
    0x10003020   0x0000345c   0x00000014   Data   RW          204    .data               timer.o
    0x10003034   0x00003470   0x00000018   Data   RW          323    .data               k_mem.o
    0x1000304c   0x00003488   0x00000005   Data   RW          472    .data               k_rtx_init.o
    0x10003051   0x0000348d   0x00000003   PAD
    0x10003054   0x00003490   0x00000010   Data   RW          544    .data               k_task.o
    0x10003064   0x000034a0   0x00000008   Data   RW          703    .data               printf.o
    0x1000306c   0x000034a8   0x00000010   Data   RW         1270    .data               ae-lib-sim.lib(main.o)
    0x1000307c        -       0x0000016c   Zero   RW          321    .bss                k_mem.o
    0x100031e8        -       0x00000058   Zero   RW          471    .bss                k_rtx_init.o
    0x10003240        -       0x0000040c   Zero   RW          543    .bss                k_task.o
    0x1000364c        -       0x0000002e   Zero   RW         1375    .bss                ae-lib-sim.lib(ae_tasks15_g30.o)
    0x1000367a   0x000034b8   0x00000006   PAD
    0x10003680        -       0x00000200   Zero   RW         1190    STACK               startup_lpc17xx.o


==============================================================================

Image component sizes


      Code (inc. data)   RO Data    RW Data    ZI Data      Debug   Object Name

        46          0          0          0          0       1053   bit_array.o
       350         10          0          0          0       4772   cbuf.o
        96          4          0          0          0       1081   cdisp_task.o
       358          0          0          0          0       5026   freelist.o
       304         24          0          0          0       4994   hal.o
      1000        200          0         24        364       5581   k_mem.o
       280          6          0          0          0       8299   k_mem_utils.o
      1910        116          0          0          0      11577   k_msg.o
       138         10          0          5         88       7254   k_rtx_init.o
      3300        290          0         16       1036      21952   k_task.o
      1144        198          0          0          0       5476   kcd_task.o
        78          8        128          0          0       1580   math.o
       310          0          0          0          0       4620   msg_buf.o
         6          0          0          0          0        404   null_task.o
       722         26          0          8          0       6506   printf.o
        40         12        204          0        512       1008   startup_lpc17xx.o
       320         18          0          0          0        581   system_lpc17xx.o
       512         70          0         20          0      31366   timer.o
       546         62          0         31          0      34545   uart_irq.o
       266         62          0          0          0      24289   uart_polling.o
       548         56          0          0          0       2311   wall_clock_task.o

    ----------------------------------------------------------------------
     12294       1172        364        108       2000     184275   Object Totals
         0          0         32          0          0          0   (incl. Generated)
        20          0          0          4          0          0   (incl. Padding)

    ----------------------------------------------------------------------

      Code (inc. data)   RO Data    RW Data    ZI Data      Debug   Library Member Name

        92          0          0          0          0       4525   ae.o
       356        116          0          0         46       3647   ae_tasks15_g30.o
       104         20          0         16          0       4927   main.o
         0          0          0          0          0          0   entry.o
         0          0          0          0          0          0   entry10a.o
         0          0          0          0          0          0   entry11a.o
         4          0          0          0          0          0   entry12b.o
         8          4          0          0          0          0   entry2.o
         4          0          0          0          0          0   entry5.o
         0          0          0          0          0          0   entry7b.o
         0          0          0          0          0          0   entry8b.o
         8          4          0          0          0          0   entry9a.o
        30          0          0          0          0          0   handlers.o
        36          8          0          0          0         68   init.o
        36          0          0          0          0         68   memcpya.o
        36          0          0          0          0        108   memseta.o

    ----------------------------------------------------------------------
       714        152          0         16         52      13343   Library Totals
         0          0          0          0          6          0   (incl. Padding)

    ----------------------------------------------------------------------

      Code (inc. data)   RO Data    RW Data    ZI Data      Debug   Library Name

       552        136          0         16         46      13099   ae-lib-sim.lib
       162         16          0          0          0        244   mc_w.l

    ----------------------------------------------------------------------
       714        152          0         16         52      13343   Library Totals

    ----------------------------------------------------------------------

==============================================================================


      Code (inc. data)   RO Data    RW Data    ZI Data      Debug   

     13008       1324        364        124       2052     191738   Grand Totals
     13008       1324        364        124       2052     191738   ELF Image Totals
     13008       1324        364        124          0          0   ROM Totals

==============================================================================

    Total RO  Size (Code + RO Data)                13372 (  13.06kB)
    Total RW  Size (RW Data + ZI Data)              2176 (   2.13kB)
    Total ROM Size (Code + RO Data + RW Data)      13496 (  13.18kB)

==============================================================================

